
> server@1.0.0 test
> cross-env NODE_ENV=test vitest run

node.exe : Γצ▓ [WARNING] Duplicate key "mongodb-memory-server" in 
object literal [duplicate-object-key]
At C:\Program Files\nodejs\npm.ps1:29 char:3
+   & $NODE_EXE $NPM_CLI_JS $args
+   ~~~~~~~~~~~~~~~~~~~~~~~~~~~~~
    + CategoryInfo          : NotSpecified: (Γצ▓ [WARNING] D...ate-ob 
   ject-key]:String) [], RemoteException
    + FullyQualifiedErrorId : NativeCommandError
 

    package.json:63:4:
      63 Γפג     "mongodb-memory-server": "^9.5.0",
         Γץ╡     ~~~~~~~~~~~~~~~~~~~~~~~

  The original key "mongodb-memory-server" is here:

    package.json:62:4:
      62 Γפג     "mongodb-memory-server": "^9.1.3",
         Γץ╡     ~~~~~~~~~~~~~~~~~~~~~~~


[7m[1m[36m RUN [39m[22m[27m [36mv1.6.1[39m [90mC:/Users/lirhe/Documents/FlavorWorldWebsite/server[39m

[90mstdout[2m | _log (C:\Users\lirhe\Documents\FlavorWorldWebsite\server\node_modules\dotenv\lib\main.js:139:11)[22m[39m
[dotenv@17.2.2] injecting env (0) from .env.test -- tip: Γתש∩╕ן  specify custom .env file path with { path: '/custom/path/.env' }

[90mstdout[2m | _log (C:\Users\lirhe\Documents\FlavorWorldWebsite\server\node_modules\dotenv\lib\main.js:139:11)[22m[39m
[dotenv@17.2.2] injecting env (0) from .env.test -- tip: ≡ƒ¢á∩╕ן  run anywhere with `dotenvx run -- yourcommand`

[90mstdout[2m | _log (C:\Users\lirhe\Documents\FlavorWorldWebsite\server\node_modules\dotenv\lib\main.js:139:11)[22m[39m
[dotenv@17.2.2] injecting env (0) from .env.test -- tip: Γתש∩╕ן  override existing env vars with { override: true }

[90mstdout[2m | _log (C:\Users\lirhe\Documents\FlavorWorldWebsite\server\node_modules\dotenv\lib\main.js:139:11)[22m[39m
[dotenv@17.2.2] injecting env (0) from .env.test -- tip: ≡ƒףí auto-backup env with Radar: https://dotenvx.com/radar

[90mstdout[2m | _log (C:\Users\lirhe\Documents\FlavorWorldWebsite\server\node_modules\dotenv\lib\main.js:139:11)[22m[39m
[dotenv@17.2.2] injecting env (0) from .env.test -- tip: ≡ƒףí observe env with Radar: https://dotenvx.com/radar

[90mstdout[2m | _log (C:\Users\lirhe\Documents\FlavorWorldWebsite\server\node_modules\dotenv\lib\main.js:139:11)[22m[39m
[dotenv@17.2.2] injecting env (0) from .env.test -- tip: ≡ƒפנ encrypt with Dotenvx: https://dotenvx.com

[90mstdout[2m | _log (C:\Users\lirhe\Documents\FlavorWorldWebsite\server\node_modules\dotenv\lib\main.js:139:11)[22m[39m
[dotenv@17.2.2] injecting env (0) from .env.test -- tip: Γתש∩╕ן  suppress all logs with { quiet: true }

[90mstdout[2m | _log (C:\Users\lirhe\Documents\FlavorWorldWebsite\server\node_modules\dotenv\lib\main.js:139:11)[22m[39m
[dotenv@17.2.2] injecting env (6) from .env -- tip: Γתש∩╕ן  enable debug logging with { debug: true }

[90mstdout[2m | _log (C:\Users\lirhe\Documents\FlavorWorldWebsite\server\node_modules\dotenv\lib\main.js:139:11)[22m[39m
[dotenv@17.2.2] injecting env (0) from .env.test -- tip: Γתש∩╕ן  load multiple .env files with { path: ['.env.local', '.env'] }

[90mstdout[2m | _log (C:\Users\lirhe\Documents\FlavorWorldWebsite\server\node_modules\dotenv\lib\main.js:139:11)[22m[39m
[dotenv@17.2.2] injecting env (0) from .env.test -- tip: Γתש∩╕ן  override existing env vars with { override: true }

[90mstdout[2m | _log (C:\Users\lirhe\Documents\FlavorWorldWebsite\server\node_modules\dotenv\lib\main.js:139:11)[22m[39m
[dotenv@17.2.2] injecting env (0) from .env.test -- tip: Γתש∩╕ן  load multiple .env files with { path: ['.env.local', '.env'] }

[90mstdout[2m | _log (C:\Users\lirhe\Documents\FlavorWorldWebsite\server\node_modules\dotenv\lib\main.js:139:11)[22m[39m
[dotenv@17.2.2] injecting env (6) from .env -- tip: ≡ƒףí observe env with Radar: https://dotenvx.com/radar

[90mstdout[2m | tests/routes/auth.test.js[22m[39m
Test DB connected
MongoDB URI: mongodb://127.0.0.1:45234/

[90mstdout[2m | _log (C:\Users\lirhe\Documents\FlavorWorldWebsite\server\node_modules\dotenv\lib\main.js:139:11)[22m[39m
[dotenv@17.2.2] injecting env (0) from .env -- tip: Γתש∩╕ן  enable debug logging with { debug: true }

[90mstdout[2m | src\app.js:27:11[22m[39m
 Socket.IO mocked for tests

[90mstdout[2m | tests/routes/chats.test.js[22m[39m
Test endpoints enabled at /api/test
Test endpoints loaded at /api/test

[90mstdout[2m | tests/routes/upload.test.js[22m[39m
Test DB connected
MongoDB URI: mongodb://127.0.0.1:30851/

[90mstdout[2m | tests/routes/notifications.test.js[22m[39m
Test DB connected
MongoDB URI: mongodb://127.0.0.1:42413/

[90mstdout[2m | tests/routes/upload.test.js[2m > [22m[2mUpload Routes - Unit Tests[2m > [22m[2mPOST /avatar - Upload Avatar[2m > [22m[2mshould upload avatar successfully[22m[39m
=== Avatar Upload Debug ===
MongoDB connected: [33mtrue[39m
File details: {
  fieldname: [32m'avatar'[39m,
  originalname: [32m'test.jpg'[39m,
  mimetype: [32m'image/jpeg'[39m,
  size: [33m15[39m
}
Avatar converted to base64, length: [33m43[39m

 [32mΓ£ף[39m tests/routes/upload.test.js[2m > [22mUpload Routes - Unit Tests[2m > [22mPOST /avatar - Upload Avatar[2m > [22mshould upload avatar successfully
[90mstdout[2m | tests/routes/upload.test.js[2m > [22m[2mUpload Routes - Unit Tests[2m > [22m[2mPOST /avatar - Upload Avatar[2m > [22m[2mshould return 400 when no file uploaded[22m[39m
=== Avatar Upload Debug ===
MongoDB connected: [33mtrue[39m
ERROR: No file uploaded

 [32mΓ£ף[39m tests/routes/upload.test.js[2m > [22mUpload Routes - Unit Tests[2m > [22mPOST /avatar - Upload Avatar[2m > [22mshould return 400 when no file uploaded
 [32mΓ£ף[39m tests/routes/upload.test.js[2m > [22mUpload Routes - Unit Tests[2m > [22mPOST /avatar - Upload Avatar[2m > [22mshould return error when file is not an image
[90mstdout[2m | tests/routes/groupChats.test.js[22m[39m
Test DB connected
MongoDB URI: mongodb://127.0.0.1:20039/

[90mstdout[2m | tests/routes/upload.test.js[2m > [22m[2mUpload Routes - Unit Tests[2m > [22m[2mPOST /avatar - Upload Avatar[2m > [22m[2mshould handle file size limit errors[22m[39m
=== Avatar Upload Debug ===
MongoDB connected: [33mtrue[39m
File details: {
  fieldname: [32m'avatar'[39m,
  originalname: [32m'large.jpg'[39m,
  mimetype: [32m'image/jpeg'[39m,
  size: [33m6291456[39m
}
ERROR: File too large

[90mstdout[2m | tests/routes/upload.test.js[2m > [22m[2mUpload Routes - Unit Tests[2m > [22m[2mPOST /avatar - Upload Avatar[2m > [22m[2mshould accept PNG images[22m[39m
=== Avatar Upload Debug ===
MongoDB connected: [33mtrue[39m
File details: {
  fieldname: [32m'avatar'[39m,
  originalname: [32m'test.png'[39m,
  mimetype: [32m'image/png'[39m,
  size: [33m13[39m
}
Avatar converted to base64, length: [33m42[39m

 [32mΓ£ף[39m tests/routes/upload.test.js[2m > [22mUpload Routes - Unit Tests[2m > [22mPOST /avatar - Upload Avatar[2m > [22mshould handle file size limit errors
 [32mΓ£ף[39m tests/routes/upload.test.js[2m > [22mUpload Routes - Unit Tests[2m > [22mPOST /avatar - Upload Avatar[2m > [22mshould accept PNG images
[90mstdout[2m | tests/routes/upload.test.js[2m > [22m[2mUpload Routes - Unit Tests[2m > [22m[2mPOST /avatar - Upload Avatar[2m > [22m[2mshould accept GIF images[22m[39m
=== Avatar Upload Debug ===
MongoDB connected: [33mtrue[39m
File details: {
  fieldname: [32m'avatar'[39m,
  originalname: [32m'test.gif'[39m,
  mimetype: [32m'image/gif'[39m,
  size: [33m13[39m
}
Avatar converted to base64, length: [33m42[39m

 [32mΓ£ף[39m tests/routes/upload.test.js[2m > [22mUpload Routes - Unit Tests[2m > [22mPOST /avatar - Upload Avatar[2m > [22mshould accept GIF images
[90mstdout[2m | tests/routes/upload.test.js[2m > [22m[2mUpload Routes - Unit Tests[2m > [22m[2mPOST /avatar - Upload Avatar[2m > [22m[2mshould convert uploaded file to base64[22m[39m
=== Avatar Upload Debug ===
MongoDB connected: [33mtrue[39m
File details: {
  fieldname: [32m'avatar'[39m,
  originalname: [32m'test.jpg'[39m,
  mimetype: [32m'image/jpeg'[39m,
  size: [33m15[39m
}
Avatar converted to base64, length: [33m43[39m

[90mstdout[2m | tests/routes/groupPosts.test.js[22m[39m
Test DB connected
MongoDB URI: mongodb://127.0.0.1:56699/

[90mstdout[2m | tests/routes/upload.test.js[2m > [22m[2mUpload Routes - Unit Tests[2m > [22m[2mPOST /avatar - Upload Avatar[2m > [22m[2mshould return 503 when database is not available[22m[39m
=== Avatar Upload Debug ===
MongoDB connected: [33mfalse[39m
ERROR: Database not available

[90mstdout[2m | tests/routes/upload.test.js[2m > [22m[2mUpload Routes - Unit Tests[2m > [22m[2mPOST /avatar - Upload Avatar[2m > [22m[2mshould preserve original filename[22m[39m
=== Avatar Upload Debug ===
MongoDB connected: [33mtrue[39m
File details: {
  fieldname: [32m'avatar'[39m,
  originalname: [32m'my-profile-picture.jpg'[39m,
  mimetype: [32m'image/jpeg'[39m,
  size: [33m15[39m
}
Avatar converted to base64, length: [33m43[39m

[90mstdout[2m | tests/routes/notifications.test.js[2m > [22m[2mNotifications Routes - Unit Tests[2m > [22m[2mGET / - Get All Notifications[2m > [22m[2mshould return all notifications for user[22m[39m
Fetching notifications
Getting notifications for user: 68fe3396fde4491bd5a4ce77

[90mstdout[2m | tests/routes/groups.test.js[22m[39m
Test DB connected
MongoDB URI: mongodb://127.0.0.1:31799/

[90mstdout[2m | tests/routes/upload.test.js[2m > [22m[2mUpload Routes - Unit Tests[2m > [22m[2mIntegration Tests[2m > [22m[2mshould handle multiple sequential uploads[22m[39m
=== Avatar Upload Debug ===
MongoDB connected: [33mtrue[39m
File details: {
  fieldname: [32m'avatar'[39m,
  originalname: [32m'avatar1.jpg'[39m,
  mimetype: [32m'image/jpeg'[39m,
  size: [33m7[39m
}
Avatar converted to base64, length: [33m35[39m

 [32mΓ£ף[39m tests/routes/upload.test.js[2m > [22mUpload Routes - Unit Tests[2m > [22mPOST /avatar - Upload Avatar[2m > [22mshould convert uploaded file to base64
 [32mΓ£ף[39m tests/routes/upload.test.js[2m > [22mUpload Routes - Unit Tests[2m > [22mPOST /avatar - Upload Avatar[2m > [22mshould return 503 when database is not available
 [32mΓ£ף[39m tests/routes/upload.test.js[2m > [22mUpload Routes - Unit Tests[2m > [22mPOST /avatar - Upload Avatar[2m > [22mshould handle upload errors gracefully
 [32mΓ£ף[39m tests/routes/upload.test.js[2m > [22mUpload Routes - Unit Tests[2m > [22mPOST /avatar - Upload Avatar[2m > [22mshould preserve original filename
[90mstdout[2m | tests/routes/upload.test.js[2m > [22m[2mUpload Routes - Unit Tests[2m > [22m[2mIntegration Tests[2m > [22m[2mshould handle multiple sequential uploads[22m[39m
=== Avatar Upload Debug ===
MongoDB connected: [33mtrue[39m
File details: {
  fieldname: [32m'avatar'[39m,
  originalname: [32m'avatar2.png'[39m,
  mimetype: [32m'image/png'[39m,
  size: [33m7[39m
}
Avatar converted to base64, length: [33m34[39m

[90mstdout[2m | tests/routes/notifications.test.js[2m > [22m[2mNotifications Routes - Unit Tests[2m > [22m[2mGET / - Get All Notifications[2m > [22m[2mshould return all notifications for user[22m[39m
Found 3 notifications

[90mstdout[2m | tests/routes/upload.test.js[2m > [22m[2mUpload Routes - Unit Tests[2m > [22m[2mIntegration Tests[2m > [22m[2mshould handle uploads with special characters in filename[22m[39m
=== Avatar Upload Debug ===
MongoDB connected: [33mtrue[39m
File details: {
  fieldname: [32m'avatar'[39m,
  originalname: [32m'my avatar (2024) - final.jpg'[39m,
  mimetype: [32m'image/jpeg'[39m,
  size: [33m15[39m
}
Avatar converted to base64, length: [33m43[39m

 [32mΓ£ף[39m tests/routes/upload.test.js[2m > [22mUpload Routes - Unit Tests[2m > [22mIntegration Tests[2m > [22mshould handle multiple sequential uploads
 [32mΓ£ף[39m tests/routes/upload.test.js[2m > [22mUpload Routes - Unit Tests[2m > [22mIntegration Tests[2m > [22mshould handle uploads with special characters in filename
[90mstdout[2m | tests/routes/upload.test.js[2m > [22m[2mUpload Routes - Unit Tests[2m > [22m[2mIntegration Tests[2m > [22m[2mshould return appropriate MIME type in base64 string[22m[39m
=== Avatar Upload Debug ===
MongoDB connected: [33mtrue[39m
File details: {
  fieldname: [32m'avatar'[39m,
  originalname: [32m'test.jpg'[39m,
  mimetype: [32m'image/jpeg'[39m,
  size: [33m9[39m
}
Avatar converted to base64, length: [33m35[39m

[90mstdout[2m | tests/routes/upload.test.js[2m > [22m[2mUpload Routes - Unit Tests[2m > [22m[2mIntegration Tests[2m > [22m[2mshould return appropriate MIME type in base64 string[22m[39m
=== Avatar Upload Debug ===
MongoDB connected: [33mtrue[39m
File details: {
  fieldname: [32m'avatar'[39m,
  originalname: [32m'test.jpg'[39m,
  mimetype: [32m'image/png'[39m,
  size: [33m9[39m
}
Avatar converted to base64, length: [33m34[39m

[90mstdout[2m | tests/routes/upload.test.js[2m > [22m[2mUpload Routes - Unit Tests[2m > [22m[2mIntegration Tests[2m > [22m[2mshould return appropriate MIME type in base64 string[22m[39m
=== Avatar Upload Debug ===
MongoDB connected: [33mtrue[39m
File details: {
  fieldname: [32m'avatar'[39m,
  originalname: [32m'test.jpg'[39m,
  mimetype: [32m'image/gif'[39m,
  size: [33m9[39m
}
Avatar converted to base64, length: [33m34[39m

[90mstdout[2m | tests/routes/upload.test.js[2m > [22m[2mUpload Routes - Unit Tests[2m > [22m[2mError Handling[2m > [22m[2mshould handle malformed requests[22m[39m
=== Avatar Upload Debug ===
MongoDB connected: [33mtrue[39m
ERROR: No file uploaded

[90mstdout[2m | tests/routes/upload.test.js[2m > [22m[2mUpload Routes - Unit Tests[2m > [22m[2mError Handling[2m > [22m[2mshould handle missing content-type[22m[39m
=== Avatar Upload Debug ===
MongoDB connected: [33mtrue[39m
File details: {
  fieldname: [32m'avatar'[39m,
  originalname: [32m'test.jpg'[39m,
  mimetype: [32m'image/jpeg'[39m,
  size: [33m9[39m
}
Avatar converted to base64, length: [33m35[39m

[90mstdout[2m | tests/routes/upload.test.js[2m > [22m[2mUpload Routes - Unit Tests[2m > [22m[2mError Handling[2m > [22m[2mshould return 500 on unexpected server errors[22m[39m
=== Avatar Upload Debug ===

[90mstdout[2m | tests/routes/upload.test.js[2m > [22m[2mUpload Routes - Unit Tests[2m > [22m[2mSecurity Tests[2m > [22m[2mshould reject SVG files (potential XSS)[22m[39m
=== Avatar Upload Debug ===
MongoDB connected: [33mtrue[39m
File details: {
  fieldname: [32m'avatar'[39m,
  originalname: [32m'image.svg'[39m,
  mimetype: [32m'image/svg+xml'[39m,
  size: [33m40[39m
}
Avatar converted to base64, length: [33m82[39m

[90mstdout[2m | tests/routes/upload.test.js[2m > [22m[2mUpload Routes - Unit Tests[2m > [22m[2mSecurity Tests[2m > [22m[2mshould handle extremely long filenames[22m[39m
=== Avatar Upload Debug ===
MongoDB connected: [33mtrue[39m
File details: {
  fieldname: [32m'avatar'[39m,
  originalname: [32m'aaaaaaaaaaaaaaaaaaaaaaaaaaaaaaaaaaaaaaaaaaaaaaaaaaaaaaaaaaaaaaaaaaaaaaaaaaaaaaaaaaaaaaaaaaaaaaaaaaaaaaaaaaaaaaaaaaaaaaaaaaaaaaaaaaaaaaaaaaaaaaaaaaaaaaaaaaaaaaaaaaaaaaaaaaaaaaaaaaaaaaaaaaaaaaaaaaaaaaaaaaaaaaaaaaaaaaaaaaaaaaaaaaaaaaaaaaaaaaaaaaaaaaaaaaaaaaaaaaaaaaaaaaaaaaaaaaaaaaaaaaaaaaaaaaaaaaaaaaaaaaaaaaaaaaaaaaaaaaaaaaaaaaaaaaaaaaaaaaaaaaaaaaaaaaaaaaaaaaaaaaaaaaaaaaaaaaaaaaaaaaaaaaaaaaaaaaaaaaaaaaaaaaaaaaaaaaaaaaaaaaaaaaaaaaaaaaaaaaaaaaaaaaaaaaaaaaaaaaaaaaaaaaaaaaaaaaaaaaaaaaaaaaaaaaaaaaaaaaaaaaaaaaaaaaaaaaaaaaaaaaaaaaaaaaaaaaaaaaaaaaaaaaaaaaaaaaaaaaaaaaaaaaaaaaaaaaaaaaaaaaaaaaaaaaaaaaaaaaaaaaaaaaaaaaaaaaaaaaaaaaaaaaaaaaaaaaaaaaaaaaaaaaaaaaaaaaaaaaaaaaaaaaaaaaaaaaaaaaaaaaaaaaaaaaaaaaaaaaaaaaaaaaaaaaaaaaaaaaaaaaaaaaaaaaaaaaaaaaaaaaaaaaaaaaaaaaaaaaaaaaaaaaaaaaaaaaaaaaaaaaaaaaaaaaaaaaaaaaaaaaaaaaaaaaaaaaaaaaaaaaaaaaaaaaaaaaaaaaaaaaaaaaaaaaaaaaaaaaaaaaaaaaaaaaaaaaaaaaaaaaaaaaaaaaaaaaaaaaaaaaaaaaaaaaaaaaaaaaaaaaaaaaaaaaaaaaaaaaaaaaaaaaaaaaaaaaaaaaaaaaaaaaaaaaaaaaaaaaaaaaaaaaaaaaaaaaaaaaaa.jpg'[39m,
  mimetype: [32m'image/jpeg'[39m,
  size: [33m9[39m
}
Avatar converted to base64, length: [33m35[39m

 [32mΓ£ף[39m tests/routes/auth.test.js[2m > [22mAuth Routes - Unit Tests[2m > [22mPOST /register - User Registration[2m > [22mshould register a new user successfully[33m 708[2mms[22m[39m
 [32mΓ£ף[39m tests/routes/upload.test.js[2m > [22mUpload Routes - Unit Tests[2m > [22mIntegration Tests[2m > [22mshould return appropriate MIME type in base64 string
 [32mΓ£ף[39m tests/routes/upload.test.js[2m > [22mUpload Routes - Unit Tests[2m > [22mError Handling[2m > [22mshould handle malformed requests
 [32mΓ£ף[39m tests/routes/upload.test.js[2m > [22mUpload Routes - Unit Tests[2m > [22mError Handling[2m > [22mshould handle missing content-type
 [32mΓ£ף[39m tests/routes/upload.test.js[2m > [22mUpload Routes - Unit Tests[2m > [22mError Handling[2m > [22mshould return 500 on unexpected server errors
 [32mΓ£ף[39m tests/routes/upload.test.js[2m > [22mUpload Routes - Unit Tests[2m > [22mSecurity Tests[2m > [22mshould reject executable files
 [32mΓ£ף[39m tests/routes/upload.test.js[2m > [22mUpload Routes - Unit Tests[2m > [22mSecurity Tests[2m > [22mshould reject script files
 [32mΓ£ף[39m tests/routes/upload.test.js[2m > [22mUpload Routes - Unit Tests[2m > [22mSecurity Tests[2m > [22mshould reject SVG files (potential XSS)
 [32mΓ£ף[39m tests/routes/upload.test.js[2m > [22mUpload Routes - Unit Tests[2m > [22mSecurity Tests[2m > [22mshould handle extremely long filenames
 [32mΓ£ף[39m tests/routes/notifications.test.js[2m > [22mNotifications Routes - Unit Tests[2m > [22mGET / - Get All Notifications[2m > [22mshould return all notifications for user[33m 387[2mms[22m[39m
[90mstdout[2m | tests/routes/upload.test.js[22m[39m
Test DB disconnected

[90mstdout[2m | tests/routes/feed.test.js[22m[39m
Test DB connected
MongoDB URI: mongodb://127.0.0.1:51239/

[90mstdout[2m | tests/routes/notifications.test.js[2m > [22m[2mNotifications Routes - Unit Tests[2m > [22m[2mGET / - Get All Notifications[2m > [22m[2mshould sort notifications by date descending[22m[39m
Fetching notifications
Getting notifications for user: 68fe3396fde4491bd5a4ce85

[90mstdout[2m | tests/routes/users.test.js[22m[39m
Test DB connected
MongoDB URI: mongodb://127.0.0.1:2977/

[90mstdout[2m | tests/routes/notifications.test.js[2m > [22m[2mNotifications Routes - Unit Tests[2m > [22m[2mGET / - Get All Notifications[2m > [22m[2mshould sort notifications by date descending[22m[39m
Found 3 notifications

[90mstdout[2m | tests/routes/groupPosts.test.js[2m > [22m[2mGroup Posts Routes - Unit Tests[2m > [22m[2mPOST /:groupId/posts - Create Group Post[2m > [22m[2mshould create group post successfully[22m[39m
=== Group Post Creation Debug ===
Group ID: 68fe33970683ef8d86745c33
MongoDB connected: [33mtrue[39m

[90mstdout[2m | tests/routes/groupPosts.test.js[2m > [22m[2mGroup Posts Routes - Unit Tests[2m > [22m[2mPOST /:groupId/posts - Create Group Post[2m > [22m[2mshould create group post successfully[22m[39m
Group post data received: {
  title: [32m'New Recipe'[39m,
  description: [32m'Delicious recipe'[39m,
  ingredients: [32m'Flour, Sugar'[39m,
  instructions: [32m'Mix and bake'[39m,
  category: [32m'Dessert'[39m,
  meatType: [32m'Vegetarian'[39m,
  prepTime: [33m45[39m,
  servings: [33m6[39m,
  userId: [32m'68fe33960683ef8d86745c2e'[39m
}
Membership check: {
  userId: [32m'68fe33960683ef8d86745c2e'[39m,
  isMember: [33mtrue[39m,
  membersCount: [33m2[39m,
  memberUserIds: [ [32m'68fe33960683ef8d86745c2c'[39m, [32m'68fe33960683ef8d86745c2e'[39m ]
}
 Post permission check: {
  allowMemberPosts: [33mtrue[39m,
  hasSettings: [33mtrue[39m,
  settingsAllowMemberPosts: [33mtrue[39m,
  directAllowMemberPosts: [90mundefined[39m
}
 Creating post with approval status: {
  requireApproval: [33mfalse[39m,
  isCreator: [33mfalse[39m,
  isAdmin: [33mfalse[39m,
  autoApprove: [33mtrue[39m,
  finalApprovalStatus: [33mtrue[39m,
  userId: [32m'68fe33960683ef8d86745c2e'[39m,
  creatorId: [32m'68fe33960683ef8d86745c2c'[39m
}

[90mstdout[2m | tests/routes/groupPosts.test.js[2m > [22m[2mGroup Posts Routes - Unit Tests[2m > [22m[2mPOST /:groupId/posts - Create Group Post[2m > [22m[2mshould create group post successfully[22m[39m
Group post saved successfully: new ObjectId([32m'68fe33970683ef8d86745c41'[39m)

[90mstdout[2m | tests/routes/groups.test.js[2m > [22m[2mGroups Routes - Unit Tests[2m > [22m[2mPOST / - Create Group[2m > [22m[2mshould create group successfully[22m[39m
=== Create Group Debug ===
MongoDB connected: [33mtrue[39m
Group data received: {
  name: [32m'New Test Group'[39m,
  description: [32m'A great group'[39m,
  creatorId: [32m'68fe3396985631f2a08897ff'[39m,
  category: [32m'Cooking'[39m,
  isPrivate: [33mfalse[39m
}

[90mstdout[2m | tests/routes/groups.test.js[2m > [22m[2mGroups Routes - Unit Tests[2m > [22m[2mPOST / - Create Group[2m > [22m[2mshould create group successfully[22m[39m
Group created successfully: new ObjectId([32m'68fe3397985631f2a088980c'[39m)

 [32mΓ£ף[39m tests/routes/notifications.test.js[2m > [22mNotifications Routes - Unit Tests[2m > [22mGET / - Get All Notifications[2m > [22mshould sort notifications by date descending
[90mstdout[2m | tests/routes/groupChats.test.js[2m > [22m[2mGroup Chats Routes - Unit Tests[2m > [22m[2mPOST / - Create Group Chat[2m > [22m[2mshould create group chat successfully[22m[39m
=== Creating Group Chat ===
Creating group chat: New Group Chat with [33m2[39m participants

[90mstdout[2m | tests/routes/groupChats.test.js[2m > [22m[2mGroup Chats Routes - Unit Tests[2m > [22m[2mPOST / - Create Group Chat[2m > [22m[2mshould create group chat successfully[22m[39m
Group chat created successfully: new ObjectId([32m'68fe3397369661bdc7c8a6f0'[39m)

 [32mΓ£ף[39m tests/routes/groupPosts.test.js[2m > [22mGroup Posts Routes - Unit Tests[2m > [22mPOST /:groupId/posts - Create Group Post[2m > [22mshould create group post successfully[33m 596[2mms[22m[39m
[90mstdout[2m | tests/routes/chats.test.js[22m[39m
Test DB connected
MongoDB URI: mongodb://127.0.0.1:51260/

[90mstdout[2m | tests/routes/recipes.test.js[22m[39m
Test DB connected
MongoDB URI: mongodb://127.0.0.1:59856/

 [32mΓ£ף[39m tests/routes/groups.test.js[2m > [22mGroups Routes - Unit Tests[2m > [22mPOST / - Create Group[2m > [22mshould create group successfully[33m 581[2mms[22m[39m
 [32mΓ£ף[39m tests/routes/groupChats.test.js[2m > [22mGroup Chats Routes - Unit Tests[2m > [22mPOST / - Create Group Chat[2m > [22mshould create group chat successfully[33m 742[2mms[22m[39m
[90mstdout[2m | tests/routes/feed.test.js[2m > [22m[2mFeed Routes - Unit Tests[2m > [22m[2mGET / - Personalized Feed[2m > [22m[2mshould return personalized feed with following and group posts[22m[39m
=== Personalized Feed Request ===
Building personalized feed for user: 68fe3396d61a71f81c1a1e30 type: [90mundefined[39m page: [33m1[39m

[90mstdout[2m | tests/routes/feed.test.js[2m > [22m[2mFeed Routes - Unit Tests[2m > [22m[2mGET / - Personalized Feed[2m > [22m[2mshould return personalized feed with following and group posts[22m[39m
User follows: [33m1[39m people

[90mstdout[2m | tests/routes/feed.test.js[2m > [22m[2mFeed Routes - Unit Tests[2m > [22m[2mGET / - Personalized Feed[2m > [22m[2mshould return personalized feed with following and group posts[22m[39m
User is member of: [33m1[39m groups
Loading full personalized feed...

[90mstdout[2m | tests/routes/feed.test.js[2m > [22m[2mFeed Routes - Unit Tests[2m > [22m[2mGET / - Personalized Feed[2m > [22m[2mshould return personalized feed with following and group posts[22m[39m
Returning 4 posts in personalized feed

[90mstdout[2m | tests/routes/notifications.test.js[2m > [22m[2mNotifications Routes - Unit Tests[2m > [22m[2mGET / - Get All Notifications[2m > [22m[2mshould limit notifications to 50[22m[39m
Fetching notifications
Getting notifications for user: 68fe3397fde4491bd5a4ce92

[90mstdout[2m | tests/routes/notifications.test.js[2m > [22m[2mNotifications Routes - Unit Tests[2m > [22m[2mGET / - Get All Notifications[2m > [22m[2mshould limit notifications to 50[22m[39m
Found 50 notifications

[90mstdout[2m | tests/routes/groupPosts.test.js[2m > [22m[2mGroup Posts Routes - Unit Tests[2m > [22m[2mPOST /:groupId/posts - Create Group Post[2m > [22m[2mshould auto-approve for group without requireApproval[22m[39m
=== Group Post Creation Debug ===
Group ID: 68fe33970683ef8d86745c4e
MongoDB connected: [33mtrue[39m

[90mstdout[2m | tests/routes/groupPosts.test.js[2m > [22m[2mGroup Posts Routes - Unit Tests[2m > [22m[2mPOST /:groupId/posts - Create Group Post[2m > [22m[2mshould auto-approve for group without requireApproval[22m[39m
Group post data received: { title: [32m'Auto Approved Post'[39m, userId: [32m'68fe33970683ef8d86745c4a'[39m }
Membership check: {
  userId: [32m'68fe33970683ef8d86745c4a'[39m,
  isMember: [33mtrue[39m,
  membersCount: [33m2[39m,
  memberUserIds: [ [32m'68fe33970683ef8d86745c48'[39m, [32m'68fe33970683ef8d86745c4a'[39m ]
}
 Post permission check: {
  allowMemberPosts: [33mtrue[39m,
  hasSettings: [33mtrue[39m,
  settingsAllowMemberPosts: [33mtrue[39m,
  directAllowMemberPosts: [90mundefined[39m
}
 Creating post with approval status: {
  requireApproval: [33mfalse[39m,
  isCreator: [33mfalse[39m,
  isAdmin: [33mfalse[39m,
  autoApprove: [33mtrue[39m,
  finalApprovalStatus: [33mtrue[39m,
  userId: [32m'68fe33970683ef8d86745c4a'[39m,
  creatorId: [32m'68fe33970683ef8d86745c48'[39m
}

[90mstdout[2m | tests/routes/groupPosts.test.js[2m > [22m[2mGroup Posts Routes - Unit Tests[2m > [22m[2mPOST /:groupId/posts - Create Group Post[2m > [22m[2mshould auto-approve for group without requireApproval[22m[39m
Group post saved successfully: new ObjectId([32m'68fe33970683ef8d86745c5c'[39m)

[90mstdout[2m | tests/routes/groups.test.js[2m > [22m[2mGroups Routes - Unit Tests[2m > [22m[2mPOST / - Create Group[2m > [22m[2mshould set creator as admin member[22m[39m
=== Create Group Debug ===
MongoDB connected: [33mtrue[39m
Group data received: { name: [32m'Admin Test'[39m, creatorId: [32m'68fe3397985631f2a0889813'[39m }

[90mstdout[2m | tests/routes/groups.test.js[2m > [22m[2mGroups Routes - Unit Tests[2m > [22m[2mPOST / - Create Group[2m > [22m[2mshould set creator as admin member[22m[39m
Group created successfully: new ObjectId([32m'68fe3397985631f2a088981f'[39m)

 [32mΓ£ף[39m tests/routes/users.test.js[2m > [22mUsers Routes - Unit Tests[2m > [22mGET /profile/:userId - Get User Profile[2m > [22mshould get user profile successfully[33m 530[2mms[22m[39m
 [32mΓ£ף[39m tests/routes/feed.test.js[2m > [22mFeed Routes - Unit Tests[2m > [22mGET / - Personalized Feed[2m > [22mshould return personalized feed with following and group posts[33m 629[2mms[22m[39m
 [32mΓ£ף[39m tests/routes/notifications.test.js[2m > [22mNotifications Routes - Unit Tests[2m > [22mGET / - Get All Notifications[2m > [22mshould limit notifications to 50[33m 453[2mms[22m[39m
[90mstdout[2m | tests/routes/chats.test.js[2m > [22m[2mChats Routes - Unit Tests[2m > [22m[2mPOST /private - Create/Get Private Chat[2m > [22m[2mshould create a new private chat between two users[22m[39m
=== Create/Get Private Chat ===
Looking for chat between 68fe3397be48e2507c1a5f5a and 68fe3397be48e2507c1a5f5f

 [32mΓ£ף[39m tests/routes/auth.test.js[2m > [22mAuth Routes - Unit Tests[2m > [22mPOST /register - User Registration[2m > [22mshould hash the password before saving[33m 747[2mms[22m[39m
[90mstdout[2m | tests/routes/chats.test.js[2m > [22m[2mChats Routes - Unit Tests[2m > [22m[2mPOST /private - Create/Get Private Chat[2m > [22m[2mshould create a new private chat between two users[22m[39m
New private chat created: new ObjectId([32m'68fe3397be48e2507c1a5f68'[39m)

 [32mΓ£ף[39m tests/routes/groupPosts.test.js[2m > [22mGroup Posts Routes - Unit Tests[2m > [22mPOST /:groupId/posts - Create Group Post[2m > [22mshould auto-approve for group without requireApproval[33m 384[2mms[22m[39m
 [32mΓ£ף[39m tests/routes/groups.test.js[2m > [22mGroups Routes - Unit Tests[2m > [22mPOST / - Create Group[2m > [22mshould set creator as admin member[33m 371[2mms[22m[39m
[90mstdout[2m | tests/routes/recipes.test.js[2m > [22m[2mRecipes Routes - Unit Tests[2m > [22m[2mPOST / - Create Recipe[2m > [22m[2mshould create recipe successfully[22m[39m
=== Recipe Creation Debug ===
MongoDB connected: [33mtrue[39m

 [32mΓ£ף[39m tests/routes/chats.test.js[2m > [22mChats Routes - Unit Tests[2m > [22mPOST /private - Create/Get Private Chat[2m > [22mshould create a new private chat between two users
[90mstdout[2m | tests/routes/recipes.test.js[2m > [22m[2mRecipes Routes - Unit Tests[2m > [22m[2mPOST / - Create Recipe[2m > [22m[2mshould create recipe successfully[22m[39m
Γ£ו Recipe saved successfully: new ObjectId([32m'68fe3397c15b0a65b69b4d27'[39m)

[90mstdout[2m | tests/routes/groupChats.test.js[2m > [22m[2mGroup Chats Routes - Unit Tests[2m > [22m[2mPOST / - Create Group Chat[2m > [22m[2mshould add creator as admin[22m[39m
=== Creating Group Chat ===
Creating group chat: Admin Test Group with [33m1[39m participants

[90mstdout[2m | tests/routes/groupChats.test.js[2m > [22m[2mGroup Chats Routes - Unit Tests[2m > [22m[2mPOST / - Create Group Chat[2m > [22m[2mshould add creator as admin[22m[39m
Group chat created successfully: new ObjectId([32m'68fe3397369661bdc7c8a710'[39m)

 [32mΓ£ף[39m tests/routes/chats.test.js[2m > [22mChats Routes - Unit Tests[2m > [22mPOST /private - Create/Get Private Chat[2m > [22mshould create a new private chat between two users[33m 542[2mms[22m[39m
 [32mΓ£ף[39m tests/routes/recipes.test.js[2m > [22mRecipes Routes - Unit Tests[2m > [22mPOST / - Create Recipe[2m > [22mshould create recipe successfully[33m 539[2mms[22m[39m
 [32mΓ£ף[39m tests/routes/groupChats.test.js[2m > [22mGroup Chats Routes - Unit Tests[2m > [22mPOST / - Create Group Chat[2m > [22mshould add creator as admin[33m 499[2mms[22m[39m
[90mstdout[2m | tests/routes/notifications.test.js[2m > [22m[2mNotifications Routes - Unit Tests[2m > [22m[2mGET / - Get All Notifications[2m > [22m[2mshould return empty array when user has no notifications[22m[39m
Fetching notifications
Getting notifications for user: 68fe3397fde4491bd5a4cf21

[90mstdout[2m | tests/routes/notifications.test.js[2m > [22m[2mNotifications Routes - Unit Tests[2m > [22m[2mGET / - Get All Notifications[2m > [22m[2mshould return empty array when user has no notifications[22m[39m
Found 0 notifications

[90mstdout[2m | tests/routes/feed.test.js[2m > [22m[2mFeed Routes - Unit Tests[2m > [22m[2mGET / - Personalized Feed[2m > [22m[2mshould return only following posts when type=following[22m[39m
=== Personalized Feed Request ===
Building personalized feed for user: 68fe3397d61a71f81c1a1e5b type: following page: [33m1[39m

[90mstdout[2m | tests/routes/feed.test.js[2m > [22m[2mFeed Routes - Unit Tests[2m > [22m[2mGET / - Personalized Feed[2m > [22m[2mshould return only following posts when type=following[22m[39m
User follows: [33m1[39m people

[90mstdout[2m | tests/routes/feed.test.js[2m > [22m[2mFeed Routes - Unit Tests[2m > [22m[2mGET / - Personalized Feed[2m > [22m[2mshould return only following posts when type=following[22m[39m
User is member of: [33m1[39m groups
Loading following posts only...

[90mstdout[2m | tests/routes/feed.test.js[2m > [22m[2mFeed Routes - Unit Tests[2m > [22m[2mGET / - Personalized Feed[2m > [22m[2mshould return only following posts when type=following[22m[39m
Returning 2 posts in personalized feed

[90mstdout[2m | tests/routes/groups.test.js[2m > [22m[2mGroups Routes - Unit Tests[2m > [22m[2mPOST / - Create Group[2m > [22m[2mshould initialize settings correctly[22m[39m
=== Create Group Debug ===
MongoDB connected: [33mtrue[39m
Group data received: {
  name: [32m'Settings Test'[39m,
  creatorId: [32m'68fe3397985631f2a0889826'[39m,
  allowMemberPosts: [32m'true'[39m,
  requireApproval: [32m'false'[39m,
  allowInvites: [32m'true'[39m
}

[90mstdout[2m | tests/routes/groupPosts.test.js[2m > [22m[2mGroup Posts Routes - Unit Tests[2m > [22m[2mPOST /:groupId/posts - Create Group Post[2m > [22m[2mshould require approval for private group[22m[39m
=== Group Post Creation Debug ===
Group ID: 68fe33970683ef8d86745c6d
MongoDB connected: [33mtrue[39m

[90mstdout[2m | tests/routes/groups.test.js[2m > [22m[2mGroups Routes - Unit Tests[2m > [22m[2mPOST / - Create Group[2m > [22m[2mshould initialize settings correctly[22m[39m
Group created successfully: new ObjectId([32m'68fe3397985631f2a0889832'[39m)

[90mstdout[2m | tests/routes/groupPosts.test.js[2m > [22m[2mGroup Posts Routes - Unit Tests[2m > [22m[2mPOST /:groupId/posts - Create Group Post[2m > [22m[2mshould require approval for private group[22m[39m
Group post data received: { title: [32m'Pending Post'[39m, userId: [32m'68fe33970683ef8d86745c67'[39m }
Membership check: {
  userId: [32m'68fe33970683ef8d86745c67'[39m,
  isMember: [33mtrue[39m,
  membersCount: [33m2[39m,
  memberUserIds: [ [32m'68fe33970683ef8d86745c65'[39m, [32m'68fe33970683ef8d86745c67'[39m ]
}
 Post permission check: {
  allowMemberPosts: [33mtrue[39m,
  hasSettings: [33mtrue[39m,
  settingsAllowMemberPosts: [33mtrue[39m,
  directAllowMemberPosts: [90mundefined[39m
}
 Creating post with approval status: {
  requireApproval: [33mtrue[39m,
  isCreator: [33mfalse[39m,
  isAdmin: [33mfalse[39m,
  autoApprove: [33mfalse[39m,
  finalApprovalStatus: [33mfalse[39m,
  userId: [32m'68fe33970683ef8d86745c67'[39m,
  creatorId: [32m'68fe33970683ef8d86745c65'[39m
}

[90mstdout[2m | tests/routes/groupPosts.test.js[2m > [22m[2mGroup Posts Routes - Unit Tests[2m > [22m[2mPOST /:groupId/posts - Create Group Post[2m > [22m[2mshould require approval for private group[22m[39m
Group post saved successfully: new ObjectId([32m'68fe33970683ef8d86745c79'[39m)

 [32mΓ£ף[39m tests/routes/users.test.js[2m > [22mUsers Routes - Unit Tests[2m > [22mGET /profile/:userId - Get User Profile[2m > [22mshould not return password in profile[33m 368[2mms[22m[39m
 [32mΓ£ף[39m tests/routes/notifications.test.js[2m > [22mNotifications Routes - Unit Tests[2m > [22mGET / - Get All Notifications[2m > [22mshould return empty array when user has no notifications[33m 362[2mms[22m[39m
[90mstdout[2m | tests/routes/chats.test.js[2m > [22m[2mChats Routes - Unit Tests[2m > [22m[2mPOST /private - Create/Get Private Chat[2m > [22m[2mshould return existing chat if already exists[22m[39m
=== Create/Get Private Chat ===
Looking for chat between 68fe3397be48e2507c1a5f75 and 68fe3397be48e2507c1a5f77

 [32mΓ£ף[39m tests/routes/feed.test.js[2m > [22mFeed Routes - Unit Tests[2m > [22mGET / - Personalized Feed[2m > [22mshould return only following posts when type=following[33m 415[2mms[22m[39m
 [32mΓ£ף[39m tests/routes/groups.test.js[2m > [22mGroups Routes - Unit Tests[2m > [22mPOST / - Create Group[2m > [22mshould initialize settings correctly[33m 366[2mms[22m[39m
[90mstdout[2m | tests/routes/chats.test.js[2m > [22m[2mChats Routes - Unit Tests[2m > [22m[2mPOST /private - Create/Get Private Chat[2m > [22m[2mshould return existing chat if already exists[22m[39m
Existing chat found: new ObjectId([32m'68fe3398be48e2507c1a5f7b'[39m)

 [32mΓ£ף[39m tests/routes/groupPosts.test.js[2m > [22mGroup Posts Routes - Unit Tests[2m > [22mPOST /:groupId/posts - Create Group Post[2m > [22mshould require approval for private group[33m 382[2mms[22m[39m
 [32mΓ£ף[39m tests/routes/chats.test.js[2m > [22mChats Routes - Unit Tests[2m > [22mPOST /private - Create/Get Private Chat[2m > [22mshould return existing chat if already exists
[90mstdout[2m | tests/routes/recipes.test.js[2m > [22m[2mRecipes Routes - Unit Tests[2m > [22m[2mPOST / - Create Recipe[2m > [22m[2mshould return 400 when required fields are missing[22m[39m
=== Recipe Creation Debug ===
MongoDB connected: [33mtrue[39m

[90mstdout[2m | tests/routes/notifications.test.js[2m > [22m[2mNotifications Routes - Unit Tests[2m > [22m[2mGET / - Get All Notifications[2m > [22m[2mshould return 400 when userId is missing[22m[39m
Fetching notifications

 [32mΓ£ף[39m tests/routes/chats.test.js[2m > [22mChats Routes - Unit Tests[2m > [22mPOST /private - Create/Get Private Chat[2m > [22mshould return existing chat if already exists[33m 373[2mms[22m[39m
 [32mΓ£ף[39m tests/routes/recipes.test.js[2m > [22mRecipes Routes - Unit Tests[2m > [22mPOST / - Create Recipe[2m > [22mshould return 400 when required fields are missing[33m 365[2mms[22m[39m
 [32mΓ£ף[39m tests/routes/auth.test.js[2m > [22mAuth Routes - Unit Tests[2m > [22mPOST /register - User Registration[2m > [22mshould return a valid JWT token[33m 553[2mms[22m[39m
[90mstdout[2m | tests/routes/groupChats.test.js[2m > [22m[2mGroup Chats Routes - Unit Tests[2m > [22m[2mPOST / - Create Group Chat[2m > [22m[2mshould create system message[22m[39m
=== Creating Group Chat ===
Creating group chat: System Message Test with [33m1[39m participants

[90mstdout[2m | tests/routes/groupChats.test.js[2m > [22m[2mGroup Chats Routes - Unit Tests[2m > [22m[2mPOST / - Create Group Chat[2m > [22m[2mshould create system message[22m[39m
Group chat created successfully: new ObjectId([32m'68fe3398369661bdc7c8a72e'[39m)

 [32mΓ£ף[39m tests/routes/notifications.test.js[2m > [22mNotifications Routes - Unit Tests[2m > [22mGET / - Get All Notifications[2m > [22mshould return 400 when userId is missing
 [32mΓ£ף[39m tests/routes/users.test.js[2m > [22mUsers Routes - Unit Tests[2m > [22mGET /profile/:userId - Get User Profile[2m > [22mshould return 400 for invalid userId[33m 351[2mms[22m[39m
[90mstdout[2m | tests/routes/groups.test.js[2m > [22m[2mGroups Routes - Unit Tests[2m > [22m[2mPOST / - Create Group[2m > [22m[2mshould enrich group with creator data[22m[39m
=== Create Group Debug ===
MongoDB connected: [33mtrue[39m
Group data received: { name: [32m'Enrich Test'[39m, creatorId: [32m'68fe3397985631f2a0889839'[39m }

[90mstdout[2m | tests/routes/groupPosts.test.js[2m > [22m[2mGroup Posts Routes - Unit Tests[2m > [22m[2mPOST /:groupId/posts - Create Group Post[2m > [22m[2mshould auto-approve for admin/creator even with requireApproval[22m[39m
=== Group Post Creation Debug ===
Group ID: 68fe33980683ef8d86745c8a
MongoDB connected: [33mtrue[39m

[90mstdout[2m | tests/routes/groups.test.js[2m > [22m[2mGroups Routes - Unit Tests[2m > [22m[2mPOST / - Create Group[2m > [22m[2mshould enrich group with creator data[22m[39m
Group created successfully: new ObjectId([32m'68fe3398985631f2a0889845'[39m)

[90mstdout[2m | tests/routes/groupPosts.test.js[2m > [22m[2mGroup Posts Routes - Unit Tests[2m > [22m[2mPOST /:groupId/posts - Create Group Post[2m > [22m[2mshould auto-approve for admin/creator even with requireApproval[22m[39m
Group post data received: { title: [32m'Admin Post'[39m, userId: [32m'68fe33980683ef8d86745c82'[39m }
Membership check: {
  userId: [32m'68fe33980683ef8d86745c82'[39m,
  isMember: [33mtrue[39m,
  membersCount: [33m1[39m,
  memberUserIds: [ [32m'68fe33980683ef8d86745c82'[39m ]
}
 Post permission check: {
  allowMemberPosts: [33mtrue[39m,
  hasSettings: [33mtrue[39m,
  settingsAllowMemberPosts: [33mtrue[39m,
  directAllowMemberPosts: [90mundefined[39m
}
 Creating post with approval status: {
  requireApproval: [33mtrue[39m,
  isCreator: [33mtrue[39m,
  isAdmin: [33mtrue[39m,
  autoApprove: [33mtrue[39m,
  finalApprovalStatus: [33mtrue[39m,
  userId: [32m'68fe33980683ef8d86745c82'[39m,
  creatorId: [32m'68fe33980683ef8d86745c82'[39m
}

[90mstdout[2m | tests/routes/groupPosts.test.js[2m > [22m[2mGroup Posts Routes - Unit Tests[2m > [22m[2mPOST /:groupId/posts - Create Group Post[2m > [22m[2mshould auto-approve for admin/creator even with requireApproval[22m[39m
Group post saved successfully: new ObjectId([32m'68fe33980683ef8d86745c93'[39m)

[90mstdout[2m | tests/routes/feed.test.js[2m > [22m[2mFeed Routes - Unit Tests[2m > [22m[2mGET / - Personalized Feed[2m > [22m[2mshould return only group posts when type=groups[22m[39m
=== Personalized Feed Request ===
Building personalized feed for user: 68fe3397d61a71f81c1a1e82 type: groups page: [33m1[39m

[90mstdout[2m | tests/routes/feed.test.js[2m > [22m[2mFeed Routes - Unit Tests[2m > [22m[2mGET / - Personalized Feed[2m > [22m[2mshould return only group posts when type=groups[22m[39m
User follows: [33m1[39m people

[90mstdout[2m | tests/routes/feed.test.js[2m > [22m[2mFeed Routes - Unit Tests[2m > [22m[2mGET / - Personalized Feed[2m > [22m[2mshould return only group posts when type=groups[22m[39m
User is member of: [33m1[39m groups
Loading groups posts only...

[90mstdout[2m | tests/routes/feed.test.js[2m > [22m[2mFeed Routes - Unit Tests[2m > [22m[2mGET / - Personalized Feed[2m > [22m[2mshould return only group posts when type=groups[22m[39m
Returning 2 posts in personalized feed

 [32mΓ£ף[39m tests/routes/groupChats.test.js[2m > [22mGroup Chats Routes - Unit Tests[2m > [22mPOST / - Create Group Chat[2m > [22mshould create system message[33m 481[2mms[22m[39m
[90mstdout[2m | tests/routes/notifications.test.js[2m > [22m[2mNotifications Routes - Unit Tests[2m > [22m[2mGET / - Get All Notifications[2m > [22m[2mshould return 503 when database is not available[22m[39m
Fetching notifications

 [32mΓ£ף[39m tests/routes/groups.test.js[2m > [22mGroups Routes - Unit Tests[2m > [22mPOST / - Create Group[2m > [22mshould enrich group with creator data[33m 369[2mms[22m[39m
[90mstdout[2m | tests/routes/chats.test.js[2m > [22m[2mChats Routes - Unit Tests[2m > [22m[2mPOST /private - Create/Get Private Chat[2m > [22m[2mshould return 503 when database is not available[22m[39m
=== Create/Get Private Chat ===

 [32mΓ£ף[39m tests/routes/groupPosts.test.js[2m > [22mGroup Posts Routes - Unit Tests[2m > [22mPOST /:groupId/posts - Create Group Post[2m > [22mshould auto-approve for admin/creator even with requireApproval[33m 368[2mms[22m[39m
 [32mΓ£ף[39m tests/routes/chats.test.js[2m > [22mChats Routes - Unit Tests[2m > [22mPOST /private - Create/Get Private Chat[2m > [22mshould return 503 when database is not available
 [32mΓ£ף[39m tests/routes/feed.test.js[2m > [22mFeed Routes - Unit Tests[2m > [22mGET / - Personalized Feed[2m > [22mshould return only group posts when type=groups[33m 399[2mms[22m[39m
 [32mΓ£ף[39m tests/routes/notifications.test.js[2m > [22mNotifications Routes - Unit Tests[2m > [22mGET / - Get All Notifications[2m > [22mshould return 503 when database is not available
 [32mΓ£ף[39m tests/routes/recipes.test.js[2m > [22mRecipes Routes - Unit Tests[2m > [22mPOST / - Create Recipe[2m > [22mshould return 401 when no auth token[33m 355[2mms[22m[39m
 [32mΓ£ף[39m tests/routes/chats.test.js[2m > [22mChats Routes - Unit Tests[2m > [22mPOST /private - Create/Get Private Chat[2m > [22mshould return 503 when database is not available[33m 363[2mms[22m[39m
 [32mΓ£ף[39m tests/routes/users.test.js[2m > [22mUsers Routes - Unit Tests[2m > [22mGET /profile/:userId - Get User Profile[2m > [22mshould return 404 when user not found[33m 350[2mms[22m[39m
[90mstdout[2m | tests/routes/notifications.test.js[2m > [22m[2mNotifications Routes - Unit Tests[2m > [22m[2mGET / - Get All Notifications[2m > [22m[2mshould return 500 on database error[22m[39m
Fetching notifications
Getting notifications for user: 68fe3398fde4491bd5a4cf3e

[90mstderr[2m | tests/routes/notifications.test.js[2m > 
[22m[2mNotifications Routes - Unit Tests[2m > [22m[2mGET / - Get 
All Notifications[2m > [22m[2mshould return 500 on database 
error[22m[39m
Error fetching notifications: Error: DB Error
    at [90mC:\Users\lirhe\Documents\FlavorWorldWebsite\server\[39mte
sts\routes\notifications.test.js:169:44
    at [90mfile:///C:/Users/lirhe/Documents/FlavorWorldWebsite/server
/[39mnode_modules/[4m@vitest[24m/runner/dist/index.js:135:14
    at [90mfile:///C:/Users/lirhe/Documents/FlavorWorldWebsite/server
/[39mnode_modules/[4m@vitest[24m/runner/dist/index.js:60:26
    at runTest [90m(file:///C:/Users/lirhe/Documents/FlavorWorldWebsi
te/server/[39mnode_modules/[4m@vitest[24m/runner/dist/index.js:781:
17[90m)[39m
[90m    at processTicksAndRejections 
(node:internal/process/task_queues:105:5)[39m
    at runSuite [90m(file:///C:/Users/lirhe/Documents/FlavorWorldWebs
ite/server/[39mnode_modules/[4m@vitest[24m/runner/dist/index.js:909
:15[90m)[39m
    at runSuite [90m(file:///C:/Users/lirhe/Documents/FlavorWorldWebs
ite/server/[39mnode_modules/[4m@vitest[24m/runner/dist/index.js:909
:15[90m)[39m
    at runSuite [90m(file:///C:/Users/lirhe/Documents/FlavorWorldWebs
ite/server/[39mnode_modules/[4m@vitest[24m/runner/dist/index.js:909
:15[90m)[39m
    at runFiles [90m(file:///C:/Users/lirhe/Documents/FlavorWorldWebs
ite/server/[39mnode_modules/[4m@vitest[24m/runner/dist/index.js:958
:5[90m)[39m
    at startTests [90m(file:///C:/Users/lirhe/Documents/FlavorWorldWe
bsite/server/[39mnode_modules/[4m@vitest[24m/runner/dist/index.js:9
67:3[90m)[39m

[90mstdout[2m | tests/routes/groups.test.js[2m > [22m[2mGroups Routes - Unit Tests[2m > [22m[2mPOST / - Create Group[2m > [22m[2mshould return 400 when name is missing[22m[39m
=== Create Group Debug ===
MongoDB connected: [33mtrue[39m
Group data received: { creatorId: [32m'68fe3398985631f2a088984c'[39m }

[90mstdout[2m | tests/routes/groupPosts.test.js[2m > [22m[2mGroup Posts Routes - Unit Tests[2m > [22m[2mPOST /:groupId/posts - Create Group Post[2m > [22m[2mshould enrich post with user and group data[22m[39m
=== Group Post Creation Debug ===
Group ID: 68fe33980683ef8d86745ca0
MongoDB connected: [33mtrue[39m

[90mstdout[2m | tests/routes/groupPosts.test.js[2m > [22m[2mGroup Posts Routes - Unit Tests[2m > [22m[2mPOST /:groupId/posts - Create Group Post[2m > [22m[2mshould enrich post with user and group data[22m[39m
Group post data received: { title: [32m'Enriched Post'[39m, userId: [32m'68fe33980683ef8d86745c9c'[39m }
Membership check: {
  userId: [32m'68fe33980683ef8d86745c9c'[39m,
  isMember: [33mtrue[39m,
  membersCount: [33m2[39m,
  memberUserIds: [ [32m'68fe33980683ef8d86745c9a'[39m, [32m'68fe33980683ef8d86745c9c'[39m ]
}
 Post permission check: {
  allowMemberPosts: [33mtrue[39m,
  hasSettings: [33mtrue[39m,
  settingsAllowMemberPosts: [33mtrue[39m,
  directAllowMemberPosts: [90mundefined[39m
}
 Creating post with approval status: {
  requireApproval: [33mfalse[39m,
  isCreator: [33mfalse[39m,
  isAdmin: [33mfalse[39m,
  autoApprove: [33mtrue[39m,
  finalApprovalStatus: [33mtrue[39m,
  userId: [32m'68fe33980683ef8d86745c9c'[39m,
  creatorId: [32m'68fe33980683ef8d86745c9a'[39m
}

[90mstdout[2m | tests/routes/groupPosts.test.js[2m > [22m[2mGroup Posts Routes - Unit Tests[2m > [22m[2mPOST /:groupId/posts - Create Group Post[2m > [22m[2mshould enrich post with user and group data[22m[39m
Group post saved successfully: new ObjectId([32m'68fe33980683ef8d86745cae'[39m)

[90mstdout[2m | tests/routes/groupChats.test.js[2m > [22m[2mGroup Chats Routes - Unit Tests[2m > [22m[2mPOST / - Create Group Chat[2m > [22m[2mshould initialize unread count map[22m[39m
=== Creating Group Chat ===
Creating group chat: Unread Test with [33m2[39m participants

[90mstdout[2m | tests/routes/groupChats.test.js[2m > [22m[2mGroup Chats Routes - Unit Tests[2m > [22m[2mPOST / - Create Group Chat[2m > [22m[2mshould initialize unread count map[22m[39m
Group chat created successfully: new ObjectId([32m'68fe3398369661bdc7c8a750'[39m)

[90mstdout[2m | tests/routes/feed.test.js[2m > [22m[2mFeed Routes - Unit Tests[2m > [22m[2mGET / - Personalized Feed[2m > [22m[2mshould include user own posts in feed[22m[39m
=== Personalized Feed Request ===
Building personalized feed for user: 68fe3398d61a71f81c1a1ea9 type: [90mundefined[39m page: [33m1[39m

[90mstdout[2m | tests/routes/feed.test.js[2m > [22m[2mFeed Routes - Unit Tests[2m > [22m[2mGET / - Personalized Feed[2m > [22m[2mshould include user own posts in feed[22m[39m
User follows: [33m1[39m people

[90mstdout[2m | tests/routes/feed.test.js[2m > [22m[2mFeed Routes - Unit Tests[2m > [22m[2mGET / - Personalized Feed[2m > [22m[2mshould include user own posts in feed[22m[39m
User is member of: [33m1[39m groups
Loading full personalized feed...

[90mstdout[2m | tests/routes/feed.test.js[2m > [22m[2mFeed Routes - Unit Tests[2m > [22m[2mGET / - Personalized Feed[2m > [22m[2mshould include user own posts in feed[22m[39m
Returning 4 posts in personalized feed

 [32mΓ£ף[39m tests/routes/notifications.test.js[2m > [22mNotifications Routes - Unit Tests[2m > [22mGET / - Get All Notifications[2m > [22mshould return 500 on database error
 [32mΓ£ף[39m tests/routes/auth.test.js[2m > [22mAuth Routes - Unit Tests[2m > [22mPOST /register - User Registration[2m > [22mshould trim and lowercase the email[33m 553[2mms[22m[39m
 [32mΓ£ף[39m tests/routes/groups.test.js[2m > [22mGroups Routes - Unit Tests[2m > [22mPOST / - Create Group[2m > [22mshould return 400 when name is missing[33m 361[2mms[22m[39m
[90mstdout[2m | tests/routes/chats.test.js[2m > [22m[2mChats Routes - Unit Tests[2m > [22m[2mPOST /private - Create/Get Private Chat[2m > [22m[2mshould return 400 when otherUserId is missing[22m[39m
=== Create/Get Private Chat ===

 [32mΓ£ף[39m tests/routes/groupPosts.test.js[2m > [22mGroup Posts Routes - Unit Tests[2m > [22mPOST /:groupId/posts - Create Group Post[2m > [22mshould enrich post with user and group data[33m 369[2mms[22m[39m
 [32mΓ£ף[39m tests/routes/groupChats.test.js[2m > [22mGroup Chats Routes - Unit Tests[2m > [22mPOST / - Create Group Chat[2m > [22mshould initialize unread count map[33m 499[2mms[22m[39m
 [32mΓ£ף[39m tests/routes/feed.test.js[2m > [22mFeed Routes - Unit Tests[2m > [22mGET / - Personalized Feed[2m > [22mshould include user own posts in feed[33m 412[2mms[22m[39m
[90mstdout[2m | tests/routes/notifications.test.js[2m > [22m[2mNotifications Routes - Unit Tests[2m > [22m[2mPUT /:notificationId/read - Mark Notification as Read[2m > [22m[2mshould mark notification as read[22m[39m
Marking notification as read: 68fe3398fde4491bd5a4cf4e

[90mstdout[2m | tests/routes/notifications.test.js[2m > [22m[2mNotifications Routes - Unit Tests[2m > [22m[2mPUT /:notificationId/read - Mark Notification as Read[2m > [22m[2mshould mark notification as read[22m[39m
Notification marked as read

 [32mΓ£ף[39m tests/routes/recipes.test.js[2m > [22mRecipes Routes - Unit Tests[2m > [22mPOST / - Create Recipe[2m > [22mshould return 403 with invalid token[33m 363[2mms[22m[39m
 [32mΓ£ף[39m tests/routes/chats.test.js[2m > [22mChats Routes - Unit Tests[2m > [22mPOST /private - Create/Get Private Chat[2m > [22mshould return 400 when otherUserId is missing[33m 365[2mms[22m[39m
 [32mΓ£ף[39m tests/routes/users.test.js[2m > [22mUsers Routes - Unit Tests[2m > [22mGET /profile/:userId - Get User Profile[2m > [22mshould return 503 when database is not available[33m 357[2mms[22m[39m
 [32mΓ£ף[39m tests/routes/notifications.test.js[2m > [22mNotifications Routes - Unit Tests[2m > [22mPUT /:notificationId/read - Mark Notification as Read[2m > [22mshould mark notification as read
[90mstdout[2m | tests/routes/groups.test.js[2m > [22m[2mGroups Routes - Unit Tests[2m > [22m[2mPOST / - Create Group[2m > [22m[2mshould return 400 when name is empty string[22m[39m
=== Create Group Debug ===
MongoDB connected: [33mtrue[39m
Group data received: { name: [32m'   '[39m, creatorId: [32m'68fe3398985631f2a088985b'[39m }

[90mstdout[2m | tests/routes/groupPosts.test.js[2m > [22m[2mGroup Posts Routes - Unit Tests[2m > [22m[2mPOST /:groupId/posts - Create Group Post[2m > [22m[2mshould return 400 when userId is missing[22m[39m
=== Group Post Creation Debug ===
Group ID: 68fe33980683ef8d86745cbb
MongoDB connected: [33mtrue[39m

[90mstdout[2m | tests/routes/groupPosts.test.js[2m > [22m[2mGroup Posts Routes - Unit Tests[2m > [22m[2mPOST /:groupId/posts - Create Group Post[2m > [22m[2mshould return 400 when userId is missing[22m[39m
Group post data received: { title: [32m'No User Post'[39m }

 [32mΓ£ף[39m tests/routes/groups.test.js[2m > [22mGroups Routes - Unit Tests[2m > [22mPOST / - Create Group[2m > [22mshould return 400 when name is empty string[33m 344[2mms[22m[39m
[90mstdout[2m | tests/routes/chats.test.js[2m > [22m[2mChats Routes - Unit Tests[2m > [22m[2mPOST /private - Create/Get Private Chat[2m > [22m[2mshould return 400 when trying to chat with yourself[22m[39m
=== Create/Get Private Chat ===

[90mstdout[2m | tests/routes/feed.test.js[2m > [22m[2mFeed Routes - Unit Tests[2m > [22m[2mGET / - Personalized Feed[2m > [22m[2mshould enrich posts with user data[22m[39m
=== Personalized Feed Request ===
Building personalized feed for user: 68fe3398d61a71f81c1a1ed3 type: [90mundefined[39m page: [33m1[39m

[90mstdout[2m | tests/routes/notifications.test.js[2m > [22m[2mNotifications Routes - Unit Tests[2m > [22m[2mPUT /:notificationId/read - Mark Notification as Read[2m > [22m[2mshould handle already read notification[22m[39m
Marking notification as read: 68fe3399fde4491bd5a4cf5c

[90mstdout[2m | tests/routes/feed.test.js[2m > [22m[2mFeed Routes - Unit Tests[2m > [22m[2mGET / - Personalized Feed[2m > [22m[2mshould enrich posts with user data[22m[39m
User follows: [33m1[39m people

[90mstdout[2m | tests/routes/notifications.test.js[2m > [22m[2mNotifications Routes - Unit Tests[2m > [22m[2mPUT /:notificationId/read - Mark Notification as Read[2m > [22m[2mshould handle already read notification[22m[39m
Notification marked as read

[90mstdout[2m | tests/routes/feed.test.js[2m > [22m[2mFeed Routes - Unit Tests[2m > [22m[2mGET / - Personalized Feed[2m > [22m[2mshould enrich posts with user data[22m[39m
User is member of: [33m1[39m groups
Loading full personalized feed...

 [32mΓ£ף[39m tests/routes/groupPosts.test.js[2m > [22mGroup Posts Routes - Unit Tests[2m > [22mPOST /:groupId/posts - Create Group Post[2m > [22mshould return 400 when userId is missing[33m 351[2mms[22m[39m
 [32mΓ£ף[39m tests/routes/chats.test.js[2m > [22mChats Routes - Unit Tests[2m > [22mPOST /private - Create/Get Private Chat[2m > [22mshould return 400 when trying to chat with yourself
[90mstdout[2m | tests/routes/recipes.test.js[2m > [22m[2mRecipes Routes - Unit Tests[2m > [22m[2mPOST / - Create Recipe[2m > [22m[2mshould return 503 when database is not available[22m[39m
=== Recipe Creation Debug ===
MongoDB connected: [33mfalse[39m

[90mstdout[2m | tests/routes/notifications.test.js[2m > [22m[2mNotifications Routes - Unit Tests[2m > [22m[2mPUT /:notificationId/read - Mark Notification as Read[2m > [22m[2mshould handle already read notification[22m[39m
Marking notification as read: 68fe3399fde4491bd5a4cf5c

[90mstdout[2m | tests/routes/notifications.test.js[2m > [22m[2mNotifications Routes - Unit Tests[2m > [22m[2mPUT /:notificationId/read - Mark Notification as Read[2m > [22m[2mshould handle already read notification[22m[39m
Notification marked as read

[90mstdout[2m | tests/routes/feed.test.js[2m > [22m[2mFeed Routes - Unit Tests[2m > [22m[2mGET / - Personalized Feed[2m > [22m[2mshould enrich posts with user data[22m[39m
Returning 4 posts in personalized feed

[90mstdout[2m | tests/routes/groupChats.test.js[2m > [22m[2mGroup Chats Routes - Unit Tests[2m > [22m[2mPOST / - Create Group Chat[2m > [22m[2mshould return 400 when name is missing[22m[39m
=== Creating Group Chat ===

 [32mΓ£ף[39m tests/routes/chats.test.js[2m > [22mChats Routes - Unit Tests[2m > [22mPOST /private - Create/Get Private Chat[2m > [22mshould return 400 when trying to chat with yourself[33m 346[2mms[22m[39m
 [32mΓ£ף[39m tests/routes/notifications.test.js[2m > [22mNotifications Routes - Unit Tests[2m > [22mPUT /:notificationId/read - Mark Notification as Read[2m > [22mshould handle already read notification
 [32mΓ£ף[39m tests/routes/recipes.test.js[2m > [22mRecipes Routes - Unit Tests[2m > [22mPOST / - Create Recipe[2m > [22mshould return 503 when database is not available[33m 359[2mms[22m[39m
 [32mΓ£ף[39m tests/routes/feed.test.js[2m > [22mFeed Routes - Unit Tests[2m > [22mGET / - Personalized Feed[2m > [22mshould enrich posts with user data[33m 401[2mms[22m[39m
 [32mΓ£ף[39m tests/routes/auth.test.js[2m > [22mAuth Routes - Unit Tests[2m > [22mPOST /register - User Registration[2m > [22mshould trim the full name[33m 537[2mms[22m[39m
 [32mΓ£ף[39m tests/routes/groupChats.test.js[2m > [22mGroup Chats Routes - Unit Tests[2m > [22mPOST / - Create Group Chat[2m > [22mshould return 400 when name is missing[33m 467[2mms[22m[39m
 [32mΓ£ף[39m tests/routes/users.test.js[2m > [22mUsers Routes - Unit Tests[2m > [22mGET /profile/:userId - Get User Profile[2m > [22mshould return 500 on database error[33m 347[2mms[22m[39m
[90mstdout[2m | tests/routes/groups.test.js[2m > [22m[2mGroups Routes - Unit Tests[2m > [22m[2mPOST / - Create Group[2m > [22m[2mshould return 400 when creatorId is missing[22m[39m
=== Create Group Debug ===
MongoDB connected: [33mtrue[39m
Group data received: { name: [32m'Test Group'[39m }

[90mstdout[2m | tests/routes/notifications.test.js[2m > [22m[2mNotifications Routes - Unit Tests[2m > [22m[2mPUT /:notificationId/read - Mark Notification as Read[2m > [22m[2mshould return 404 when notification not found[22m[39m
Marking notification as read: 68fe3399fde4491bd5a4cf70

[90mstdout[2m | tests/routes/groupPosts.test.js[2m > [22m[2mGroup Posts Routes - Unit Tests[2m > [22m[2mPOST /:groupId/posts - Create Group Post[2m > [22m[2mshould return 403 when user is not a member[22m[39m
=== Group Post Creation Debug ===
Group ID: 68fe33990683ef8d86745cd3
MongoDB connected: [33mtrue[39m

[90mstdout[2m | tests/routes/groupPosts.test.js[2m > [22m[2mGroup Posts Routes - Unit Tests[2m > [22m[2mPOST /:groupId/posts - Create Group Post[2m > [22m[2mshould return 403 when user is not a member[22m[39m
Group post data received: { title: [32m'Forbidden Post'[39m, userId: [32m'68fe33990683ef8d86745cd1'[39m }
Membership check: {
  userId: [32m'68fe33990683ef8d86745cd1'[39m,
  isMember: [33mfalse[39m,
  membersCount: [33m2[39m,
  memberUserIds: [ [32m'68fe33990683ef8d86745ccd'[39m, [32m'68fe33990683ef8d86745ccf'[39m ]
}
User is not a member

 [32mΓ£ף[39m tests/routes/groups.test.js[2m > [22mGroups Routes - Unit Tests[2m > [22mPOST / - Create Group[2m > [22mshould return 400 when creatorId is missing[33m 340[2mms[22m[39m
[90mstdout[2m | tests/routes/chats.test.js[2m > [22m[2mChats Routes - Unit Tests[2m > [22m[2mPOST /private - Create/Get Private Chat[2m > [22m[2mshould return 404 when other user not found[22m[39m
=== Create/Get Private Chat ===
Looking for chat between 68fe3399be48e2507c1a5fc5 and 68fe3399be48e2507c1a5fcf

 [32mΓ£ף[39m tests/routes/groupPosts.test.js[2m > [22mGroup Posts Routes - Unit Tests[2m > [22mPOST /:groupId/posts - Create Group Post[2m > [22mshould return 403 when user is not a member[33m 348[2mms[22m[39m
 [32mΓ£ף[39m tests/routes/notifications.test.js[2m > [22mNotifications Routes - Unit Tests[2m > [22mPUT /:notificationId/read - Mark Notification as Read[2m > [22mshould return 404 when notification not found
[90mstdout[2m | tests/routes/feed.test.js[2m > [22m[2mFeed Routes - Unit Tests[2m > [22m[2mGET / - Personalized Feed[2m > [22m[2mshould enrich group posts with group name[22m[39m
=== Personalized Feed Request ===
Building personalized feed for user: 68fe3399d61a71f81c1a1efd type: [90mundefined[39m page: [33m1[39m

[90mstdout[2m | tests/routes/feed.test.js[2m > [22m[2mFeed Routes - Unit Tests[2m > [22m[2mGET / - Personalized Feed[2m > [22m[2mshould enrich group posts with group name[22m[39m
User follows: [33m1[39m people

[90mstdout[2m | tests/routes/feed.test.js[2m > [22m[2mFeed Routes - Unit Tests[2m > [22m[2mGET / - Personalized Feed[2m > [22m[2mshould enrich group posts with group name[22m[39m
User is member of: [33m1[39m groups
Loading full personalized feed...

[90mstdout[2m | tests/routes/feed.test.js[2m > [22m[2mFeed Routes - Unit Tests[2m > [22m[2mGET / - Personalized Feed[2m > [22m[2mshould enrich group posts with group name[22m[39m
Returning 4 posts in personalized feed

 [32mΓ£ף[39m tests/routes/chats.test.js[2m > [22mChats Routes - Unit Tests[2m > [22mPOST /private - Create/Get Private Chat[2m > [22mshould return 404 when other user not found[33m 339[2mms[22m[39m
[90mstdout[2m | tests/routes/users.test.js[2m > [22m[2mUsers Routes - Unit Tests[2m > [22m[2mPUT/PATCH /profile - Update Profile[2m > [22m[2mshould update profile successfully with PUT[22m[39m
=== Profile Update Debug ===
Request body: {
  userId: [32m'68fe33995105c32ee4ceb74f'[39m,
  fullName: [32m'Alice Updated'[39m,
  bio: [32m'Updated bio'[39m,
  email: [32m'alice.updated@test.com'[39m
}
MongoDB connected: [33mtrue[39m

[90mstdout[2m | tests/routes/users.test.js[2m > [22m[2mUsers Routes - Unit Tests[2m > [22m[2mPUT/PATCH /profile - Update Profile[2m > [22m[2mshould update profile successfully with PUT[22m[39m
Found user: alice@test.com
Updating user profile: {
  userId: [32m'68fe33995105c32ee4ceb74f'[39m,
  fullName: [32m'Alice Updated'[39m,
  email: [32m'alice.updated@test.com'[39m,
  bio: [32m'Updated bio'[39m,
  hasAvatar: [33mfalse[39m,
  avatarLength: [33m0[39m
}

 [32mΓ£ף[39m tests/routes/recipes.test.js[2m > [22mRecipes Routes - Unit Tests[2m > [22mGET / - Get All Recipes[2m > [22mshould get all recipes[33m 347[2mms[22m[39m
[90mstdout[2m | tests/routes/notifications.test.js[2m > [22m[2mNotifications Routes - Unit Tests[2m > [22m[2mPUT /:notificationId/read - Mark Notification as Read[2m > [22m[2mshould return 503 when database is not available[22m[39m
Marking notification as read: 68fe3399fde4491bd5a4cf78

[90mstdout[2m | tests/routes/users.test.js[2m > [22m[2mUsers Routes - Unit Tests[2m > [22m[2mPUT/PATCH /profile - Update Profile[2m > [22m[2mshould update profile successfully with PUT[22m[39m
Profile updated successfully

[90mstdout[2m | tests/routes/groupChats.test.js[2m > [22m[2mGroup Chats Routes - Unit Tests[2m > [22m[2mPOST / - Create Group Chat[2m > [22m[2mshould return 400 when creator ID is missing[22m[39m
=== Creating Group Chat ===

 [32mΓ£ף[39m tests/routes/feed.test.js[2m > [22mFeed Routes - Unit Tests[2m > [22mGET / - Personalized Feed[2m > [22mshould enrich group posts with group name[33m 379[2mms[22m[39m
[90mstdout[2m | tests/routes/groups.test.js[2m > [22m[2mGroups Routes - Unit Tests[2m > [22m[2mPOST / - Create Group[2m > [22m[2mshould return 503 when database is not available[22m[39m
=== Create Group Debug ===
MongoDB connected: [33mfalse[39m

 [32mΓ£ף[39m tests/routes/notifications.test.js[2m > [22mNotifications Routes - Unit Tests[2m > [22mPUT /:notificationId/read - Mark Notification as Read[2m > [22mshould return 503 when database is not available
[90mstdout[2m | tests/routes/groupPosts.test.js[2m > [22m[2mGroup Posts Routes - Unit Tests[2m > [22m[2mPOST /:groupId/posts - Create Group Post[2m > [22m[2mshould return 400 for invalid group ID[22m[39m
=== Group Post Creation Debug ===
Group ID: invalid-id
MongoDB connected: [33mtrue[39m

 [32mΓ£ף[39m tests/routes/users.test.js[2m > [22mUsers Routes - Unit Tests[2m > [22mPUT/PATCH /profile - Update Profile[2m > [22mshould update profile successfully with PUT[33m 364[2mms[22m[39m
 [32mΓ£ף[39m tests/routes/auth.test.js[2m > [22mAuth Routes - Unit Tests[2m > [22mPOST /register - User Registration[2m > [22mshould return 400 when required fields are missing[33m 424[2mms[22m[39m
 [32mΓ£ף[39m tests/routes/groupChats.test.js[2m > [22mGroup Chats Routes - Unit Tests[2m > [22mPOST / - Create Group Chat[2m > [22mshould return 400 when creator ID is missing[33m 437[2mms[22m[39m
 [32mΓ£ף[39m tests/routes/groups.test.js[2m > [22mGroups Routes - Unit Tests[2m > [22mPOST / - Create Group[2m > [22mshould return 503 when database is not available[33m 327[2mms[22m[39m
 [32mΓ£ף[39m tests/routes/groupPosts.test.js[2m > [22mGroup Posts Routes - Unit Tests[2m > [22mPOST /:groupId/posts - Create Group Post[2m > [22mshould return 400 for invalid group ID[33m 324[2mms[22m[39m
[90mstdout[2m | tests/routes/chats.test.js[2m > [22m[2mChats Routes - Unit Tests[2m > [22m[2mPOST /private - Create/Get Private Chat[2m > [22m[2mshould require user authentication[22m[39m
=== Create/Get Private Chat ===
Looking for chat between temp-user-id and 68fe3399be48e2507c1a5fde

[90mstdout[2m | tests/routes/notifications.test.js[2m > [22m[2mNotifications Routes - Unit Tests[2m > [22m[2mPUT /:notificationId/read - Mark Notification as Read[2m > [22m[2mshould return 500 on database error[22m[39m
Marking notification as read: 68fe3399fde4491bd5a4cf84

[90mstderr[2m | tests/routes/notifications.test.js[2m > 
[22m[2mNotifications Routes - Unit Tests[2m > [22m[2mPUT 
/:notificationId/read - Mark Notification as Read[2m > 
[22m[2mshould return 500 on database error[22m[39m
Error marking as read: Error: DB Error
    at [90mC:\Users\lirhe\Documents\FlavorWorldWebsite\server\[39mte
sts\routes\notifications.test.js:236:69
    at [90mfile:///C:/Users/lirhe/Documents/FlavorWorldWebsite/server
/[39mnode_modules/[4m@vitest[24m/runner/dist/index.js:135:14
    at [90mfile:///C:/Users/lirhe/Documents/FlavorWorldWebsite/server
/[39mnode_modules/[4m@vitest[24m/runner/dist/index.js:60:26
    at runTest [90m(file:///C:/Users/lirhe/Documents/FlavorWorldWebsi
te/server/[39mnode_modules/[4m@vitest[24m/runner/dist/index.js:781:
17[90m)[39m
[90m    at processTicksAndRejections 
(node:internal/process/task_queues:105:5)[39m
    at runSuite [90m(file:///C:/Users/lirhe/Documents/FlavorWorldWebs
ite/server/[39mnode_modules/[4m@vitest[24m/runner/dist/index.js:909
:15[90m)[39m
    at runSuite [90m(file:///C:/Users/lirhe/Documents/FlavorWorldWebs
ite/server/[39mnode_modules/[4m@vitest[24m/runner/dist/index.js:909
:15[90m)[39m
    at runSuite [90m(file:///C:/Users/lirhe/Documents/FlavorWorldWebs
ite/server/[39mnode_modules/[4m@vitest[24m/runner/dist/index.js:909
:15[90m)[39m
    at runFiles [90m(file:///C:/Users/lirhe/Documents/FlavorWorldWebs
ite/server/[39mnode_modules/[4m@vitest[24m/runner/dist/index.js:958
:5[90m)[39m
    at startTests [90m(file:///C:/Users/lirhe/Documents/FlavorWorldWe
bsite/server/[39mnode_modules/[4m@vitest[24m/runner/dist/index.js:9
67:3[90m)[39m

 [32mΓ£ף[39m tests/routes/chats.test.js[2m > [22mChats Routes - Unit Tests[2m > [22mPOST /private - Create/Get Private Chat[2m > [22mshould require user authentication
[90mstdout[2m | tests/routes/feed.test.js[2m > [22m[2mFeed Routes - Unit Tests[2m > [22m[2mGET / - Personalized Feed[2m > [22m[2mshould sort posts by date descending[22m[39m
=== Personalized Feed Request ===
Building personalized feed for user: 68fe3399d61a71f81c1a1f27 type: [90mundefined[39m page: [33m1[39m

[90mstdout[2m | tests/routes/feed.test.js[2m > [22m[2mFeed Routes - Unit Tests[2m > [22m[2mGET / - Personalized Feed[2m > [22m[2mshould sort posts by date descending[22m[39m
User follows: [33m1[39m people

[90mstdout[2m | tests/routes/feed.test.js[2m > [22m[2mFeed Routes - Unit Tests[2m > [22m[2mGET / - Personalized Feed[2m > [22m[2mshould sort posts by date descending[22m[39m
User is member of: [33m1[39m groups
Loading full personalized feed...

[90mstdout[2m | tests/routes/feed.test.js[2m > [22m[2mFeed Routes - Unit Tests[2m > [22m[2mGET / - Personalized Feed[2m > [22m[2mshould sort posts by date descending[22m[39m
Returning 4 posts in personalized feed

[90mstdout[2m | tests/routes/users.test.js[2m > [22m[2mUsers Routes - Unit Tests[2m > [22m[2mPUT/PATCH /profile - Update Profile[2m > [22m[2mshould update profile successfully with PATCH[22m[39m
=== Profile Update Debug ===
Request body: { userId: [32m'68fe33995105c32ee4ceb759'[39m, bio: [32m'New bio only'[39m }
MongoDB connected: [33mtrue[39m

 [32mΓ£ף[39m tests/routes/recipes.test.js[2m > [22mRecipes Routes - Unit Tests[2m > [22mGET / - Get All Recipes[2m > [22mshould return recipes sorted by date descending[33m 329[2mms[22m[39m
 [32mΓ£ף[39m tests/routes/notifications.test.js[2m > [22mNotifications Routes - Unit Tests[2m > [22mPUT /:notificationId/read - Mark Notification as Read[2m > [22mshould return 500 on database error
[90mstdout[2m | tests/routes/users.test.js[2m > [22m[2mUsers Routes - Unit Tests[2m > [22m[2mPUT/PATCH /profile - Update Profile[2m > [22m[2mshould update profile successfully with PATCH[22m[39m
Found user: alice@test.com
Updating user profile: {
  userId: [32m'68fe33995105c32ee4ceb759'[39m,
  fullName: [90mundefined[39m,
  email: [90mundefined[39m,
  bio: [32m'New bio only'[39m,
  hasAvatar: [33mfalse[39m,
  avatarLength: [33m0[39m
}

 [32mΓ£ף[39m tests/routes/chats.test.js[2m > [22mChats Routes - Unit Tests[2m > [22mPOST /private - Create/Get Private Chat[2m > [22mshould require user authentication[33m 347[2mms[22m[39m
[90mstdout[2m | tests/routes/users.test.js[2m > [22m[2mUsers Routes - Unit Tests[2m > [22m[2mPUT/PATCH /profile - Update Profile[2m > [22m[2mshould update profile successfully with PATCH[22m[39m
Profile updated successfully

[90mstdout[2m | tests/routes/groups.test.js[2m > [22m[2mGroups Routes - Unit Tests[2m > [22m[2mPOST / - Create Group[2m > [22m[2mshould return 500 on database error[22m[39m
=== Create Group Debug ===
MongoDB connected: [33mtrue[39m
Group data received: { name: [32m'Test Group'[39m, creatorId: [32m'68fe3399985631f2a0889888'[39m }

 [32mΓ£ף[39m tests/routes/feed.test.js[2m > [22mFeed Routes - Unit Tests[2m > [22mGET / - Personalized Feed[2m > [22mshould sort posts by date descending[33m 385[2mms[22m[39m
[90mstdout[2m | tests/routes/groupPosts.test.js[2m > [22m[2mGroup Posts Routes - Unit Tests[2m > [22m[2mPOST /:groupId/posts - Create Group Post[2m > [22m[2mshould return 404 when group not found[22m[39m
=== Group Post Creation Debug ===
Group ID: 68fe33990683ef8d86745d0b
MongoDB connected: [33mtrue[39m

 [32mΓ£ף[39m tests/routes/users.test.js[2m > [22mUsers Routes - Unit Tests[2m > [22mPUT/PATCH /profile - Update Profile[2m > [22mshould update profile successfully with PATCH[33m 327[2mms[22m[39m
[90mstdout[2m | tests/routes/groupChats.test.js[2m > [22m[2mGroup Chats Routes - Unit Tests[2m > [22m[2mPOST / - Create Group Chat[2m > [22m[2mshould return 400 when no participants[22m[39m
=== Creating Group Chat ===

[90mstdout[2m | tests/routes/notifications.test.js[2m > [22m[2mNotifications Routes - Unit Tests[2m > [22m[2mPUT /mark-all-read - Mark All Notifications as Read[2m > [22m[2mshould mark all notifications as read[22m[39m
Marking all notifications as read

[90mstdout[2m | tests/routes/notifications.test.js[2m > [22m[2mNotifications Routes - Unit Tests[2m > [22m[2mPUT /mark-all-read - Mark All Notifications as Read[2m > [22m[2mshould mark all notifications as read[22m[39m
All notifications marked as read

 [32mΓ£ף[39m tests/routes/groups.test.js[2m > [22mGroups Routes - Unit Tests[2m > [22mPOST / - Create Group[2m > [22mshould return 500 on database error[33m 327[2mms[22m[39m
 [32mΓ£ף[39m tests/routes/auth.test.js[2m > [22mAuth Routes - Unit Tests[2m > [22mPOST /register - User Registration[2m > [22mshould return 400 when passwords do not match[33m 403[2mms[22m[39m
 [32mΓ£ף[39m tests/routes/groupPosts.test.js[2m > [22mGroup Posts Routes - Unit Tests[2m > [22mPOST /:groupId/posts - Create Group Post[2m > [22mshould return 404 when group not found[33m 332[2mms[22m[39m
 [32mΓ£ף[39m tests/routes/groupChats.test.js[2m > [22mGroup Chats Routes - Unit Tests[2m > [22mPOST / - Create Group Chat[2m > [22mshould return 400 when no participants[33m 443[2mms[22m[39m
[90mstdout[2m | tests/routes/chats.test.js[2m > [22m[2mChats Routes - Unit Tests[2m > [22m[2mPOST /private - Create/Get Private Chat[2m > [22m[2mshould return 500 on database error[22m[39m
=== Create/Get Private Chat ===
Looking for chat between 68fe3399be48e2507c1a5ff0 and 68fe3399be48e2507c1a5ff2

 [32mΓ£ף[39m tests/routes/notifications.test.js[2m > [22mNotifications Routes - Unit Tests[2m > [22mPUT /mark-all-read - Mark All Notifications as Read[2m > [22mshould mark all notifications as read
[90mstdout[2m | tests/routes/users.test.js[2m > [22m[2mUsers Routes - Unit Tests[2m > [22m[2mPUT/PATCH /profile - Update Profile[2m > [22m[2mshould update avatar[22m[39m
=== Profile Update Debug ===
Request body: {
  userId: [32m'68fe33995105c32ee4ceb763'[39m,
  avatar: [32m'data:image/png;base64,iVBORw0KGgo='[39m
}
MongoDB connected: [33mtrue[39m

[90mstdout[2m | tests/routes/users.test.js[2m > [22m[2mUsers Routes - Unit Tests[2m > [22m[2mPUT/PATCH /profile - Update Profile[2m > [22m[2mshould update avatar[22m[39m
Found user: alice@test.com
Updating user profile: {
  userId: [32m'68fe33995105c32ee4ceb763'[39m,
  fullName: [90mundefined[39m,
  email: [90mundefined[39m,
  bio: [90mundefined[39m,
  hasAvatar: [33mtrue[39m,
  avatarLength: [33m34[39m
}

[90mstdout[2m | tests/routes/users.test.js[2m > [22m[2mUsers Routes - Unit Tests[2m > [22m[2mPUT/PATCH /profile - Update Profile[2m > [22m[2mshould update avatar[22m[39m
Profile updated successfully

 [32mΓ£ף[39m tests/routes/recipes.test.js[2m > [22mRecipes Routes - Unit Tests[2m > [22mGET / - Get All Recipes[2m > [22mshould return 503 when database is not available[33m 349[2mms[22m[39m
[90mstdout[2m | tests/routes/feed.test.js[2m > [22m[2mFeed Routes - Unit Tests[2m > [22m[2mGET / - Personalized Feed[2m > [22m[2mshould handle pagination with page parameter[22m[39m
=== Personalized Feed Request ===
Building personalized feed for user: 68fe3399d61a71f81c1a1f51 type: [90mundefined[39m page: 1

[90mstdout[2m | tests/routes/feed.test.js[2m > [22m[2mFeed Routes - Unit Tests[2m > [22m[2mGET / - Personalized Feed[2m > [22m[2mshould handle pagination with page parameter[22m[39m
User follows: [33m1[39m people

[90mstdout[2m | tests/routes/feed.test.js[2m > [22m[2mFeed Routes - Unit Tests[2m > [22m[2mGET / - Personalized Feed[2m > [22m[2mshould handle pagination with page parameter[22m[39m
User is member of: [33m1[39m groups
Loading full personalized feed...

 [32mΓ£ף[39m tests/routes/chats.test.js[2m > [22mChats Routes - Unit Tests[2m > [22mPOST /private - Create/Get Private Chat[2m > [22mshould return 500 on database error[33m 356[2mms[22m[39m
[90mstdout[2m | tests/routes/feed.test.js[2m > [22m[2mFeed Routes - Unit Tests[2m > [22m[2mGET / - Personalized Feed[2m > [22m[2mshould handle pagination with page parameter[22m[39m
Returning 2 posts in personalized feed

[90mstdout[2m | tests/routes/notifications.test.js[2m > [22m[2mNotifications Routes - Unit Tests[2m > [22m[2mPUT /mark-all-read - Mark All Notifications as Read[2m > [22m[2mshould handle user with no unread notifications[22m[39m
Marking all notifications as read

[90mstdout[2m | tests/routes/notifications.test.js[2m > [22m[2mNotifications Routes - Unit Tests[2m > [22m[2mPUT /mark-all-read - Mark All Notifications as Read[2m > [22m[2mshould handle user with no unread notifications[22m[39m
All notifications marked as read

[90mstdout[2m | tests/routes/groups.test.js[2m > [22m[2mGroups Routes - Unit Tests[2m > [22m[2mGET /search - Search Groups[2m > [22m[2mshould search groups by name[22m[39m
Groups search request: [Object: null prototype] { q: [32m'Cooking'[39m }
Searching groups with query: "Cooking"
Search conditions: {
  "$and": [
    {
      "$or": [
        {
          "name": {
            "$regex": "Cooking",
            "$options": "i"
          }
        },
        {
          "description": {
            "$regex": "Cooking",
            "$options": "i"
          }
        },
        {
          "category": {
            "$regex": "Cooking",
            "$options": "i"
          }
        }
      ]
    },
    {
      "isPrivate": {
        "$ne": true
      }
    }
  ]
}

[90mstdout[2m | tests/routes/groups.test.js[2m > [22m[2mGroups Routes - Unit Tests[2m > [22m[2mGET /search - Search Groups[2m > [22m[2mshould search groups by name[22m[39m
Found 1 groups matching search

[90mstdout[2m | tests/routes/groups.test.js[2m > [22m[2mGroups Routes - Unit Tests[2m > [22m[2mGET /search - Search Groups[2m > [22m[2mshould search groups by name[22m[39m
Returning 1 groups for search query: "Cooking"

 [32mΓ£ף[39m tests/routes/users.test.js[2m > [22mUsers Routes - Unit Tests[2m > [22mPUT/PATCH /profile - Update Profile[2m > [22mshould update avatar[33m 341[2mms[22m[39m
[90mstdout[2m | tests/routes/groupPosts.test.js[2m > [22m[2mGroup Posts Routes - Unit Tests[2m > [22m[2mPOST /:groupId/posts - Create Group Post[2m > [22m[2mshould return 503 when database is not available[22m[39m
=== Group Post Creation Debug ===
Group ID: 68fe339a0683ef8d86745d17
MongoDB connected: [33mfalse[39m

 [32mΓ£ף[39m tests/routes/feed.test.js[2m > [22mFeed Routes - Unit Tests[2m > [22mGET / - Personalized Feed[2m > [22mshould handle pagination with page parameter[33m 380[2mms[22m[39m
 [32mΓ£ף[39m tests/routes/notifications.test.js[2m > [22mNotifications Routes - Unit Tests[2m > [22mPUT /mark-all-read - Mark All Notifications as Read[2m > [22mshould handle user with no unread notifications
 [32mΓ£ף[39m tests/routes/groups.test.js[2m > [22mGroups Routes - Unit Tests[2m > [22mGET /search - Search Groups[2m > [22mshould search groups by name[33m 347[2mms[22m[39m
 [32mΓ£ף[39m tests/routes/groupPosts.test.js[2m > [22mGroup Posts Routes - Unit Tests[2m > [22mPOST /:groupId/posts - Create Group Post[2m > [22mshould return 503 when database is not available[33m 337[2mms[22m[39m
[90mstdout[2m | tests/routes/groupChats.test.js[2m > [22m[2mGroup Chats Routes - Unit Tests[2m > [22m[2mPOST / - Create Group Chat[2m > [22m[2mshould return 404 when creator not found[22m[39m
=== Creating Group Chat ===
Creating group chat: Bad Creator with [33m1[39m participants

[90mstderr[2m | tests/routes/recipes.test.js[2m > [22m[2mRecipes 
Routes - Unit Tests[2m > [22m[2mGET / - Get All Recipes[2m > 
[22m[2mshould return 500 on database error[22m[39m
Error fetching recipes: Error: DB Error
    at Function.<anonymous> [90m(C:\Users\lirhe\Documents\FlavorWorld
Website\server\[39mtests\routes\recipes.test.js:237:15[90m)[39m
    at Function.mockCall [90m(file:///C:/Users/lirhe/Documents/Flavor
WorldWebsite/server/[39mnode_modules/[4m@vitest[24m/spy/dist/index.
js:50:17[90m)[39m
    at Function.find [90m(file:///C:/Users/lirhe/Documents/FlavorWorl
dWebsite/server/[39mnode_modules/[4mtinyspy[24m/dist/index.js:42:80
[90m)[39m
    at [90mC:\Users\lirhe\Documents\FlavorWorldWebsite\server\[39msr
c\routes\recipes.js:204:34
    at Layer.handleRequest [90m(C:\Users\lirhe\Documents\FlavorWorldW
ebsite\server\[39mnode_modules\[4mrouter[24m\lib\layer.js:152:17[9
0m)[39m
    at next [90m(C:\Users\lirhe\Documents\FlavorWorldWebsite\server\
[39mnode_modules\[4mrouter[24m\lib\route.js:157:13[90m)[39m
    at Route.dispatch [90m(C:\Users\lirhe\Documents\FlavorWorldWebsit
e\server\[39mnode_modules\[4mrouter[24m\lib\route.js:117:3[90m)[3
9m
    at handle [90m(C:\Users\lirhe\Documents\FlavorWorldWebsite\server
\[39mnode_modules\[4mrouter[24m\index.js:435:11[90m)[39m
    at Layer.handleRequest [90m(C:\Users\lirhe\Documents\FlavorWorldW
ebsite\server\[39mnode_modules\[4mrouter[24m\lib\layer.js:152:17[9
0m)[39m
    at [90mC:\Users\lirhe\Documents\FlavorWorldWebsite\server\[39mno
de_modules\[4mrouter[24m\index.js:295:15

[90mstdout[2m | tests/routes/chats.test.js[2m > [22m[2mChats Routes - Unit Tests[2m > [22m[2mGET /my - Get My Chats[2m > [22m[2mshould return all chats for current user[22m[39m
Fetching chats for user: 68fe339abe48e2507c1a6003

[90mstdout[2m | tests/routes/chats.test.js[2m > [22m[2mChats Routes - Unit Tests[2m > [22m[2mGET /my - Get My Chats[2m > [22m[2mshould return all chats for current user[22m[39m
Found 2 chats for user

 [32mΓ£ף[39m tests/routes/auth.test.js[2m > [22mAuth Routes - Unit Tests[2m > [22mPOST /register - User Registration[2m > [22mshould return 400 when password is too short[33m 404[2mms[22m[39m
[90mstdout[2m | tests/routes/users.test.js[2m > [22m[2mUsers Routes - Unit Tests[2m > [22m[2mPUT/PATCH /profile - Update Profile[2m > [22m[2mshould accept id instead of userId[22m[39m
=== Profile Update Debug ===
Request body: { id: [32m'68fe339a5105c32ee4ceb76d'[39m, fullName: [32m'Updated via id'[39m }
MongoDB connected: [33mtrue[39m

[90mstdout[2m | tests/routes/users.test.js[2m > [22m[2mUsers Routes - Unit Tests[2m > [22m[2mPUT/PATCH /profile - Update Profile[2m > [22m[2mshould accept id instead of userId[22m[39m
Found user: alice@test.com
Updating user profile: {
  userId: [32m'68fe339a5105c32ee4ceb76d'[39m,
  fullName: [32m'Updated via id'[39m,
  email: [90mundefined[39m,
  bio: [90mundefined[39m,
  hasAvatar: [33mfalse[39m,
  avatarLength: [33m0[39m
}

[90mstdout[2m | tests/routes/users.test.js[2m > [22m[2mUsers Routes - Unit Tests[2m > [22m[2mPUT/PATCH /profile - Update Profile[2m > [22m[2mshould accept id instead of userId[22m[39m
Profile updated successfully

 [32mΓ£ף[39m tests/routes/groupChats.test.js[2m > [22mGroup Chats Routes - Unit Tests[2m > [22mPOST / - Create Group Chat[2m > [22mshould return 404 when creator not found[33m 427[2mms[22m[39m
 [32mΓ£ף[39m tests/routes/recipes.test.js[2m > [22mRecipes Routes - Unit Tests[2m > [22mGET / - Get All Recipes[2m > [22mshould return 500 on database error[33m 339[2mms[22m[39m
[90mstdout[2m | tests/routes/notifications.test.js[2m > [22m[2mNotifications Routes - Unit Tests[2m > [22m[2mPUT /mark-all-read - Mark All Notifications as Read[2m > [22m[2mshould handle user with no notifications[22m[39m
Marking all notifications as read

[90mstdout[2m | tests/routes/notifications.test.js[2m > [22m[2mNotifications Routes - Unit Tests[2m > [22m[2mPUT /mark-all-read - Mark All Notifications as Read[2m > [22m[2mshould handle user with no notifications[22m[39m
All notifications marked as read

 [32mΓ£ף[39m tests/routes/chats.test.js[2m > [22mChats Routes - Unit Tests[2m > [22mGET /my - Get My Chats[2m > [22mshould return all chats for current user[33m 341[2mms[22m[39m
[90mstdout[2m | tests/routes/groups.test.js[2m > [22m[2mGroups Routes - Unit Tests[2m > [22m[2mGET /search - Search Groups[2m > [22m[2mshould search groups by description[22m[39m
Groups search request: [Object: null prototype] { q: [32m'Unique'[39m }
Searching groups with query: "Unique"
Search conditions: {
  "$and": [
    {
      "$or": [
        {
          "name": {
            "$regex": "Unique",
            "$options": "i"
          }
        },
        {
          "description": {
            "$regex": "Unique",
            "$options": "i"
          }
        },
        {
          "category": {
            "$regex": "Unique",
            "$options": "i"
          }
        }
      ]
    },
    {
      "isPrivate": {
        "$ne": true
      }
    }
  ]
}

[90mstdout[2m | tests/routes/groups.test.js[2m > [22m[2mGroups Routes - Unit Tests[2m > [22m[2mGET /search - Search Groups[2m > [22m[2mshould search groups by description[22m[39m
Found 1 groups matching search

[90mstdout[2m | tests/routes/groups.test.js[2m > [22m[2mGroups Routes - Unit Tests[2m > [22m[2mGET /search - Search Groups[2m > [22m[2mshould search groups by description[22m[39m
Returning 1 groups for search query: "Unique"

 [32mΓ£ף[39m tests/routes/users.test.js[2m > [22mUsers Routes - Unit Tests[2m > [22mPUT/PATCH /profile - Update Profile[2m > [22mshould accept id instead of userId[33m 318[2mms[22m[39m
[90mstdout[2m | tests/routes/groupPosts.test.js[2m > [22m[2mGroup Posts Routes - Unit Tests[2m > [22m[2mPOST /:groupId/posts - Create Group Post[2m > [22m[2mshould return 500 on database error[22m[39m
=== Group Post Creation Debug ===
Group ID: 68fe339a0683ef8d86745d2c
MongoDB connected: [33mtrue[39m

[90mstderr[2m | tests/routes/groupPosts.test.js[2m > 
[22m[2mGroup Posts Routes - Unit Tests[2m > [22m[2mPOST 
/:groupId/posts - Create Group Post[2m > [22m[2mshould return 500 
on database error[22m[39m
Γ¥ל Error creating group post: Error: DB Error
    at [90mC:\Users\lirhe\Documents\FlavorWorldWebsite\server\[39mte
sts\routes\groupPosts.test.js:277:53
    at [90mfile:///C:/Users/lirhe/Documents/FlavorWorldWebsite/server
/[39mnode_modules/[4m@vitest[24m/runner/dist/index.js:135:14
    at [90mfile:///C:/Users/lirhe/Documents/FlavorWorldWebsite/server
/[39mnode_modules/[4m@vitest[24m/runner/dist/index.js:60:26
    at runTest [90m(file:///C:/Users/lirhe/Documents/FlavorWorldWebsi
te/server/[39mnode_modules/[4m@vitest[24m/runner/dist/index.js:781:
17[90m)[39m
[90m    at processTicksAndRejections 
(node:internal/process/task_queues:105:5)[39m
    at runSuite [90m(file:///C:/Users/lirhe/Documents/FlavorWorldWebs
ite/server/[39mnode_modules/[4m@vitest[24m/runner/dist/index.js:909
:15[90m)[39m
    at runSuite [90m(file:///C:/Users/lirhe/Documents/FlavorWorldWebs
ite/server/[39mnode_modules/[4m@vitest[24m/runner/dist/index.js:909
:15[90m)[39m
    at runSuite [90m(file:///C:/Users/lirhe/Documents/FlavorWorldWebs
ite/server/[39mnode_modules/[4m@vitest[24m/runner/dist/index.js:909
:15[90m)[39m
    at runFiles [90m(file:///C:/Users/lirhe/Documents/FlavorWorldWebs
ite/server/[39mnode_modules/[4m@vitest[24m/runner/dist/index.js:958
:5[90m)[39m
    at startTests [90m(file:///C:/Users/lirhe/Documents/FlavorWorldWe
bsite/server/[39mnode_modules/[4m@vitest[24m/runner/dist/index.js:9
67:3[90m)[39m
Γ¥ל Error name: Error
Γ¥ל Error message: DB Error

 [32mΓ£ף[39m tests/routes/notifications.test.js[2m > [22mNotifications Routes - Unit Tests[2m > [22mPUT /mark-all-read - Mark All Notifications as Read[2m > [22mshould handle user with no notifications[33m 316[2mms[22m[39m
 [32mΓ£ף[39m tests/routes/groups.test.js[2m > [22mGroups Routes - Unit Tests[2m > [22mGET /search - Search Groups[2m > [22mshould search groups by description[33m 335[2mms[22m[39m
 [32mΓ£ף[39m tests/routes/groupPosts.test.js[2m > [22mGroup Posts Routes - Unit Tests[2m > [22mPOST /:groupId/posts - Create Group Post[2m > [22mshould return 500 on database error[33m 341[2mms[22m[39m
[90mstdout[2m | tests/routes/feed.test.js[2m > [22m[2mFeed Routes - Unit Tests[2m > [22m[2mGET / - Personalized Feed[2m > [22m[2mshould use default limit of 50[22m[39m
=== Personalized Feed Request ===
Building personalized feed for user: 68fe339ad61a71f81c1a1f79 type: following page: [33m1[39m

[90mstdout[2m | tests/routes/feed.test.js[2m > [22m[2mFeed Routes - Unit Tests[2m > [22m[2mGET / - Personalized Feed[2m > [22m[2mshould use default limit of 50[22m[39m
User follows: [33m1[39m people

[90mstdout[2m | tests/routes/feed.test.js[2m > [22m[2mFeed Routes - Unit Tests[2m > [22m[2mGET / - Personalized Feed[2m > [22m[2mshould use default limit of 50[22m[39m
User is member of: [33m1[39m groups
Loading following posts only...

[90mstdout[2m | tests/routes/notifications.test.js[2m > [22m[2mNotifications Routes - Unit Tests[2m > [22m[2mPUT /mark-all-read - Mark All Notifications as Read[2m > [22m[2mshould return 400 when userId is missing[22m[39m
Marking all notifications as read

[90mstdout[2m | tests/routes/chats.test.js[2m > [22m[2mChats Routes - Unit Tests[2m > [22m[2mGET /my - Get My Chats[2m > [22m[2mshould calculate unread count correctly[22m[39m
Fetching chats for user: 68fe339abe48e2507c1a6021

[90mstdout[2m | tests/routes/chats.test.js[2m > [22m[2mChats Routes - Unit Tests[2m > [22m[2mGET /my - Get My Chats[2m > [22m[2mshould calculate unread count correctly[22m[39m
Found 2 chats for user

[90mstdout[2m | tests/routes/feed.test.js[2m > [22m[2mFeed Routes - Unit Tests[2m > [22m[2mGET / - Personalized Feed[2m > [22m[2mshould use default limit of 50[22m[39m
Returning 50 posts in personalized feed

[90mstdout[2m | tests/routes/users.test.js[2m > [22m[2mUsers Routes - Unit Tests[2m > [22m[2mPUT/PATCH /profile - Update Profile[2m > [22m[2mshould return 400 when userId is missing[22m[39m
=== Profile Update Debug ===
Request body: { fullName: [32m'No userId'[39m }
MongoDB connected: [33mtrue[39m
ERROR: No user ID provided

[90mstdout[2m | tests/routes/groupChats.test.js[2m > [22m[2mGroup Chats Routes - Unit Tests[2m > [22m[2mPOST / - Create Group Chat[2m > [22m[2mshould return 503 when database is not available[22m[39m
=== Creating Group Chat ===

 [32mΓ£ף[39m tests/routes/recipes.test.js[2m > [22mRecipes Routes - Unit Tests[2m > [22mGET /:id - Get Single Recipe[2m > [22mshould get single recipe successfully[33m 327[2mms[22m[39m
 [32mΓ£ף[39m tests/routes/notifications.test.js[2m > [22mNotifications Routes - Unit Tests[2m > [22mPUT /mark-all-read - Mark All Notifications as Read[2m > [22mshould return 400 when userId is missing
 [32mΓ£ף[39m tests/routes/chats.test.js[2m > [22mChats Routes - Unit Tests[2m > [22mGET /my - Get My Chats[2m > [22mshould calculate unread count correctly[33m 331[2mms[22m[39m
 [32mΓ£ף[39m tests/routes/users.test.js[2m > [22mUsers Routes - Unit Tests[2m > [22mPUT/PATCH /profile - Update Profile[2m > [22mshould return 400 when userId is missing[33m 311[2mms[22m[39m
 [32mΓ£ף[39m tests/routes/feed.test.js[2m > [22mFeed Routes - Unit Tests[2m > [22mGET / - Personalized Feed[2m > [22mshould use default limit of 50[33m 606[2mms[22m[39m
[90mstdout[2m | tests/routes/groups.test.js[2m > [22m[2mGroups Routes - Unit Tests[2m > [22m[2mGET /search - Search Groups[2m > [22m[2mshould search groups by category[22m[39m
Groups search request: [Object: null prototype] { q: [32m'Desserts'[39m }
Searching groups with query: "Desserts"
Search conditions: {
  "$and": [
    {
      "$or": [
        {
          "name": {
            "$regex": "Desserts",
            "$options": "i"
          }
        },
        {
          "description": {
            "$regex": "Desserts",
            "$options": "i"
          }
        },
        {
          "category": {
            "$regex": "Desserts",
            "$options": "i"
          }
        }
      ]
    },
    {
      "isPrivate": {
        "$ne": true
      }
    }
  ]
}

[90mstdout[2m | tests/routes/groups.test.js[2m > [22m[2mGroups Routes - Unit Tests[2m > [22m[2mGET /search - Search Groups[2m > [22m[2mshould search groups by category[22m[39m
Found 1 groups matching search

[90mstdout[2m | tests/routes/groups.test.js[2m > [22m[2mGroups Routes - Unit Tests[2m > [22m[2mGET /search - Search Groups[2m > [22m[2mshould search groups by category[22m[39m
Returning 1 groups for search query: "Desserts"

 [32mΓ£ף[39m tests/routes/auth.test.js[2m > [22mAuth Routes - Unit Tests[2m > [22mPOST /register - User Registration[2m > [22mshould return 400 when email already exists[33m 514[2mms[22m[39m
 [32mΓ£ף[39m tests/routes/groupChats.test.js[2m > [22mGroup Chats Routes - Unit Tests[2m > [22mPOST / - Create Group Chat[2m > [22mshould return 503 when database is not available[33m 431[2mms[22m[39m
[90mstdout[2m | tests/routes/groupPosts.test.js[2m > [22m[2mGroup Posts Routes - Unit Tests[2m > [22m[2mGET /:groupId/posts - Get Group Posts[2m > [22m[2mshould get all approved posts[22m[39m
GET group posts request: {
  groupId: [32m'68fe339a0683ef8d86745d41'[39m,
  userId: [32m'68fe339a0683ef8d86745d3d'[39m
}

[90mstdout[2m | tests/routes/groupPosts.test.js[2m > [22m[2mGroup Posts Routes - Unit Tests[2m > [22m[2mGET /:groupId/posts - Get Group Posts[2m > [22m[2mshould get all approved posts[22m[39m
Group found: { name: [32m'Public Cooking Group'[39m, isPrivate: [33mfalse[39m, membersCount: [33m2[39m }
User permissions: {
  userId: [32m'68fe339a0683ef8d86745d3d'[39m,
  isMember: [33mtrue[39m,
  isAdmin: [33mfalse[39m,
  isCreator: [33mfalse[39m,
  isPrivate: [33mfalse[39m
}
Member - showing approved posts + own pending posts

[90mstdout[2m | tests/routes/groupPosts.test.js[2m > [22m[2mGroup Posts Routes - Unit Tests[2m > [22m[2mGET /:groupId/posts - Get Group Posts[2m > [22m[2mshould get all approved posts[22m[39m
Posts query result: {
  totalPosts: [33m2[39m,
  query: {
    groupId: [32m'68fe339a0683ef8d86745d41'[39m,
    [32m'$or'[39m: [ [36m[Object][39m, [36m[Object][39m ]
  },
  groupId: [32m'68fe339a0683ef8d86745d41'[39m
}

[90mstdout[2m | tests/routes/groupPosts.test.js[2m > [22m[2mGroup Posts Routes - Unit Tests[2m > [22m[2mGET /:groupId/posts - Get Group Posts[2m > [22m[2mshould get all approved posts[22m[39m
Returning 2 posts for group Public Cooking Group

[90mstdout[2m | tests/routes/notifications.test.js[2m > [22m[2mNotifications Routes - Unit Tests[2m > [22m[2mPUT /mark-all-read - Mark All Notifications as Read[2m > [22m[2mshould return 503 when database is not available[22m[39m
Marking all notifications as read

 [32mΓ£ף[39m tests/routes/groups.test.js[2m > [22mGroups Routes - Unit Tests[2m > [22mGET /search - Search Groups[2m > [22mshould search groups by category[33m 339[2mms[22m[39m
 [32mΓ£ף[39m tests/routes/groupPosts.test.js[2m > [22mGroup Posts Routes - Unit Tests[2m > [22mGET /:groupId/posts - Get Group Posts[2m > [22mshould get all approved posts[33m 346[2mms[22m[39m
 [32mΓ£ף[39m tests/routes/notifications.test.js[2m > [22mNotifications Routes - Unit Tests[2m > [22mPUT /mark-all-read - Mark All Notifications as Read[2m > [22mshould return 503 when database is not available
[90mstdout[2m | tests/routes/chats.test.js[2m > [22m[2mChats Routes - Unit Tests[2m > [22m[2mGET /my - Get My Chats[2m > [22m[2mshould enrich chats with otherUser data[22m[39m
Fetching chats for user: 68fe339abe48e2507c1a603f

[90mstdout[2m | tests/routes/chats.test.js[2m > [22m[2mChats Routes - Unit Tests[2m > [22m[2mGET /my - Get My Chats[2m > [22m[2mshould enrich chats with otherUser data[22m[39m
Found 2 chats for user

[90mstdout[2m | tests/routes/users.test.js[2m > [22m[2mUsers Routes - Unit Tests[2m > [22m[2mPUT/PATCH /profile - Update Profile[2m > [22m[2mshould return 400 for invalid userId[22m[39m
=== Profile Update Debug ===
Request body: { userId: [32m'invalid-id'[39m, fullName: [32m'Test'[39m }
MongoDB connected: [33mtrue[39m
ERROR: Invalid user ID: invalid-id

 [32mΓ£ף[39m tests/routes/recipes.test.js[2m > [22mRecipes Routes - Unit Tests[2m > [22mGET /:id - Get Single Recipe[2m > [22mshould return 404 when recipe not found[33m 326[2mms[22m[39m
[90mstdout[2m | tests/routes/notifications.test.js[2m > [22m[2mNotifications Routes - Unit Tests[2m > [22m[2mPUT /mark-all-read - Mark All Notifications as Read[2m > [22m[2mshould return 500 on database error[22m[39m
Marking all notifications as read

[90mstderr[2m | tests/routes/notifications.test.js[2m > 
[22m[2mNotifications Routes - Unit Tests[2m > [22m[2mPUT 
/mark-all-read - Mark All Notifications as Read[2m > [22m[2mshould 
return 500 on database error[22m[39m
Error marking all as read: Error: DB Error
    at [90mC:\Users\lirhe\Documents\FlavorWorldWebsite\server\[39mte
sts\routes\notifications.test.js:320:62
    at [90mfile:///C:/Users/lirhe/Documents/FlavorWorldWebsite/server
/[39mnode_modules/[4m@vitest[24m/runner/dist/index.js:135:14
    at [90mfile:///C:/Users/lirhe/Documents/FlavorWorldWebsite/server
/[39mnode_modules/[4m@vitest[24m/runner/dist/index.js:60:26
    at runTest [90m(file:///C:/Users/lirhe/Documents/FlavorWorldWebsi
te/server/[39mnode_modules/[4m@vitest[24m/runner/dist/index.js:781:
17[90m)[39m
[90m    at processTicksAndRejections 
(node:internal/process/task_queues:105:5)[39m
    at runSuite [90m(file:///C:/Users/lirhe/Documents/FlavorWorldWebs
ite/server/[39mnode_modules/[4m@vitest[24m/runner/dist/index.js:909
:15[90m)[39m
    at runSuite [90m(file:///C:/Users/lirhe/Documents/FlavorWorldWebs
ite/server/[39mnode_modules/[4m@vitest[24m/runner/dist/index.js:909
:15[90m)[39m
    at runSuite [90m(file:///C:/Users/lirhe/Documents/FlavorWorldWebs
ite/server/[39mnode_modules/[4m@vitest[24m/runner/dist/index.js:909
:15[90m)[39m
    at runFiles [90m(file:///C:/Users/lirhe/Documents/FlavorWorldWebs
ite/server/[39mnode_modules/[4m@vitest[24m/runner/dist/index.js:958
:5[90m)[39m
    at startTests [90m(file:///C:/Users/lirhe/Documents/FlavorWorldWe
bsite/server/[39mnode_modules/[4m@vitest[24m/runner/dist/index.js:9
67:3[90m)[39m

 [32mΓ£ף[39m tests/routes/chats.test.js[2m > [22mChats Routes - Unit Tests[2m > [22mGET /my - Get My Chats[2m > [22mshould enrich chats with otherUser data[33m 335[2mms[22m[39m
 [32mΓ£ף[39m tests/routes/users.test.js[2m > [22mUsers Routes - Unit Tests[2m > [22mPUT/PATCH /profile - Update Profile[2m > [22mshould return 400 for invalid userId[33m 320[2mms[22m[39m
[90mstdout[2m | tests/routes/groups.test.js[2m > [22m[2mGroups Routes - Unit Tests[2m > [22m[2mGET /search - Search Groups[2m > [22m[2mshould be case insensitive[22m[39m
Groups search request: [Object: null prototype] { q: [32m'COOKING'[39m }
Searching groups with query: "COOKING"
Search conditions: {
  "$and": [
    {
      "$or": [
        {
          "name": {
            "$regex": "COOKING",
            "$options": "i"
          }
        },
        {
          "description": {
            "$regex": "COOKING",
            "$options": "i"
          }
        },
        {
          "category": {
            "$regex": "COOKING",
            "$options": "i"
          }
        }
      ]
    },
    {
      "isPrivate": {
        "$ne": true
      }
    }
  ]
}

[90mstdout[2m | tests/routes/groups.test.js[2m > [22m[2mGroups Routes - Unit Tests[2m > [22m[2mGET /search - Search Groups[2m > [22m[2mshould be case insensitive[22m[39m
Found 1 groups matching search

[90mstdout[2m | tests/routes/groups.test.js[2m > [22m[2mGroups Routes - Unit Tests[2m > [22m[2mGET /search - Search Groups[2m > [22m[2mshould be case insensitive[22m[39m
Returning 1 groups for search query: "COOKING"

[90mstdout[2m | tests/routes/groupChats.test.js[2m > [22m[2mGroup Chats Routes - Unit Tests[2m > [22m[2mPOST / - Create Group Chat[2m > [22m[2mshould return 500 on database error[22m[39m
=== Creating Group Chat ===
Creating group chat: Error Test with [33m1[39m participants

[90mstdout[2m | tests/routes/feed.test.js[2m > [22m[2mFeed Routes - Unit Tests[2m > [22m[2mGET / - Personalized Feed[2m > [22m[2mshould return empty array when user not following anyone and not in groups[22m[39m
=== Personalized Feed Request ===
Building personalized feed for user: 68fe339bd61a71f81c1a20a2 type: [90mundefined[39m page: [33m1[39m

[90mstdout[2m | tests/routes/feed.test.js[2m > [22m[2mFeed Routes - Unit Tests[2m > [22m[2mGET / - Personalized Feed[2m > [22m[2mshould return empty array when user not following anyone and not in groups[22m[39m
User follows: [33m0[39m people

[90mstdout[2m | tests/routes/feed.test.js[2m > [22m[2mFeed Routes - Unit Tests[2m > [22m[2mGET / - Personalized Feed[2m > [22m[2mshould return empty array when user not following anyone and not in groups[22m[39m
User is member of: [33m0[39m groups
Loading full personalized feed...

[90mstdout[2m | tests/routes/feed.test.js[2m > [22m[2mFeed Routes - Unit Tests[2m > [22m[2mGET / - Personalized Feed[2m > [22m[2mshould return empty array when user not following anyone and not in groups[22m[39m
Returning 0 posts in personalized feed

 [32mΓ£ף[39m tests/routes/notifications.test.js[2m > [22mNotifications Routes - Unit Tests[2m > [22mPUT /mark-all-read - Mark All Notifications as Read[2m > [22mshould return 500 on database error
[90mstdout[2m | tests/routes/groupPosts.test.js[2m > [22m[2mGroup Posts Routes - Unit Tests[2m > [22m[2mGET /:groupId/posts - Get Group Posts[2m > [22m[2mshould enrich posts with user and group data[22m[39m
GET group posts request: {
  groupId: [32m'68fe339b0683ef8d86745d5c'[39m,
  userId: [32m'68fe339b0683ef8d86745d58'[39m
}

[90mstdout[2m | tests/routes/groupPosts.test.js[2m > [22m[2mGroup Posts Routes - Unit Tests[2m > [22m[2mGET /:groupId/posts - Get Group Posts[2m > [22m[2mshould enrich posts with user and group data[22m[39m
Group found: { name: [32m'Public Cooking Group'[39m, isPrivate: [33mfalse[39m, membersCount: [33m2[39m }
User permissions: {
  userId: [32m'68fe339b0683ef8d86745d58'[39m,
  isMember: [33mtrue[39m,
  isAdmin: [33mfalse[39m,
  isCreator: [33mfalse[39m,
  isPrivate: [33mfalse[39m
}
Member - showing approved posts + own pending posts

[90mstdout[2m | tests/routes/groupPosts.test.js[2m > [22m[2mGroup Posts Routes - Unit Tests[2m > [22m[2mGET /:groupId/posts - Get Group Posts[2m > [22m[2mshould enrich posts with user and group data[22m[39m
Posts query result: {
  totalPosts: [33m2[39m,
  query: {
    groupId: [32m'68fe339b0683ef8d86745d5c'[39m,
    [32m'$or'[39m: [ [36m[Object][39m, [36m[Object][39m ]
  },
  groupId: [32m'68fe339b0683ef8d86745d5c'[39m
}

[90mstdout[2m | tests/routes/groupPosts.test.js[2m > [22m[2mGroup Posts Routes - Unit Tests[2m > [22m[2mGET /:groupId/posts - Get Group Posts[2m > [22m[2mshould enrich posts with user and group data[22m[39m
Returning 2 posts for group Public Cooking Group

 [32mΓ£ף[39m tests/routes/groups.test.js[2m > [22mGroups Routes - Unit Tests[2m > [22mGET /search - Search Groups[2m > [22mshould be case insensitive[33m 329[2mms[22m[39m
 [32mΓ£ף[39m tests/routes/groupChats.test.js[2m > [22mGroup Chats Routes - Unit Tests[2m > [22mPOST / - Create Group Chat[2m > [22mshould return 500 on database error[33m 435[2mms[22m[39m
 [32mΓ£ף[39m tests/routes/feed.test.js[2m > [22mFeed Routes - Unit Tests[2m > [22mGET / - Personalized Feed[2m > [22mshould return empty array when user not following anyone and not in groups[33m 483[2mms[22m[39m
 [32mΓ£ף[39m tests/routes/groupPosts.test.js[2m > [22mGroup Posts Routes - Unit Tests[2m > [22mGET /:groupId/posts - Get Group Posts[2m > [22mshould enrich posts with user and group data[33m 338[2mms[22m[39m
[90mstdout[2m | tests/routes/chats.test.js[2m > [22m[2mChats Routes - Unit Tests[2m > [22m[2mGET /my - Get My Chats[2m > [22m[2mshould sort chats by updatedAt descending[22m[39m
Fetching chats for user: 68fe339bbe48e2507c1a605d

[90mstdout[2m | tests/routes/chats.test.js[2m > [22m[2mChats Routes - Unit Tests[2m > [22m[2mGET /my - Get My Chats[2m > [22m[2mshould sort chats by updatedAt descending[22m[39m
Found 2 chats for user

[90mstdout[2m | tests/routes/users.test.js[2m > [22m[2mUsers Routes - Unit Tests[2m > [22m[2mPUT/PATCH /profile - Update Profile[2m > [22m[2mshould return 404 when user not found[22m[39m
=== Profile Update Debug ===
Request body: { userId: [32m'68fe339b5105c32ee4ceb78d'[39m, fullName: [32m'Test'[39m }
MongoDB connected: [33mtrue[39m

[90mstdout[2m | tests/routes/users.test.js[2m > [22m[2mUsers Routes - Unit Tests[2m > [22m[2mPUT/PATCH /profile - Update Profile[2m > [22m[2mshould return 404 when user not found[22m[39m
ERROR: User not found: 68fe339b5105c32ee4ceb78d

 [32mΓ£ף[39m tests/routes/auth.test.js[2m > [22mAuth Routes - Unit Tests[2m > [22mPOST /register - User Registration[2m > [22mshould handle case-insensitive email duplicates[33m 510[2mms[22m[39m
 [32mΓ£ף[39m tests/routes/recipes.test.js[2m > [22mRecipes Routes - Unit Tests[2m > [22mGET /:id - Get Single Recipe[2m > [22mshould return 503 when database is not available[33m 338[2mms[22m[39m
 [32mΓ£ף[39m tests/routes/notifications.test.js[2m > [22mNotifications Routes - Unit Tests[2m > [22mGET /unread-count - Get Unread Count[2m > [22mshould return unread notification count
 [32mΓ£ף[39m tests/routes/chats.test.js[2m > [22mChats Routes - Unit Tests[2m > [22mGET /my - Get My Chats[2m > [22mshould sort chats by updatedAt descending[33m 335[2mms[22m[39m
 [32mΓ£ף[39m tests/routes/users.test.js[2m > [22mUsers Routes - Unit Tests[2m > [22mPUT/PATCH /profile - Update Profile[2m > [22mshould return 404 when user not found[33m 320[2mms[22m[39m
[90mstdout[2m | tests/routes/groups.test.js[2m > [22m[2mGroups Routes - Unit Tests[2m > [22m[2mGET /search - Search Groups[2m > [22m[2mshould exclude private groups for non-members[22m[39m
Groups search request: [Object: null prototype] {
  q: [32m'Baking'[39m,
  userId: [32m'68fe339b985631f2a08898ef'[39m
}
Searching groups with query: "Baking"
Search conditions: {
  "$and": [
    {
      "$or": [
        {
          "name": {
            "$regex": "Baking",
            "$options": "i"
          }
        },
        {
          "description": {
            "$regex": "Baking",
            "$options": "i"
          }
        },
        {
          "category": {
            "$regex": "Baking",
            "$options": "i"
          }
        }
      ]
    },
    {
      "$or": [
        {
          "isPrivate": {
            "$ne": true
          }
        },
        {
          "members.userId": "68fe339b985631f2a08898ef"
        }
      ]
    }
  ]
}

[90mstdout[2m | tests/routes/groups.test.js[2m > [22m[2mGroups Routes - Unit Tests[2m > [22m[2mGET /search - Search Groups[2m > [22m[2mshould exclude private groups for non-members[22m[39m
Found 0 groups matching search
Returning 0 groups for search query: "Baking"

[90mstdout[2m | tests/routes/groupPosts.test.js[2m > [22m[2mGroup Posts Routes - Unit Tests[2m > [22m[2mGET /:groupId/posts - Get Group Posts[2m > [22m[2mshould return empty array for private group when not member[22m[39m
GET group posts request: {
  groupId: [32m'68fe339b0683ef8d86745d7b'[39m,
  userId: [32m'68fe339b0683ef8d86745d75'[39m
}

[90mstdout[2m | tests/routes/groupPosts.test.js[2m > [22m[2mGroup Posts Routes - Unit Tests[2m > [22m[2mGET /:groupId/posts - Get Group Posts[2m > [22m[2mshould return empty array for private group when not member[22m[39m
Group found: { name: [32m'Private Baking Group'[39m, isPrivate: [33mtrue[39m, membersCount: [33m1[39m }
User permissions: {
  userId: [32m'68fe339b0683ef8d86745d75'[39m,
  isMember: [33mfalse[39m,
  isAdmin: [33mfalse[39m,
  isCreator: [33mfalse[39m,
  isPrivate: [33mtrue[39m
}
Access denied to private group, returning empty array

[90mstdout[2m | tests/routes/feed.test.js[2m > [22m[2mFeed Routes - Unit Tests[2m > [22m[2mGET / - Personalized Feed[2m > [22m[2mshould only show approved group posts[22m[39m
=== Personalized Feed Request ===
Building personalized feed for user: 68fe339bd61a71f81c1a20ac type: groups page: [33m1[39m

[90mstdout[2m | tests/routes/feed.test.js[2m > [22m[2mFeed Routes - Unit Tests[2m > [22m[2mGET / - Personalized Feed[2m > [22m[2mshould only show approved group posts[22m[39m
User follows: [33m1[39m people

[90mstdout[2m | tests/routes/feed.test.js[2m > [22m[2mFeed Routes - Unit Tests[2m > [22m[2mGET / - Personalized Feed[2m > [22m[2mshould only show approved group posts[22m[39m
User is member of: [33m1[39m groups
Loading groups posts only...

[90mstdout[2m | tests/routes/feed.test.js[2m > [22m[2mFeed Routes - Unit Tests[2m > [22m[2mGET / - Personalized Feed[2m > [22m[2mshould only show approved group posts[22m[39m
Returning 2 posts in personalized feed

 [32mΓ£ף[39m tests/routes/groups.test.js[2m > [22mGroups Routes - Unit Tests[2m > [22mGET /search - Search Groups[2m > [22mshould exclude private groups for non-members[33m 319[2mms[22m[39m
[90mstdout[2m | tests/routes/groupChats.test.js[2m > [22m[2mGroup Chats Routes - Unit Tests[2m > [22m[2mGET /my - Get My Group Chats[2m > [22m[2mshould return all group chats for user[22m[39m
Fetching group chats for user: 68fe339b369661bdc7c8a7d8

[90mstdout[2m | tests/routes/groupChats.test.js[2m > [22m[2mGroup Chats Routes - Unit Tests[2m > [22m[2mGET /my - Get My Group Chats[2m > [22m[2mshould return all group chats for user[22m[39m
Found 2 group chats for user

 [32mΓ£ף[39m tests/routes/groupPosts.test.js[2m > [22mGroup Posts Routes - Unit Tests[2m > [22mGET /:groupId/posts - Get Group Posts[2m > [22mshould return empty array for private group when not member[33m 316[2mms[22m[39m
 [32mΓ£ף[39m tests/routes/notifications.test.js[2m > [22mNotifications Routes - Unit Tests[2m > [22mGET /unread-count - Get Unread Count[2m > [22mshould return 0 when no unread notifications
[90mstdout[2m | tests/routes/recipes.test.js[2m > [22m[2mRecipes Routes - Unit Tests[2m > [22m[2mPUT /:id - Update Recipe[2m > [22m[2mshould update own recipe successfully[22m[39m
=== Recipe Update Debug ===
Recipe ID: 68fe339bc15b0a65b69b4dc8

[90mstdout[2m | tests/routes/recipes.test.js[2m > [22m[2mRecipes Routes - Unit Tests[2m > [22m[2mPUT /:id - Update Recipe[2m > [22m[2mshould update own recipe successfully[22m[39m
Γ£ו Recipe updated successfully: new ObjectId([32m'68fe339bc15b0a65b69b4dc8'[39m)

 [32mΓ£ף[39m tests/routes/feed.test.js[2m > [22mFeed Routes - Unit Tests[2m > [22mGET / - Personalized Feed[2m > [22mshould only show approved group posts[33m 350[2mms[22m[39m
[90mstdout[2m | tests/routes/users.test.js[2m > [22m[2mUsers Routes - Unit Tests[2m > [22m[2mPUT/PATCH /profile - Update Profile[2m > [22m[2mshould return 400 when email already exists[22m[39m
=== Profile Update Debug ===
Request body: { userId: [32m'68fe339b5105c32ee4ceb791'[39m, email: [32m'bob@test.com'[39m }
MongoDB connected: [33mtrue[39m

[90mstdout[2m | tests/routes/users.test.js[2m > [22m[2mUsers Routes - Unit Tests[2m > [22m[2mPUT/PATCH /profile - Update Profile[2m > [22m[2mshould return 400 when email already exists[22m[39m
Found user: alice@test.com
Updating user profile: {
  userId: [32m'68fe339b5105c32ee4ceb791'[39m,
  fullName: [90mundefined[39m,
  email: [32m'bob@test.com'[39m,
  bio: [90mundefined[39m,
  hasAvatar: [33mfalse[39m,
  avatarLength: [33m0[39m
}

 [32mΓ£ף[39m tests/routes/groupChats.test.js[2m > [22mGroup Chats Routes - Unit Tests[2m > [22mGET /my - Get My Group Chats[2m > [22mshould return all group chats for user[33m 439[2mms[22m[39m
[90mstdout[2m | tests/routes/chats.test.js[2m > [22m[2mChats Routes - Unit Tests[2m > [22m[2mGET /my - Get My Chats[2m > [22m[2mshould return empty array when user has no chats[22m[39m
Fetching chats for user: 68fe339bbe48e2507c1a608c

[90mstdout[2m | tests/routes/chats.test.js[2m > [22m[2mChats Routes - Unit Tests[2m > [22m[2mGET /my - Get My Chats[2m > [22m[2mshould return empty array when user has no chats[22m[39m
Found 0 chats for user

 [32mΓ£ף[39m tests/routes/recipes.test.js[2m > [22mRecipes Routes - Unit Tests[2m > [22mPUT /:id - Update Recipe[2m > [22mshould update own recipe successfully[33m 335[2mms[22m[39m
 [32mΓ£ף[39m tests/routes/auth.test.js[2m > [22mAuth Routes - Unit Tests[2m > [22mPOST /register - User Registration[2m > [22mshould handle empty string fields[33m 399[2mms[22m[39m
 [32mΓ£ף[39m tests/routes/users.test.js[2m > [22mUsers Routes - Unit Tests[2m > [22mPUT/PATCH /profile - Update Profile[2m > [22mshould return 400 when email already exists[33m 320[2mms[22m[39m
[90mstdout[2m | tests/routes/groups.test.js[2m > [22m[2mGroups Routes - Unit Tests[2m > [22m[2mGET /search - Search Groups[2m > [22m[2mshould include private groups for members[22m[39m
Groups search request: [Object: null prototype] {
  q: [32m'Baking'[39m,
  userId: [32m'68fe339b985631f2a08898ff'[39m
}
Searching groups with query: "Baking"
Search conditions: {
  "$and": [
    {
      "$or": [
        {
          "name": {
            "$regex": "Baking",
            "$options": "i"
          }
        },
        {
          "description": {
            "$regex": "Baking",
            "$options": "i"
          }
        },
        {
          "category": {
            "$regex": "Baking",
            "$options": "i"
          }
        }
      ]
    },
    {
      "$or": [
        {
          "isPrivate": {
            "$ne": true
          }
        },
        {
          "members.userId": "68fe339b985631f2a08898ff"
        }
      ]
    }
  ]
}

[90mstdout[2m | tests/routes/groups.test.js[2m > [22m[2mGroups Routes - Unit Tests[2m > [22m[2mGET /search - Search Groups[2m > [22m[2mshould include private groups for members[22m[39m
Found 1 groups matching search

[90mstdout[2m | tests/routes/groups.test.js[2m > [22m[2mGroups Routes - Unit Tests[2m > [22m[2mGET /search - Search Groups[2m > [22m[2mshould include private groups for members[22m[39m
Returning 1 groups for search query: "Baking"

 [32mΓ£ף[39m tests/routes/chats.test.js[2m > [22mChats Routes - Unit Tests[2m > [22mGET /my - Get My Chats[2m > [22mshould return empty array when user has no chats[33m 411[2mms[22m[39m
[90mstdout[2m | tests/routes/groupPosts.test.js[2m > [22m[2mGroup Posts Routes - Unit Tests[2m > [22m[2mGET /:groupId/posts - Get Group Posts[2m > [22m[2mshould show only approved posts for regular members[22m[39m
GET group posts request: {
  groupId: [32m'68fe339b0683ef8d86745d99'[39m,
  userId: [32m'68fe339b0683ef8d86745d8c'[39m
}

[90mstdout[2m | tests/routes/groupPosts.test.js[2m > [22m[2mGroup Posts Routes - Unit Tests[2m > [22m[2mGET /:groupId/posts - Get Group Posts[2m > [22m[2mshould show only approved posts for regular members[22m[39m
Group found: { name: [32m'Test Approval Group'[39m, isPrivate: [33mfalse[39m, membersCount: [33m3[39m }
User permissions: {
  userId: [32m'68fe339b0683ef8d86745d8c'[39m,
  isMember: [33mtrue[39m,
  isAdmin: [33mfalse[39m,
  isCreator: [33mfalse[39m,
  isPrivate: [33mfalse[39m
}
Member - showing approved posts + own pending posts

[90mstdout[2m | tests/routes/groupPosts.test.js[2m > [22m[2mGroup Posts Routes - Unit Tests[2m > [22m[2mGET /:groupId/posts - Get Group Posts[2m > [22m[2mshould show only approved posts for regular members[22m[39m
Posts query result: {
  totalPosts: [33m1[39m,
  query: {
    groupId: [32m'68fe339b0683ef8d86745d99'[39m,
    [32m'$or'[39m: [ [36m[Object][39m, [36m[Object][39m ]
  },
  groupId: [32m'68fe339b0683ef8d86745d99'[39m
}

[90mstdout[2m | tests/routes/groupPosts.test.js[2m > [22m[2mGroup Posts Routes - Unit Tests[2m > [22m[2mGET /:groupId/posts - Get Group Posts[2m > [22m[2mshould show only approved posts for regular members[22m[39m
Returning 1 posts for group Test Approval Group

[90mstdout[2m | tests/routes/feed.test.js[2m > [22m[2mFeed Routes - Unit Tests[2m > [22m[2mGET / - Personalized Feed[2m > [22m[2mshould not show posts from private groups user is not member of[22m[39m
=== Personalized Feed Request ===
Building personalized feed for user: 68fe339bd61a71f81c1a20d6 type: [90mundefined[39m page: [33m1[39m

[90mstdout[2m | tests/routes/feed.test.js[2m > [22m[2mFeed Routes - Unit Tests[2m > [22m[2mGET / - Personalized Feed[2m > [22m[2mshould not show posts from private groups user is not member of[22m[39m
User follows: [33m1[39m people

[90mstdout[2m | tests/routes/feed.test.js[2m > [22m[2mFeed Routes - Unit Tests[2m > [22m[2mGET / - Personalized Feed[2m > [22m[2mshould not show posts from private groups user is not member of[22m[39m
User is member of: [33m1[39m groups
Loading full personalized feed...

[90mstdout[2m | tests/routes/feed.test.js[2m > [22m[2mFeed Routes - Unit Tests[2m > [22m[2mGET / - Personalized Feed[2m > [22m[2mshould not show posts from private groups user is not member of[22m[39m
Returning 4 posts in personalized feed

 [32mΓ£ף[39m tests/routes/groups.test.js[2m > [22mGroups Routes - Unit Tests[2m > [22mGET /search - Search Groups[2m > [22mshould include private groups for members[33m 340[2mms[22m[39m
 [32mΓ£ף[39m tests/routes/notifications.test.js[2m > [22mNotifications Routes - Unit Tests[2m > [22mGET /unread-count - Get Unread Count[2m > [22mshould return 0 when user has no notifications[33m 309[2mms[22m[39m
 [32mΓ£ף[39m tests/routes/groupPosts.test.js[2m > [22mGroup Posts Routes - Unit Tests[2m > [22mGET /:groupId/posts - Get Group Posts[2m > [22mshould show only approved posts for regular members[33m 335[2mms[22m[39m
[90mstdout[2m | tests/routes/recipes.test.js[2m > [22m[2mRecipes Routes - Unit Tests[2m > [22m[2mPUT /:id - Update Recipe[2m > [22m[2mshould return 403 when trying to update someone else recipe[22m[39m
=== Recipe Update Debug ===
Recipe ID: 68fe339cc15b0a65b69b4dd8

[90mstdout[2m | tests/routes/users.test.js[2m > [22m[2mUsers Routes - Unit Tests[2m > [22m[2mPUT/PATCH /profile - Update Profile[2m > [22m[2mshould allow updating to same email[22m[39m
=== Profile Update Debug ===
Request body: {
  userId: [32m'68fe339b5105c32ee4ceb79b'[39m,
  email: [32m'alice@test.com'[39m,
  fullName: [32m'Updated Name'[39m
}
MongoDB connected: [33mtrue[39m

[90mstdout[2m | tests/routes/users.test.js[2m > [22m[2mUsers Routes - Unit Tests[2m > [22m[2mPUT/PATCH /profile - Update Profile[2m > [22m[2mshould allow updating to same email[22m[39m
Found user: alice@test.com
Updating user profile: {
  userId: [32m'68fe339b5105c32ee4ceb79b'[39m,
  fullName: [32m'Updated Name'[39m,
  email: [32m'alice@test.com'[39m,
  bio: [90mundefined[39m,
  hasAvatar: [33mfalse[39m,
  avatarLength: [33m0[39m
}

[90mstdout[2m | tests/routes/users.test.js[2m > [22m[2mUsers Routes - Unit Tests[2m > [22m[2mPUT/PATCH /profile - Update Profile[2m > [22m[2mshould allow updating to same email[22m[39m
Profile updated successfully

 [32mΓ£ף[39m tests/routes/feed.test.js[2m > [22mFeed Routes - Unit Tests[2m > [22mGET / - Personalized Feed[2m > [22mshould not show posts from private groups user is not member of[33m 361[2mms[22m[39m
[90mstdout[2m | tests/routes/groupChats.test.js[2m > [22m[2mGroup Chats Routes - Unit Tests[2m > [22m[2mGET /my - Get My Group Chats[2m > [22m[2mshould sort by updatedAt descending[22m[39m
Fetching group chats for user: 68fe339b369661bdc7c8a7f8

[90mstdout[2m | tests/routes/groupChats.test.js[2m > [22m[2mGroup Chats Routes - Unit Tests[2m > [22m[2mGET /my - Get My Group Chats[2m > [22m[2mshould sort by updatedAt descending[22m[39m
Found 2 group chats for user

 [32mΓ£ף[39m tests/routes/recipes.test.js[2m > [22mRecipes Routes - Unit Tests[2m > [22mPUT /:id - Update Recipe[2m > [22mshould return 403 when trying to update someone else recipe[33m 323[2mms[22m[39m
 [32mΓ£ף[39m tests/routes/users.test.js[2m > [22mUsers Routes - Unit Tests[2m > [22mPUT/PATCH /profile - Update Profile[2m > [22mshould allow updating to same email[33m 327[2mms[22m[39m
[90mstdout[2m | tests/routes/groups.test.js[2m > [22m[2mGroups Routes - Unit Tests[2m > [22m[2mGET /search - Search Groups[2m > [22m[2mshould enrich groups with creator and counts[22m[39m
Groups search request: [Object: null prototype] { q: [32m'Cooking'[39m }
Searching groups with query: "Cooking"
Search conditions: {
  "$and": [
    {
      "$or": [
        {
          "name": {
            "$regex": "Cooking",
            "$options": "i"
          }
        },
        {
          "description": {
            "$regex": "Cooking",
            "$options": "i"
          }
        },
        {
          "category": {
            "$regex": "Cooking",
            "$options": "i"
          }
        }
      ]
    },
    {
      "isPrivate": {
        "$ne": true
      }
    }
  ]
}

[90mstderr[2m | tests/routes/auth.test.js[2m > [22m[2mAuth 
Routes - Unit Tests[2m > [22m[2mPOST /register - User 
Registration[2m > [22m[2mshould handle whitespace-only 
fullName[22m[39m
Registration error: Error: User validation failed: fullName: Path 
`fullName` is required.
    at ValidationError.inspect [90m(C:\Users\lirhe\Documents\FlavorWo
rldWebsite\server\[39mnode_modules\[4mmongoose[24m\lib\error\valida
tion.js:52:26[90m)[39m
[90m    at formatValue (node:internal/util/inspect:850:19)[39m
[90m    at inspect (node:internal/util/inspect:387:10)[39m
[90m    at formatWithOptionsInternal 
(node:internal/util/inspect:2366:40)[39m
[90m    at formatWithOptions 
(node:internal/util/inspect:2228:10)[39m
[90m    at Console.value 
(node:internal/console/constructor:345:14)[39m
[90m    at Console.error 
(node:internal/console/constructor:412:61)[39m
    at [90mC:\Users\lirhe\Documents\FlavorWorldWebsite\server\[39msr
c\routes\auth.js:65:13
[90m    at processTicksAndRejections 
(node:internal/process/task_queues:105:5)[39m {
  errors: {
    fullName: ValidatorError: Path `fullName` is required.
        at validate [90m(C:\Users\lirhe\Documents\FlavorWorldWebsite\
server\[39mnode_modules\[4mmongoose[24m\lib\schemaType.js:1407:13[
90m)[39m
        at SchemaString.SchemaType.doValidate [90m(C:\Users\lirhe\Doc
uments\FlavorWorldWebsite\server\[39mnode_modules\[4mmongoose[24m\l
ib\schemaType.js:1391:7[90m)[39m
        at [90mC:\Users\lirhe\Documents\FlavorWorldWebsite\server\[3
9mnode_modules\[4mmongoose[24m\lib\document.js:3111:18
    [90m    at processTicksAndRejections 
(node:internal/process/task_queues:85:11)[39m {
      properties: [36m[Object][39m,
      kind: [32m'required'[39m,
      path: [32m'fullName'[39m,
      value: [32m''[39m,
      reason: [90mundefined[39m,
      [[32mSymbol(mongoose#validatorError)[39m]: [33mtrue[39m
    }
  },
  _message: [32m'User validation failed'[39m
}

[90mstdout[2m | tests/routes/groups.test.js[2m > [22m[2mGroups Routes - Unit Tests[2m > [22m[2mGET /search - Search Groups[2m > [22m[2mshould enrich groups with creator and counts[22m[39m
Found 1 groups matching search

 [32mΓ£ף[39m tests/routes/notifications.test.js[2m > [22mNotifications Routes - Unit Tests[2m > [22mGET /unread-count - Get Unread Count[2m > [22mshould return 400 when userId is missing
[90mstdout[2m | tests/routes/groups.test.js[2m > [22m[2mGroups Routes - Unit Tests[2m > [22m[2mGET /search - Search Groups[2m > [22m[2mshould enrich groups with creator and counts[22m[39m
Returning 1 groups for search query: "Cooking"

 [32mΓ£ף[39m tests/routes/groupChats.test.js[2m > [22mGroup Chats Routes - Unit Tests[2m > [22mGET /my - Get My Group Chats[2m > [22mshould sort by updatedAt descending[33m 440[2mms[22m[39m
 [32mΓ£ף[39m tests/routes/chats.test.js[2m > [22mChats Routes - Unit Tests[2m > [22mGET /my - Get My Chats[2m > [22mshould return 503 when database is not available[33m 325[2mms[22m[39m
[90mstdout[2m | tests/routes/groupPosts.test.js[2m > [22m[2mGroup Posts Routes - Unit Tests[2m > [22m[2mGET /:groupId/posts - Get Group Posts[2m > [22m[2mshould show own pending posts for member[22m[39m
GET group posts request: {
  groupId: [32m'68fe339c0683ef8d86745db2'[39m,
  userId: [32m'68fe339c0683ef8d86745dae'[39m
}

[90mstdout[2m | tests/routes/groupPosts.test.js[2m > [22m[2mGroup Posts Routes - Unit Tests[2m > [22m[2mGET /:groupId/posts - Get Group Posts[2m > [22m[2mshould show own pending posts for member[22m[39m
Group found: { name: [32m'Public Cooking Group'[39m, isPrivate: [33mfalse[39m, membersCount: [33m2[39m }
User permissions: {
  userId: [32m'68fe339c0683ef8d86745dae'[39m,
  isMember: [33mtrue[39m,
  isAdmin: [33mfalse[39m,
  isCreator: [33mfalse[39m,
  isPrivate: [33mfalse[39m
}
Member - showing approved posts + own pending posts

[90mstdout[2m | tests/routes/groupPosts.test.js[2m > [22m[2mGroup Posts Routes - Unit Tests[2m > [22m[2mGET /:groupId/posts - Get Group Posts[2m > [22m[2mshould show own pending posts for member[22m[39m
Posts query result: {
  totalPosts: [33m3[39m,
  query: {
    groupId: [32m'68fe339c0683ef8d86745db2'[39m,
    [32m'$or'[39m: [ [36m[Object][39m, [36m[Object][39m ]
  },
  groupId: [32m'68fe339c0683ef8d86745db2'[39m
}

[90mstdout[2m | tests/routes/groupPosts.test.js[2m > [22m[2mGroup Posts Routes - Unit Tests[2m > [22m[2mGET /:groupId/posts - Get Group Posts[2m > [22m[2mshould show own pending posts for member[22m[39m
Returning 3 posts for group Public Cooking Group

[90mstdout[2m | tests/routes/feed.test.js[2m > [22m[2mFeed Routes - Unit Tests[2m > [22m[2mGET / - Personalized Feed[2m > [22m[2mshould return 400 when userId is missing[22m[39m
=== Personalized Feed Request ===

 [32mΓ£ף[39m tests/routes/groups.test.js[2m > [22mGroups Routes - Unit Tests[2m > [22mGET /search - Search Groups[2m > [22mshould enrich groups with creator and counts[33m 326[2mms[22m[39m
 [32mΓ£ף[39m tests/routes/auth.test.js[2m > [22mAuth Routes - Unit Tests[2m > [22mPOST /register - User Registration[2m > [22mshould handle whitespace-only fullName[33m 502[2mms[22m[39m
[90mstdout[2m | tests/routes/recipes.test.js[2m > [22m[2mRecipes Routes - Unit Tests[2m > [22m[2mPUT /:id - Update Recipe[2m > [22m[2mshould return 404 when recipe not found[22m[39m
=== Recipe Update Debug ===
Recipe ID: 68fe339cc15b0a65b69b4deb

 [32mΓ£ף[39m tests/routes/groupPosts.test.js[2m > [22mGroup Posts Routes - Unit Tests[2m > [22mGET /:groupId/posts - Get Group Posts[2m > [22mshould show own pending posts for member[33m 329[2mms[22m[39m
[90mstdout[2m | tests/routes/users.test.js[2m > [22m[2mUsers Routes - Unit Tests[2m > [22m[2mPUT/PATCH /profile - Update Profile[2m > [22m[2mshould return 503 when database is not available[22m[39m
=== Profile Update Debug ===
Request body: { userId: [32m'68fe339c5105c32ee4ceb7a5'[39m, fullName: [32m'Test'[39m }
MongoDB connected: [33mfalse[39m

 [32mΓ£ף[39m tests/routes/feed.test.js[2m > [22mFeed Routes - Unit Tests[2m > [22mGET / - Personalized Feed[2m > [22mshould return 400 when userId is missing[33m 331[2mms[22m[39m
 [32mΓ£ף[39m tests/routes/notifications.test.js[2m > [22mNotifications Routes - Unit Tests[2m > [22mGET /unread-count - Get Unread Count[2m > [22mshould return 503 when database is not available
[90mstdout[2m | tests/routes/chats.test.js[2m > [22m[2mChats Routes - Unit Tests[2m > [22m[2mGET /my - Get My Chats[2m > [22m[2mshould return 500 on database error[22m[39m
Fetching chats for user: 68fe339cbe48e2507c1a60b1

 [32mΓ£ף[39m tests/routes/recipes.test.js[2m > [22mRecipes Routes - Unit Tests[2m > [22mPUT /:id - Update Recipe[2m > [22mshould return 404 when recipe not found[33m 324[2mms[22m[39m
 [32mΓ£ף[39m tests/routes/users.test.js[2m > [22mUsers Routes - Unit Tests[2m > [22mPUT/PATCH /profile - Update Profile[2m > [22mshould return 503 when database is not available[33m 309[2mms[22m[39m
[90mstdout[2m | tests/routes/groups.test.js[2m > [22m[2mGroups Routes - Unit Tests[2m > [22m[2mGET /search - Search Groups[2m > [22m[2mshould return 400 when query is missing[22m[39m
Groups search request: [Object: null prototype] {}

[90mstdout[2m | tests/routes/groupChats.test.js[2m > [22m[2mGroup Chats Routes - Unit Tests[2m > [22m[2mGET /my - Get My Group Chats[2m > [22m[2mshould enrich with user data and counts[22m[39m
Fetching group chats for user: 68fe339c369661bdc7c8a819

[90mstderr[2m | tests/routes/notifications.test.js[2m > 
[22m[2mNotifications Routes - Unit Tests[2m > [22m[2mGET 
/unread-count - Get Unread Count[2m > [22m[2mshould return count 0 
on database error[22m[39m
Error getting unread count: Error: DB Error
    at [90mC:\Users\lirhe\Documents\FlavorWorldWebsite\server\[39mte
sts\routes\notifications.test.js:397:66
    at [90mfile:///C:/Users/lirhe/Documents/FlavorWorldWebsite/server
/[39mnode_modules/[4m@vitest[24m/runner/dist/index.js:135:14
    at [90mfile:///C:/Users/lirhe/Documents/FlavorWorldWebsite/server
/[39mnode_modules/[4m@vitest[24m/runner/dist/index.js:60:26
    at runTest [90m(file:///C:/Users/lirhe/Documents/FlavorWorldWebsi
te/server/[39mnode_modules/[4m@vitest[24m/runner/dist/index.js:781:
17[90m)[39m
[90m    at processTicksAndRejections 
(node:internal/process/task_queues:105:5)[39m
    at runSuite [90m(file:///C:/Users/lirhe/Documents/FlavorWorldWebs
ite/server/[39mnode_modules/[4m@vitest[24m/runner/dist/index.js:909
:15[90m)[39m
    at runSuite [90m(file:///C:/Users/lirhe/Documents/FlavorWorldWebs
ite/server/[39mnode_modules/[4m@vitest[24m/runner/dist/index.js:909
:15[90m)[39m
    at runSuite [90m(file:///C:/Users/lirhe/Documents/FlavorWorldWebs
ite/server/[39mnode_modules/[4m@vitest[24m/runner/dist/index.js:909
:15[90m)[39m
    at runFiles [90m(file:///C:/Users/lirhe/Documents/FlavorWorldWebs
ite/server/[39mnode_modules/[4m@vitest[24m/runner/dist/index.js:958
:5[90m)[39m
    at startTests [90m(file:///C:/Users/lirhe/Documents/FlavorWorldWe
bsite/server/[39mnode_modules/[4m@vitest[24m/runner/dist/index.js:9
67:3[90m)[39m

[90mstdout[2m | tests/routes/groupChats.test.js[2m > [22m[2mGroup Chats Routes - Unit Tests[2m > [22m[2mGET /my - Get My Group Chats[2m > [22m[2mshould enrich with user data and counts[22m[39m
Found 2 group chats for user

 [32mΓ£ף[39m tests/routes/chats.test.js[2m > [22mChats Routes - Unit Tests[2m > [22mGET /my - Get My Chats[2m > [22mshould return 500 on database error[33m 329[2mms[22m[39m
[90mstdout[2m | tests/routes/groupPosts.test.js[2m > [22m[2mGroup Posts Routes - Unit Tests[2m > [22m[2mGET /:groupId/posts - Get Group Posts[2m > [22m[2mshould show all posts for admin[22m[39m
GET group posts request: {
  groupId: [32m'68fe339c0683ef8d86745dd0'[39m,
  userId: [32m'68fe339c0683ef8d86745dca'[39m
}

[90mstdout[2m | tests/routes/groupPosts.test.js[2m > [22m[2mGroup Posts Routes - Unit Tests[2m > [22m[2mGET /:groupId/posts - Get Group Posts[2m > [22m[2mshould show all posts for admin[22m[39m
Group found: { name: [32m'Public Cooking Group'[39m, isPrivate: [33mfalse[39m, membersCount: [33m2[39m }
User permissions: {
  userId: [32m'68fe339c0683ef8d86745dca'[39m,
  isMember: [33mtrue[39m,
  isAdmin: [33mtrue[39m,
  isCreator: [33mtrue[39m,
  isPrivate: [33mfalse[39m
}
Admin/Creator - showing all posts

[90mstdout[2m | tests/routes/groupPosts.test.js[2m > [22m[2mGroup Posts Routes - Unit Tests[2m > [22m[2mGET /:groupId/posts - Get Group Posts[2m > [22m[2mshould show all posts for admin[22m[39m
Posts query result: {
  totalPosts: [33m3[39m,
  query: { groupId: [32m'68fe339c0683ef8d86745dd0'[39m },
  groupId: [32m'68fe339c0683ef8d86745dd0'[39m
}

[90mstdout[2m | tests/routes/groupPosts.test.js[2m > [22m[2mGroup Posts Routes - Unit Tests[2m > [22m[2mGET /:groupId/posts - Get Group Posts[2m > [22m[2mshould show all posts for admin[22m[39m
Returning 3 posts for group Public Cooking Group

[90mstderr[2m | tests/routes/auth.test.js[2m > [22m[2mAuth 
Routes - Unit Tests[2m > [22m[2mPOST /register - User 
Registration[2m > [22m[2mshould return 500 on database 
error[22m[39m
Registration error: Error: DB Error
    at [90mC:\Users\lirhe\Documents\FlavorWorldWebsite\server\[39mte
sts\routes\auth.test.js:220:51
    at [90mfile:///C:/Users/lirhe/Documents/FlavorWorldWebsite/server
/[39mnode_modules/[4m@vitest[24m/runner/dist/index.js:135:14
    at [90mfile:///C:/Users/lirhe/Documents/FlavorWorldWebsite/server
/[39mnode_modules/[4m@vitest[24m/runner/dist/index.js:60:26
    at runTest [90m(file:///C:/Users/lirhe/Documents/FlavorWorldWebsi
te/server/[39mnode_modules/[4m@vitest[24m/runner/dist/index.js:781:
17[90m)[39m
[90m    at processTicksAndRejections 
(node:internal/process/task_queues:105:5)[39m
    at runSuite [90m(file:///C:/Users/lirhe/Documents/FlavorWorldWebs
ite/server/[39mnode_modules/[4m@vitest[24m/runner/dist/index.js:909
:15[90m)[39m
    at runSuite [90m(file:///C:/Users/lirhe/Documents/FlavorWorldWebs
ite/server/[39mnode_modules/[4m@vitest[24m/runner/dist/index.js:909
:15[90m)[39m
    at runSuite [90m(file:///C:/Users/lirhe/Documents/FlavorWorldWebs
ite/server/[39mnode_modules/[4m@vitest[24m/runner/dist/index.js:909
:15[90m)[39m
    at runFiles [90m(file:///C:/Users/lirhe/Documents/FlavorWorldWebs
ite/server/[39mnode_modules/[4m@vitest[24m/runner/dist/index.js:958
:5[90m)[39m
    at startTests [90m(file:///C:/Users/lirhe/Documents/FlavorWorldWe
bsite/server/[39mnode_modules/[4m@vitest[24m/runner/dist/index.js:9
67:3[90m)[39m

 [32mΓ£ף[39m tests/routes/groups.test.js[2m > [22mGroups Routes - Unit Tests[2m > [22mGET /search - Search Groups[2m > [22mshould return 400 when query is missing[33m 308[2mms[22m[39m
[90mstdout[2m | tests/routes/feed.test.js[2m > [22m[2mFeed Routes - Unit Tests[2m > [22m[2mGET / - Personalized Feed[2m > [22m[2mshould return 400 for invalid userId[22m[39m
=== Personalized Feed Request ===

 [32mΓ£ף[39m tests/routes/notifications.test.js[2m > [22mNotifications Routes - Unit Tests[2m > [22mGET /unread-count - Get Unread Count[2m > [22mshould return count 0 on database error
 [32mΓ£ף[39m tests/routes/groupChats.test.js[2m > [22mGroup Chats Routes - Unit Tests[2m > [22mGET /my - Get My Group Chats[2m > [22mshould enrich with user data and counts[33m 424[2mms[22m[39m
[90mstdout[2m | tests/routes/users.test.js[2m > [22m[2mUsers Routes - Unit Tests[2m > [22m[2mPUT/PATCH /profile - Update Profile[2m > [22m[2mshould return 500 on database error[22m[39m
=== Profile Update Debug ===
Request body: { userId: [32m'68fe339c5105c32ee4ceb7ad'[39m, fullName: [32m'Test'[39m }
MongoDB connected: [33mtrue[39m

 [32mΓ£ף[39m tests/routes/groupPosts.test.js[2m > [22mGroup Posts Routes - Unit Tests[2m > [22mGET /:groupId/posts - Get Group Posts[2m > [22mshould show all posts for admin[33m 329[2mms[22m[39m
 [32mΓ£ף[39m tests/routes/auth.test.js[2m > [22mAuth Routes - Unit Tests[2m > [22mPOST /register - User Registration[2m > [22mshould return 500 on database error[33m 408[2mms[22m[39m
 [32mΓ£ף[39m tests/routes/feed.test.js[2m > [22mFeed Routes - Unit Tests[2m > [22mGET / - Personalized Feed[2m > [22mshould return 400 for invalid userId[33m 337[2mms[22m[39m
[90mstdout[2m | tests/routes/notifications.test.js[2m > [22m[2mNotifications Routes - Unit Tests[2m > [22m[2mIntegration Tests[2m > [22m[2mshould handle complete notification flow[22m[39m
Fetching notifications
Getting notifications for user: 68fe339cfde4491bd5a4d029

[90mstdout[2m | tests/routes/notifications.test.js[2m > [22m[2mNotifications Routes - Unit Tests[2m > [22m[2mIntegration Tests[2m > [22m[2mshould handle complete notification flow[22m[39m
Found 3 notifications

 [32mΓ£ף[39m tests/routes/recipes.test.js[2m > [22mRecipes Routes - Unit Tests[2m > [22mPUT /:id - Update Recipe[2m > [22mshould return 401 when no auth token[33m 313[2mms[22m[39m
[90mstdout[2m | tests/routes/notifications.test.js[2m > [22m[2mNotifications Routes - Unit Tests[2m > [22m[2mIntegration Tests[2m > [22m[2mshould handle complete notification flow[22m[39m
Marking notification as read: 68fe339cfde4491bd5a4d02d

[90mstdout[2m | tests/routes/notifications.test.js[2m > [22m[2mNotifications Routes - Unit Tests[2m > [22m[2mIntegration Tests[2m > [22m[2mshould handle complete notification flow[22m[39m
Notification marked as read

 [32mΓ£ף[39m tests/routes/users.test.js[2m > [22mUsers Routes - Unit Tests[2m > [22mPUT/PATCH /profile - Update Profile[2m > [22mshould return 500 on database error[33m 310[2mms[22m[39m
[90mstdout[2m | tests/routes/notifications.test.js[2m > [22m[2mNotifications Routes - Unit Tests[2m > [22m[2mIntegration Tests[2m > [22m[2mshould handle complete notification flow[22m[39m
Marking all notifications as read

[90mstdout[2m | tests/routes/notifications.test.js[2m > [22m[2mNotifications Routes - Unit Tests[2m > [22m[2mIntegration Tests[2m > [22m[2mshould handle complete notification flow[22m[39m
All notifications marked as read

[90mstdout[2m | tests/routes/chats.test.js[2m > [22m[2mChats Routes - Unit Tests[2m > [22m[2mGET /:chatId/messages - Get Chat Messages[2m > [22m[2mshould return messages for a chat[22m[39m
Fetching messages for chat 68fe339cbe48e2507c1a60d0, page 1

[90mstdout[2m | tests/routes/chats.test.js[2m > [22m[2mChats Routes - Unit Tests[2m > [22m[2mGET /:chatId/messages - Get Chat Messages[2m > [22m[2mshould return messages for a chat[22m[39m
Found 10 messages

[90mstdout[2m | tests/routes/groups.test.js[2m > [22m[2mGroups Routes - Unit Tests[2m > [22m[2mGET /search - Search Groups[2m > [22m[2mshould return 400 when query is empty[22m[39m
Groups search request: [Object: null prototype] { q: [32m'   '[39m }

[90mstdout[2m | tests/routes/groupPosts.test.js[2m > [22m[2mGroup Posts Routes - Unit Tests[2m > [22m[2mGET /:groupId/posts - Get Group Posts[2m > [22m[2mshould sort posts by date descending[22m[39m
GET group posts request: {
  groupId: [32m'68fe339c0683ef8d86745dee'[39m,
  userId: [32m'68fe339c0683ef8d86745dea'[39m
}

[90mstdout[2m | tests/routes/groupPosts.test.js[2m > [22m[2mGroup Posts Routes - Unit Tests[2m > [22m[2mGET /:groupId/posts - Get Group Posts[2m > [22m[2mshould sort posts by date descending[22m[39m
Group found: { name: [32m'Public Cooking Group'[39m, isPrivate: [33mfalse[39m, membersCount: [33m2[39m }
User permissions: {
  userId: [32m'68fe339c0683ef8d86745dea'[39m,
  isMember: [33mtrue[39m,
  isAdmin: [33mfalse[39m,
  isCreator: [33mfalse[39m,
  isPrivate: [33mfalse[39m
}
Member - showing approved posts + own pending posts

 [32mΓ£ף[39m tests/routes/notifications.test.js[2m > [22mNotifications Routes - Unit Tests[2m > [22mIntegration Tests[2m > [22mshould handle complete notification flow
[90mstdout[2m | tests/routes/groupPosts.test.js[2m > [22m[2mGroup Posts Routes - Unit Tests[2m > [22m[2mGET /:groupId/posts - Get Group Posts[2m > [22m[2mshould sort posts by date descending[22m[39m
Posts query result: {
  totalPosts: [33m2[39m,
  query: {
    groupId: [32m'68fe339c0683ef8d86745dee'[39m,
    [32m'$or'[39m: [ [36m[Object][39m, [36m[Object][39m ]
  },
  groupId: [32m'68fe339c0683ef8d86745dee'[39m
}

[90mstdout[2m | tests/routes/groupPosts.test.js[2m > [22m[2mGroup Posts Routes - Unit Tests[2m > [22m[2mGET /:groupId/posts - Get Group Posts[2m > [22m[2mshould sort posts by date descending[22m[39m
Returning 2 posts for group Public Cooking Group

 [32mΓ£ף[39m tests/routes/chats.test.js[2m > [22mChats Routes - Unit Tests[2m > [22mGET /:chatId/messages - Get Chat Messages[2m > [22mshould return messages for a chat[33m 341[2mms[22m[39m
 [32mΓ£ף[39m tests/routes/groups.test.js[2m > [22mGroups Routes - Unit Tests[2m > [22mGET /search - Search Groups[2m > [22mshould return 400 when query is empty[33m 313[2mms[22m[39m
[90mstdout[2m | tests/routes/feed.test.js[2m > [22m[2mFeed Routes - Unit Tests[2m > [22m[2mGET / - Personalized Feed[2m > [22m[2mshould return 404 when user not found[22m[39m
=== Personalized Feed Request ===
Building personalized feed for user: 68fe339dd61a71f81c1a2168 type: [90mundefined[39m page: [33m1[39m

 [32mΓ£ף[39m tests/routes/groupPosts.test.js[2m > [22mGroup Posts Routes - Unit Tests[2m > [22mGET /:groupId/posts - Get Group Posts[2m > [22mshould sort posts by date descending[33m 321[2mms[22m[39m
[90mstdout[2m | tests/routes/notifications.test.js[2m > [22m[2mNotifications Routes - Unit Tests[2m > [22m[2mIntegration Tests[2m > [22m[2mshould handle multiple notification types[22m[39m
Fetching notifications
Getting notifications for user: 68fe339cfde4491bd5a4d03b

[90mstdout[2m | tests/routes/notifications.test.js[2m > [22m[2mNotifications Routes - Unit Tests[2m > [22m[2mIntegration Tests[2m > [22m[2mshould handle multiple notification types[22m[39m
Found 7 notifications

 [32mΓ£ף[39m tests/routes/notifications.test.js[2m > [22mNotifications Routes - Unit Tests[2m > [22mIntegration Tests[2m > [22mshould handle multiple notification types
[90mstdout[2m | tests/routes/groupChats.test.js[2m > [22m[2mGroup Chats Routes - Unit Tests[2m > [22m[2mGET /my - Get My Group Chats[2m > [22m[2mshould return empty array when user has no group chats[22m[39m
Fetching group chats for user: 68fe339d369661bdc7c8a84f

[90mstdout[2m | tests/routes/groupChats.test.js[2m > [22m[2mGroup Chats Routes - Unit Tests[2m > [22m[2mGET /my - Get My Group Chats[2m > [22m[2mshould return empty array when user has no group chats[22m[39m
Found 0 group chats for user

 [32mΓ£ף[39m tests/routes/feed.test.js[2m > [22mFeed Routes - Unit Tests[2m > [22mGET / - Personalized Feed[2m > [22mshould return 404 when user not found[33m 343[2mms[22m[39m
[90mstdout[2m | tests/routes/users.test.js[2m > [22m[2mUsers Routes - Unit Tests[2m > [22m[2mPUT /change-password - Change Password[2m > [22m[2mshould change password successfully[22m[39m
=== Change Password Debug ===
Request body: {
  userId: [32m'68fe339c5105c32ee4ceb7b5'[39m,
  currentPassword: [32m'OldPassword123!'[39m,
  newPassword: [32m'NewPassword123!'[39m
}

 [32mΓ£ף[39m tests/routes/recipes.test.js[2m > [22mRecipes Routes - Unit Tests[2m > [22mDELETE /:id - Delete Recipe[2m > [22mshould delete own recipe successfully[33m 326[2mms[22m[39m
[90mstdout[2m | tests/routes/notifications.test.js[22m[39m
Test DB disconnected

[90mstdout[2m | tests/routes/chats.test.js[2m > [22m[2mChats Routes - Unit Tests[2m > [22m[2mGET /:chatId/messages - Get Chat Messages[2m > [22m[2mshould return messages in correct order (oldest first)[22m[39m
Fetching messages for chat 68fe339dbe48e2507c1a6102, page 1

[90mstdout[2m | tests/routes/chats.test.js[2m > [22m[2mChats Routes - Unit Tests[2m > [22m[2mGET /:chatId/messages - Get Chat Messages[2m > [22m[2mshould return messages in correct order (oldest first)[22m[39m
Found 10 messages

 [32mΓ£ף[39m tests/routes/groupChats.test.js[2m > [22mGroup Chats Routes - Unit Tests[2m > [22mGET /my - Get My Group Chats[2m > [22mshould return empty array when user has no group chats[33m 527[2mms[22m[39m
[90mstdout[2m | tests/routes/groups.test.js[2m > [22m[2mGroups Routes - Unit Tests[2m > [22m[2mGET /search - Search Groups[2m > [22m[2mshould return 503 when database is not available[22m[39m
Groups search request: [Object: null prototype] { q: [32m'test'[39m }

[90mstdout[2m | tests/routes/users.test.js[2m > [22m[2mUsers Routes - Unit Tests[2m > [22m[2mPUT /change-password - Change Password[2m > [22m[2mshould change password successfully[22m[39m
User found: alice@test.com
Verifying current password...

[90mstdout[2m | tests/routes/users.test.js[2m > [22m[2mUsers Routes - Unit Tests[2m > [22m[2mPUT /change-password - Change Password[2m > [22m[2mshould change password successfully[22m[39m
Setting new password...

[90mstdout[2m | tests/routes/groupPosts.test.js[2m > [22m[2mGroup Posts Routes - Unit Tests[2m > [22m[2mGET /:groupId/posts - Get Group Posts[2m > [22m[2mshould return 400 for invalid group ID[22m[39m
GET group posts request: { groupId: [32m'invalid-id'[39m, userId: [90mundefined[39m }

 [32mΓ£ף[39m tests/routes/chats.test.js[2m > [22mChats Routes - Unit Tests[2m > [22mGET /:chatId/messages - Get Chat Messages[2m > [22mshould return messages in correct order (oldest first)[33m 352[2mms[22m[39m
 [32mΓ£ף[39m tests/routes/groups.test.js[2m > [22mGroups Routes - Unit Tests[2m > [22mGET /search - Search Groups[2m > [22mshould return 503 when database is not available[33m 344[2mms[22m[39m
[90mstdout[2m | tests/routes/users.test.js[2m > [22m[2mUsers Routes - Unit Tests[2m > [22m[2mPUT /change-password - Change Password[2m > [22m[2mshould change password successfully[22m[39m
Password changed successfully for: alice@test.com

 [32mΓ£ף[39m tests/routes/groupPosts.test.js[2m > [22mGroup Posts Routes - Unit Tests[2m > [22mGET /:groupId/posts - Get Group Posts[2m > [22mshould return 400 for invalid group ID[33m 319[2mms[22m[39m
[90mstdout[2m | tests/routes/feed.test.js[2m > [22m[2mFeed Routes - Unit Tests[2m > [22m[2mGET / - Personalized Feed[2m > [22m[2mshould return 503 when database is not available[22m[39m
=== Personalized Feed Request ===

 [32mΓ£ף[39m tests/routes/recipes.test.js[2m > [22mRecipes Routes - Unit Tests[2m > [22mDELETE /:id - Delete Recipe[2m > [22mshould return 403 when trying to delete someone else recipe[33m 331[2mms[22m[39m
 [32mΓ£ף[39m tests/routes/feed.test.js[2m > [22mFeed Routes - Unit Tests[2m > [22mGET / - Personalized Feed[2m > [22mshould return 503 when database is not available[33m 371[2mms[22m[39m
 [32mΓ£ף[39m tests/routes/auth.test.js[2m > [22mAuth Routes - Unit Tests[2m > [22mPOST /login - User Login[2m > [22mshould login successfully with correct credentials[33m 731[2mms[22m[39m
[90mstdout[2m | tests/routes/chats.test.js[2m > [22m[2mChats Routes - Unit Tests[2m > [22m[2mGET /:chatId/messages - Get Chat Messages[2m > [22m[2mshould paginate messages correctly[22m[39m
Fetching messages for chat 68fe339dbe48e2507c1a6134, page 1
Found 5 messages

[90mstdout[2m | tests/routes/groups.test.js[2m > [22m[2mGroups Routes - Unit Tests[2m > [22m[2mGET /search - Search Groups[2m > [22m[2mshould return 500 on database error[22m[39m
Groups search request: [Object: null prototype] { q: [32m'test'[39m }
Searching groups with query: "test"
Search conditions: {
  "$and": [
    {
      "$or": [
        {
          "name": {
            "$regex": "test",
            "$options": "i"
          }
        },
        {
          "description": {
            "$regex": "test",
            "$options": "i"
          }
        },
        {
          "category": {
            "$regex": "test",
            "$options": "i"
          }
        }
      ]
    },
    {
      "isPrivate": {
        "$ne": true
      }
    }
  ]
}

 [32mΓ£ף[39m tests/routes/users.test.js[2m > [22mUsers Routes - Unit Tests[2m > [22mPUT /change-password - Change Password[2m > [22mshould change password successfully[33m 737[2mms[22m[39m
[90mstdout[2m | tests/routes/groupPosts.test.js[2m > [22m[2mGroup Posts Routes - Unit Tests[2m > [22m[2mGET /:groupId/posts - Get Group Posts[2m > [22m[2mshould return 404 when group not found[22m[39m
GET group posts request: { groupId: [32m'68fe339d0683ef8d86745e29'[39m, userId: [90mundefined[39m }

 [32mΓ£ף[39m tests/routes/groupChats.test.js[2m > [22mGroup Chats Routes - Unit Tests[2m > [22mGET /my - Get My Group Chats[2m > [22mshould return 503 when database is not available[33m 419[2mms[22m[39m
 [32mΓ£ף[39m tests/routes/chats.test.js[2m > [22mChats Routes - Unit Tests[2m > [22mGET /:chatId/messages - Get Chat Messages[2m > [22mshould paginate messages correctly[33m 340[2mms[22m[39m
 [32mΓ£ף[39m tests/routes/groups.test.js[2m > [22mGroups Routes - Unit Tests[2m > [22mGET /search - Search Groups[2m > [22mshould return 500 on database error[33m 317[2mms[22m[39m
 [32mΓ£ף[39m tests/routes/groupPosts.test.js[2m > [22mGroup Posts Routes - Unit Tests[2m > [22mGET /:groupId/posts - Get Group Posts[2m > [22mshould return 404 when group not found[33m 333[2mms[22m[39m
[90mstdout[2m | tests/routes/feed.test.js[2m > [22m[2mFeed Routes - Unit Tests[2m > [22m[2mGET / - Personalized Feed[2m > [22m[2mshould return 500 on database error[22m[39m
=== Personalized Feed Request ===
Building personalized feed for user: 68fe339dd61a71f81c1a2190 type: [90mundefined[39m page: [33m1[39m

[90mstderr[2m | tests/routes/feed.test.js[2m > [22m[2mFeed 
Routes - Unit Tests[2m > [22m[2mGET / - Personalized Feed[2m > 
[22m[2mshould return 500 on database error[22m[39m
Feed error: Error: DB Error
    at [90mC:\Users\lirhe\Documents\FlavorWorldWebsite\server\[39mte
sts\routes\feed.test.js:402:52
    at [90mfile:///C:/Users/lirhe/Documents/FlavorWorldWebsite/server
/[39mnode_modules/[4m@vitest[24m/runner/dist/index.js:135:14
    at [90mfile:///C:/Users/lirhe/Documents/FlavorWorldWebsite/server
/[39mnode_modules/[4m@vitest[24m/runner/dist/index.js:60:26
    at runTest [90m(file:///C:/Users/lirhe/Documents/FlavorWorldWebsi
te/server/[39mnode_modules/[4m@vitest[24m/runner/dist/index.js:781:
17[90m)[39m
[90m    at processTicksAndRejections 
(node:internal/process/task_queues:105:5)[39m
    at runSuite [90m(file:///C:/Users/lirhe/Documents/FlavorWorldWebs
ite/server/[39mnode_modules/[4m@vitest[24m/runner/dist/index.js:909
:15[90m)[39m
    at runSuite [90m(file:///C:/Users/lirhe/Documents/FlavorWorldWebs
ite/server/[39mnode_modules/[4m@vitest[24m/runner/dist/index.js:909
:15[90m)[39m
    at runSuite [90m(file:///C:/Users/lirhe/Documents/FlavorWorldWebs
ite/server/[39mnode_modules/[4m@vitest[24m/runner/dist/index.js:909
:15[90m)[39m
    at runFiles [90m(file:///C:/Users/lirhe/Documents/FlavorWorldWebs
ite/server/[39mnode_modules/[4m@vitest[24m/runner/dist/index.js:958
:5[90m)[39m
    at startTests [90m(file:///C:/Users/lirhe/Documents/FlavorWorldWe
bsite/server/[39mnode_modules/[4m@vitest[24m/runner/dist/index.js:9
67:3[90m)[39m

[90mstdout[2m | tests/routes/users.test.js[2m > [22m[2mUsers Routes - Unit Tests[2m > [22m[2mPUT /change-password - Change Password[2m > [22m[2mshould return 400 when fields are missing[22m[39m
=== Change Password Debug ===
Request body: {
  userId: [32m'68fe339d5105c32ee4ceb7c1'[39m,
  currentPassword: [32m'OldPassword123!'[39m
}

 [32mΓ£ף[39m tests/routes/recipes.test.js[2m > [22mRecipes Routes - Unit Tests[2m > [22mDELETE /:id - Delete Recipe[2m > [22mshould return 404 when recipe not found[33m 307[2mms[22m[39m
 [32mΓ£ף[39m tests/routes/feed.test.js[2m > [22mFeed Routes - Unit Tests[2m > [22mGET / - Personalized Feed[2m > [22mshould return 500 on database error[33m 335[2mms[22m[39m
[90mstdout[2m | tests/routes/chats.test.js[2m > [22m[2mChats Routes - Unit Tests[2m > [22m[2mGET /:chatId/messages - Get Chat Messages[2m > [22m[2mshould handle page 2 pagination[22m[39m
Fetching messages for chat 68fe339dbe48e2507c1a6166, page 2

 [32mΓ£ף[39m tests/routes/users.test.js[2m > [22mUsers Routes - Unit Tests[2m > [22mPUT /change-password - Change Password[2m > [22mshould return 400 when fields are missing
[90mstdout[2m | tests/routes/chats.test.js[2m > [22m[2mChats Routes - Unit Tests[2m > [22m[2mGET /:chatId/messages - Get Chat Messages[2m > [22m[2mshould handle page 2 pagination[22m[39m
Found 5 messages

[90mstdout[2m | tests/routes/groupPosts.test.js[2m > [22m[2mGroup Posts Routes - Unit Tests[2m > [22m[2mGET /:groupId/posts - Get Group Posts[2m > [22m[2mshould return 503 when database is not available[22m[39m
GET group posts request: { groupId: [32m'68fe339d0683ef8d86745e35'[39m, userId: [90mundefined[39m }

 [32mΓ£ף[39m tests/routes/groups.test.js[2m > [22mGroups Routes - Unit Tests[2m > [22mGET / - Get All Groups[2m > [22mshould return all public groups[33m 310[2mms[22m[39m
 [32mΓ£ף[39m tests/routes/chats.test.js[2m > [22mChats Routes - Unit Tests[2m > [22mGET /:chatId/messages - Get Chat Messages[2m > [22mshould handle page 2 pagination[33m 324[2mms[22m[39m
[90mstdout[2m | tests/routes/groupChats.test.js[2m > [22m[2mGroup Chats Routes - Unit Tests[2m > [22m[2mGET /my - Get My Group Chats[2m > [22m[2mshould return 500 on database error[22m[39m
Fetching group chats for user: 68fe339d369661bdc7c8a870

 [32mΓ£ף[39m tests/routes/groupPosts.test.js[2m > [22mGroup Posts Routes - Unit Tests[2m > [22mGET /:groupId/posts - Get Group Posts[2m > [22mshould return 503 when database is not available
[90mstdout[2m | tests/routes/recipes.test.js[2m > [22m[2mRecipes Routes - Unit Tests[2m > [22m[2mPOST /:id/like - Like Recipe[2m > [22m[2mshould like recipe successfully[22m[39m
Notification created: like for user: 68fe339dc15b0a65b69b4e2e
Like notification created
Recipe liked

[90mstdout[2m | tests/routes/users.test.js[2m > [22m[2mUsers Routes - Unit Tests[2m > [22m[2mPUT /change-password - Change Password[2m > [22m[2mshould return 400 for invalid userId[22m[39m
=== Change Password Debug ===
Request body: {
  userId: [32m'invalid-id'[39m,
  currentPassword: [32m'OldPassword123!'[39m,
  newPassword: [32m'NewPassword123!'[39m
}

[90mstdout[2m | tests/routes/feed.test.js[2m > [22m[2mFeed Routes - Unit Tests[2m > [22m[2mGET /stats - Feed Statistics[2m > [22m[2mshould return feed stats successfully[22m[39m
Feed stats for user: 68fe339dd61a71f81c1a21b2 {
  followingCount: [33m1[39m,
  groupsCount: [33m1[39m,
  followingPostsCount: [33m1[39m,
  groupPostsCount: [33m2[39m,
  ownPostsCount: [33m1[39m,
  totalFeedPosts: [33m4[39m
}

 [32mΓ£ף[39m tests/routes/groupChats.test.js[2m > [22mGroup Chats Routes - Unit Tests[2m > [22mGET /my - Get My Group Chats[2m > [22mshould return 500 on database error[33m 440[2mms[22m[39m
 [32mΓ£ף[39m tests/routes/recipes.test.js[2m > [22mRecipes Routes - Unit Tests[2m > [22mPOST /:id/like - Like Recipe[2m > [22mshould like recipe successfully[33m 333[2mms[22m[39m
 [32mΓ£ף[39m tests/routes/users.test.js[2m > [22mUsers Routes - Unit Tests[2m > [22mPUT /change-password - Change Password[2m > [22mshould return 400 for invalid userId
 [32mΓ£ף[39m tests/routes/feed.test.js[2m > [22mFeed Routes - Unit Tests[2m > [22mGET /stats - Feed Statistics[2m > [22mshould return feed stats successfully[33m 332[2mms[22m[39m
[90mstdout[2m | tests/routes/chats.test.js[2m > [22m[2mChats Routes - Unit Tests[2m > [22m[2mGET /:chatId/messages - Get Chat Messages[2m > [22m[2mshould use default pagination values[22m[39m
Fetching messages for chat 68fe339ebe48e2507c1a6198, page 1

[90mstdout[2m | tests/routes/chats.test.js[2m > [22m[2mChats Routes - Unit Tests[2m > [22m[2mGET /:chatId/messages - Get Chat Messages[2m > [22m[2mshould use default pagination values[22m[39m
Found 10 messages

 [32mΓ£ף[39m tests/routes/auth.test.js[2m > [22mAuth Routes - Unit Tests[2m > [22mPOST /login - User Login[2m > [22mshould return a valid JWT token on login[33m 699[2mms[22m[39m
[90mstdout[2m | tests/routes/groupPosts.test.js[2m > [22m[2mGroup Posts Routes - Unit Tests[2m > [22m[2mGET /:groupId/posts - Get Group Posts[2m > [22m[2mshould return 500 on database error[22m[39m
GET group posts request: { groupId: [32m'68fe339e0683ef8d86745e4a'[39m, userId: [90mundefined[39m }

 [32mΓ£ף[39m tests/routes/groups.test.js[2m > [22mGroups Routes - Unit Tests[2m > [22mGET / - Get All Groups[2m > [22mshould exclude private groups for non-members[33m 309[2mms[22m[39m
 [32mΓ£ף[39m tests/routes/chats.test.js[2m > [22mChats Routes - Unit Tests[2m > [22mGET /:chatId/messages - Get Chat Messages[2m > [22mshould use default pagination values[33m 327[2mms[22m[39m
 [32mΓ£ף[39m tests/routes/groupPosts.test.js[2m > [22mGroup Posts Routes - Unit Tests[2m > [22mGET /:groupId/posts - Get Group Posts[2m > [22mshould return 500 on database error[33m 309[2mms[22m[39m
[90mstdout[2m | tests/routes/recipes.test.js[2m > [22m[2mRecipes Routes - Unit Tests[2m > [22m[2mPOST /:id/like - Like Recipe[2m > [22m[2mshould return 400 when already liked[22m[39m
Notification created: like for user: 68fe339ec15b0a65b69b4e42
Like notification created
Recipe liked

[90mstdout[2m | tests/routes/users.test.js[2m > [22m[2mUsers Routes - Unit Tests[2m > [22m[2mPUT /change-password - Change Password[2m > [22m[2mshould return 404 when user not found[22m[39m
=== Change Password Debug ===
Request body: {
  userId: [32m'68fe339e5105c32ee4ceb7d7'[39m,
  currentPassword: [32m'OldPassword123!'[39m,
  newPassword: [32m'NewPassword123!'[39m
}

[90mstdout[2m | tests/routes/feed.test.js[2m > [22m[2mFeed Routes - Unit Tests[2m > [22m[2mGET /stats - Feed Statistics[2m > [22m[2mshould calculate following count correctly[22m[39m
Feed stats for user: 68fe339ed61a71f81c1a21db {
  followingCount: [33m1[39m,
  groupsCount: [33m1[39m,
  followingPostsCount: [33m1[39m,
  groupPostsCount: [33m2[39m,
  ownPostsCount: [33m1[39m,
  totalFeedPosts: [33m4[39m
}

 [32mΓ£ף[39m tests/routes/recipes.test.js[2m > [22mRecipes Routes - Unit Tests[2m > [22mPOST /:id/like - Like Recipe[2m > [22mshould return 400 when already liked[33m 313[2mms[22m[39m
 [32mΓ£ף[39m tests/routes/users.test.js[2m > [22mUsers Routes - Unit Tests[2m > [22mPUT /change-password - Change Password[2m > [22mshould return 404 when user not found[33m 304[2mms[22m[39m
 [32mΓ£ף[39m tests/routes/groupChats.test.js[2m > [22mGroup Chats Routes - Unit Tests[2m > [22mGET /:chatId - Get Single Group Chat[2m > [22mshould get group chat successfully[33m 401[2mms[22m[39m
 [32mΓ£ף[39m tests/routes/feed.test.js[2m > [22mFeed Routes - Unit Tests[2m > [22mGET /stats - Feed Statistics[2m > [22mshould calculate following count correctly[33m 330[2mms[22m[39m
 [32mΓ£ף[39m tests/routes/groups.test.js[2m > [22mGroups Routes - Unit Tests[2m > [22mGET / - Get All Groups[2m > [22mshould include private groups for members[33m 310[2mms[22m[39m
 [32mΓ£ף[39m tests/routes/chats.test.js[2m > [22mChats Routes - Unit Tests[2m > [22mGET /:chatId/messages - Get Chat Messages[2m > [22mshould return 400 for invalid chatId[33m 329[2mms[22m[39m
 [32mΓ£ף[39m tests/routes/groupPosts.test.js[2m > [22mGroup Posts Routes - Unit Tests[2m > [22mGET /:groupId/posts/:postId - Get Single Group Post[2m > [22mshould get single post successfully[33m 316[2mms[22m[39m
[90mstdout[2m | tests/routes/feed.test.js[2m > [22m[2mFeed Routes - Unit Tests[2m > [22m[2mGET /stats - Feed Statistics[2m > [22m[2mshould calculate groups count correctly[22m[39m
Feed stats for user: 68fe339ed61a71f81c1a2204 {
  followingCount: [33m1[39m,
  groupsCount: [33m1[39m,
  followingPostsCount: [33m1[39m,
  groupPostsCount: [33m2[39m,
  ownPostsCount: [33m1[39m,
  totalFeedPosts: [33m4[39m
}

 [32mΓ£ף[39m tests/routes/recipes.test.js[2m > [22mRecipes Routes - Unit Tests[2m > [22mPOST /:id/like - Like Recipe[2m > [22mshould return 404 when recipe not found[33m 311[2mms[22m[39m
[90mstdout[2m | tests/routes/users.test.js[2m > [22m[2mUsers Routes - Unit Tests[2m > [22m[2mPUT /change-password - Change Password[2m > [22m[2mshould return 401 when current password is incorrect[22m[39m
=== Change Password Debug ===
Request body: {
  userId: [32m'68fe339e5105c32ee4ceb7db'[39m,
  currentPassword: [32m'WrongPassword!'[39m,
  newPassword: [32m'NewPassword123!'[39m
}

 [32mΓ£ף[39m tests/routes/feed.test.js[2m > [22mFeed Routes - Unit Tests[2m > [22mGET /stats - Feed Statistics[2m > [22mshould calculate groups count correctly[33m 320[2mms[22m[39m
[90mstdout[2m | tests/routes/chats.test.js[2m > [22m[2mChats Routes - Unit Tests[2m > [22m[2mGET /:chatId/messages - Get Chat Messages[2m > [22m[2mshould return empty array when no messages exist[22m[39m
Fetching messages for chat 68fe339ebe48e2507c1a621d, page 1

[90mstdout[2m | tests/routes/chats.test.js[2m > [22m[2mChats Routes - Unit Tests[2m > [22m[2mGET /:chatId/messages - Get Chat Messages[2m > [22m[2mshould return empty array when no messages exist[22m[39m
Found 0 messages

[90mstdout[2m | tests/routes/users.test.js[2m > [22m[2mUsers Routes - Unit Tests[2m > [22m[2mPUT /change-password - Change Password[2m > [22m[2mshould return 401 when current password is incorrect[22m[39m
User found: alice@test.com
Verifying current password...
Current password is incorrect

 [32mΓ£ף[39m tests/routes/groups.test.js[2m > [22mGroups Routes - Unit Tests[2m > [22mGET / - Get All Groups[2m > [22mshould enrich groups with data[33m 309[2mms[22m[39m
 [32mΓ£ף[39m tests/routes/groupChats.test.js[2m > [22mGroup Chats Routes - Unit Tests[2m > [22mGET /:chatId - Get Single Group Chat[2m > [22mshould include admin status[33m 409[2mms[22m[39m
 [32mΓ£ף[39m tests/routes/auth.test.js[2m > [22mAuth Routes - Unit Tests[2m > [22mPOST /login - User Login[2m > [22mshould return user data with bio and avatar[33m 711[2mms[22m[39m
 [32mΓ£ף[39m tests/routes/groupPosts.test.js[2m > [22mGroup Posts Routes - Unit Tests[2m > [22mGET /:groupId/posts/:postId - Get Single Group Post[2m > [22mshould enrich post with user and group data[33m 321[2mms[22m[39m
 [32mΓ£ף[39m tests/routes/chats.test.js[2m > [22mChats Routes - Unit Tests[2m > [22mGET /:chatId/messages - Get Chat Messages[2m > [22mshould return empty array when no messages exist[33m 330[2mms[22m[39m
 [32mΓ£ף[39m tests/routes/users.test.js[2m > [22mUsers Routes - Unit Tests[2m > [22mPUT /change-password - Change Password[2m > [22mshould return 401 when current password is incorrect[33m 501[2mms[22m[39m
 [32mΓ£ף[39m tests/routes/recipes.test.js[2m > [22mRecipes Routes - Unit Tests[2m > [22mPOST /:id/like - Like Recipe[2m > [22mshould return 401 when no auth token[33m 310[2mms[22m[39m
[90mstdout[2m | tests/routes/feed.test.js[2m > [22m[2mFeed Routes - Unit Tests[2m > [22m[2mGET /stats - Feed Statistics[2m > [22m[2mshould calculate own posts count correctly[22m[39m
Feed stats for user: 68fe339ed61a71f81c1a222d {
  followingCount: [33m1[39m,
  groupsCount: [33m1[39m,
  followingPostsCount: [33m1[39m,
  groupPostsCount: [33m2[39m,
  ownPostsCount: [33m1[39m,
  totalFeedPosts: [33m4[39m
}

 [32mΓ£ף[39m tests/routes/feed.test.js[2m > [22mFeed Routes - Unit Tests[2m > [22mGET /stats - Feed Statistics[2m > [22mshould calculate own posts count correctly[33m 340[2mms[22m[39m
 [32mΓ£ף[39m tests/routes/groups.test.js[2m > [22mGroups Routes - Unit Tests[2m > [22mGET / - Get All Groups[2m > [22mshould return 503 when database is not available[33m 308[2mms[22m[39m
 [32mΓ£ף[39m tests/routes/groupPosts.test.js[2m > [22mGroup Posts Routes - Unit Tests[2m > [22mGET /:groupId/posts/:postId - Get Single Group Post[2m > [22mshould return 400 for invalid group ID[33m 319[2mms[22m[39m
[90mstdout[2m | tests/routes/recipes.test.js[2m > [22m[2mRecipes Routes - Unit Tests[2m > [22m[2mDELETE /:id/like - Unlike Recipe[2m > [22m[2mshould unlike recipe successfully[22m[39m
Recipe unliked

[90mstdout[2m | tests/routes/users.test.js[2m > [22m[2mUsers Routes - Unit Tests[2m > [22m[2mPUT /change-password - Change Password[2m > [22m[2mshould return 400 for weak new password[22m[39m
=== Change Password Debug ===
Request body: {
  userId: [32m'68fe339e5105c32ee4ceb7e5'[39m,
  currentPassword: [32m'OldPassword123!'[39m,
  newPassword: [32m'weak'[39m
}

 [32mΓ£ף[39m tests/routes/chats.test.js[2m > [22mChats Routes - Unit Tests[2m > [22mGET /:chatId/messages - Get Chat Messages[2m > [22mshould return 503 when database is not available[33m 350[2mms[22m[39m
 [32mΓ£ף[39m tests/routes/groupChats.test.js[2m > [22mGroup Chats Routes - Unit Tests[2m > [22mGET /:chatId - Get Single Group Chat[2m > [22mshould include unread count[33m 436[2mms[22m[39m
 [32mΓ£ף[39m tests/routes/recipes.test.js[2m > [22mRecipes Routes - Unit Tests[2m > [22mDELETE /:id/like - Unlike Recipe[2m > [22mshould unlike recipe successfully[33m 334[2mms[22m[39m
[90mstdout[2m | tests/routes/users.test.js[2m > [22m[2mUsers Routes - Unit Tests[2m > [22m[2mPUT /change-password - Change Password[2m > [22m[2mshould return 400 for weak new password[22m[39m
User found: alice@test.com
Verifying current password...

[90mstdout[2m | tests/routes/feed.test.js[2m > [22m[2mFeed Routes - Unit Tests[2m > [22m[2mGET /stats - Feed Statistics[2m > [22m[2mshould calculate total feed posts correctly[22m[39m
Feed stats for user: 68fe339fd61a71f81c1a2256 {
  followingCount: [33m1[39m,
  groupsCount: [33m1[39m,
  followingPostsCount: [33m1[39m,
  groupPostsCount: [33m2[39m,
  ownPostsCount: [33m1[39m,
  totalFeedPosts: [33m4[39m
}

 [32mΓ£ף[39m tests/routes/users.test.js[2m > [22mUsers Routes - Unit Tests[2m > [22mPUT /change-password - Change Password[2m > [22mshould return 400 for weak new password[33m 537[2mms[22m[39m
 [32mΓ£ף[39m tests/routes/feed.test.js[2m > [22mFeed Routes - Unit Tests[2m > [22mGET /stats - Feed Statistics[2m > [22mshould calculate total feed posts correctly[33m 357[2mms[22m[39m
 [32mΓ£ף[39m tests/routes/groups.test.js[2m > [22mGroups Routes - Unit Tests[2m > [22mGET / - Get All Groups[2m > [22mshould return 500 on database error[33m 320[2mms[22m[39m
[90mstdout[2m | tests/routes/chats.test.js[2m > [22m[2mChats Routes - Unit Tests[2m > [22m[2mGET /:chatId/messages - Get Chat Messages[2m > [22m[2mshould return 500 on database error[22m[39m
Fetching messages for chat 68fe339fbe48e2507c1a6262, page 1

 [32mΓ£ף[39m tests/routes/auth.test.js[2m > [22mAuth Routes - Unit Tests[2m > [22mPOST /login - User Login[2m > [22mshould auto-hash plain text password and login[33m 621[2mms[22m[39m
 [32mΓ£ף[39m tests/routes/groupPosts.test.js[2m > [22mGroup Posts Routes - Unit Tests[2m > [22mGET /:groupId/posts/:postId - Get Single Group Post[2m > [22mshould return 400 for invalid post ID[33m 319[2mms[22m[39m
 [32mΓ£ף[39m tests/routes/chats.test.js[2m > [22mChats Routes - Unit Tests[2m > [22mGET /:chatId/messages - Get Chat Messages[2m > [22mshould return 500 on database error[33m 339[2mms[22m[39m
 [32mΓ£ף[39m tests/routes/recipes.test.js[2m > [22mRecipes Routes - Unit Tests[2m > [22mDELETE /:id/like - Unlike Recipe[2m > [22mshould return 400 when not liked yet[33m 327[2mms[22m[39m
[90mstdout[2m | tests/routes/users.test.js[2m > [22m[2mUsers Routes - Unit Tests[2m > [22m[2mPUT /change-password - Change Password[2m > [22m[2mshould return 503 when database is not available[22m[39m
=== Change Password Debug ===
Request body: {
  userId: [32m'68fe339f5105c32ee4ceb7ef'[39m,
  currentPassword: [32m'OldPassword123!'[39m,
  newPassword: [32m'NewPassword123!'[39m
}

[90mstdout[2m | tests/routes/groups.test.js[2m > [22m[2mGroups Routes - Unit Tests[2m > [22m[2mGET /:id - Get Single Group[2m > [22m[2mshould get group successfully[22m[39m
Get single group request: 68fe339f985631f2a08899d6

[90mstdout[2m | tests/routes/groups.test.js[2m > [22m[2mGroups Routes - Unit Tests[2m > [22m[2mGET /:id - Get Single Group[2m > [22m[2mshould get group successfully[22m[39m
Group found: Public Cooking Group

[90mstdout[2m | tests/routes/groups.test.js[2m > [22m[2mGroups Routes - Unit Tests[2m > [22m[2mGET /:id - Get Single Group[2m > [22m[2mshould get group successfully[22m[39m
Processing pending requests: [33m0[39m
Pending requests details processed: { totalRequests: [33m0[39m, usersFound: [33m0[39m, unknownUsers: [33m0[39m }
Group enriched successfully: {
  name: [32m'Public Cooking Group'[39m,
  membersCount: [33m1[39m,
  postsCount: [33m0[39m,
  pendingRequestsCount: [33m0[39m,
  pendingRequestsWithDetails: [33m0[39m
}

 [32mΓ£ף[39m tests/routes/groupChats.test.js[2m > [22mGroup Chats Routes - Unit Tests[2m > [22mGET /:chatId - Get Single Group Chat[2m > [22mshould return 400 for invalid chat ID[33m 423[2mms[22m[39m
 [32mΓ£ף[39m tests/routes/users.test.js[2m > [22mUsers Routes - Unit Tests[2m > [22mPUT /change-password - Change Password[2m > [22mshould return 503 when database is not available[33m 306[2mms[22m[39m
 [32mΓ£ף[39m tests/routes/groups.test.js[2m > [22mGroups Routes - Unit Tests[2m > [22mGET /:id - Get Single Group[2m > [22mshould get group successfully[33m 324[2mms[22m[39m
 [32mΓ£ף[39m tests/routes/feed.test.js[2m > [22mFeed Routes - Unit Tests[2m > [22mGET /stats - Feed Statistics[2m > [22mshould return 400 when userId is missing[33m 331[2mms[22m[39m
[90mstdout[2m | tests/routes/chats.test.js[2m > [22m[2mChats Routes - Unit Tests[2m > [22m[2mPOST /:chatId/messages - Send Message[2m > [22m[2mshould send a message successfully[22m[39m
Sending message to chat 68fe339fbe48e2507c1a6293 from Alice Johnson

[90mstdout[2m | tests/routes/chats.test.js[2m > [22m[2mChats Routes - Unit Tests[2m > [22m[2mPOST /:chatId/messages - Send Message[2m > [22m[2mshould send a message successfully[22m[39m
Message sent successfully: new ObjectId([32m'68fe339fbe48e2507c1a629b'[39m)

 [32mΓ£ף[39m tests/routes/groupPosts.test.js[2m > [22mGroup Posts Routes - Unit Tests[2m > [22mGET /:groupId/posts/:postId - Get Single Group Post[2m > [22mshould return 400 when post does not belong to group[33m 324[2mms[22m[39m
 [32mΓ£ף[39m tests/routes/chats.test.js[2m > [22mChats Routes - Unit Tests[2m > [22mPOST /:chatId/messages - Send Message[2m > [22mshould send a message successfully[33m 324[2mms[22m[39m
 [32mΓ£ף[39m tests/routes/recipes.test.js[2m > [22mRecipes Routes - Unit Tests[2m > [22mDELETE /:id/like - Unlike Recipe[2m > [22mshould return 404 when recipe not found[33m 330[2mms[22m[39m
[90mstdout[2m | tests/routes/groups.test.js[2m > [22m[2mGroups Routes - Unit Tests[2m > [22m[2mGET /:id - Get Single Group[2m > [22m[2mshould enrich with creator data[22m[39m
Get single group request: 68fe33a0985631f2a08899ea

[90mstdout[2m | tests/routes/groups.test.js[2m > [22m[2mGroups Routes - Unit Tests[2m > [22m[2mGET /:id - Get Single Group[2m > [22m[2mshould enrich with creator data[22m[39m
Group found: Public Cooking Group

[90mstdout[2m | tests/routes/users.test.js[2m > [22m[2mUsers Routes - Unit Tests[2m > [22m[2mPUT /change-password - Change Password[2m > [22m[2mshould return 500 on database error[22m[39m
=== Change Password Debug ===
Request body: {
  userId: [32m'68fe339f5105c32ee4ceb7f7'[39m,
  currentPassword: [32m'OldPassword123!'[39m,
  newPassword: [32m'NewPassword123!'[39m
}

[90mstderr[2m | tests/routes/users.test.js[2m > [22m[2mUsers 
Routes - Unit Tests[2m > [22m[2mPUT /change-password - Change 
Password[2m > [22m[2mshould return 500 on database error[22m[39m
Change password error: Error: DB Error
    at [90mC:\Users\lirhe\Documents\FlavorWorldWebsite\server\[39mte
sts\routes\users.test.js:393:52
    at [90mfile:///C:/Users/lirhe/Documents/FlavorWorldWebsite/server
/[39mnode_modules/[4m@vitest[24m/runner/dist/index.js:135:14
    at [90mfile:///C:/Users/lirhe/Documents/FlavorWorldWebsite/server
/[39mnode_modules/[4m@vitest[24m/runner/dist/index.js:60:26
    at runTest [90m(file:///C:/Users/lirhe/Documents/FlavorWorldWebsi
te/server/[39mnode_modules/[4m@vitest[24m/runner/dist/index.js:781:
17[90m)[39m
[90m    at processTicksAndRejections 
(node:internal/process/task_queues:105:5)[39m
    at runSuite [90m(file:///C:/Users/lirhe/Documents/FlavorWorldWebs
ite/server/[39mnode_modules/[4m@vitest[24m/runner/dist/index.js:909
:15[90m)[39m
    at runSuite [90m(file:///C:/Users/lirhe/Documents/FlavorWorldWebs
ite/server/[39mnode_modules/[4m@vitest[24m/runner/dist/index.js:909
:15[90m)[39m
    at runSuite [90m(file:///C:/Users/lirhe/Documents/FlavorWorldWebs
ite/server/[39mnode_modules/[4m@vitest[24m/runner/dist/index.js:909
:15[90m)[39m
    at runFiles [90m(file:///C:/Users/lirhe/Documents/FlavorWorldWebs
ite/server/[39mnode_modules/[4m@vitest[24m/runner/dist/index.js:958
:5[90m)[39m
    at startTests [90m(file:///C:/Users/lirhe/Documents/FlavorWorldWe
bsite/server/[39mnode_modules/[4m@vitest[24m/runner/dist/index.js:9
67:3[90m)[39m

[90mstdout[2m | tests/routes/groups.test.js[2m > [22m[2mGroups Routes - Unit Tests[2m > [22m[2mGET /:id - Get Single Group[2m > [22m[2mshould enrich with creator data[22m[39m
Processing pending requests: [33m0[39m
Pending requests details processed: { totalRequests: [33m0[39m, usersFound: [33m0[39m, unknownUsers: [33m0[39m }
Group enriched successfully: {
  name: [32m'Public Cooking Group'[39m,
  membersCount: [33m1[39m,
  postsCount: [33m0[39m,
  pendingRequestsCount: [33m0[39m,
  pendingRequestsWithDetails: [33m0[39m
}

 [32mΓ£ף[39m tests/routes/users.test.js[2m > [22mUsers Routes - Unit Tests[2m > [22mPUT /change-password - Change Password[2m > [22mshould return 500 on database error[33m 349[2mms[22m[39m
 [32mΓ£ף[39m tests/routes/groups.test.js[2m > [22mGroups Routes - Unit Tests[2m > [22mGET /:id - Get Single Group[2m > [22mshould enrich with creator data[33m 323[2mms[22m[39m
 [32mΓ£ף[39m tests/routes/groupChats.test.js[2m > [22mGroup Chats Routes - Unit Tests[2m > [22mGET /:chatId - Get Single Group Chat[2m > [22mshould return 404 when chat not found[33m 433[2mms[22m[39m
 [32mΓ£ף[39m tests/routes/feed.test.js[2m > [22mFeed Routes - Unit Tests[2m > [22mGET /stats - Feed Statistics[2m > [22mshould return 400 for invalid userId[33m 338[2mms[22m[39m
[90mstdout[2m | tests/routes/chats.test.js[2m > [22m[2mChats Routes - Unit Tests[2m > [22m[2mPOST /:chatId/messages - Send Message[2m > [22m[2mshould update chat lastMessage[22m[39m
Sending message to chat 68fe33a0be48e2507c1a62ae from Alice Johnson

[90mstdout[2m | tests/routes/chats.test.js[2m > [22m[2mChats Routes - Unit Tests[2m > [22m[2mPOST /:chatId/messages - Send Message[2m > [22m[2mshould update chat lastMessage[22m[39m
Message sent successfully: new ObjectId([32m'68fe33a0be48e2507c1a62b6'[39m)

 [32mΓ£ף[39m tests/routes/groupPosts.test.js[2m > [22mGroup Posts Routes - Unit Tests[2m > [22mGET /:groupId/posts/:postId - Get Single Group Post[2m > [22mshould return 404 when group not found[33m 331[2mms[22m[39m
 [32mΓ£ף[39m tests/routes/auth.test.js[2m > [22mAuth Routes - Unit Tests[2m > [22mPOST /login - User Login[2m > [22mshould handle email case insensitivity[33m 712[2mms[22m[39m
[90mstdout[2m | tests/routes/recipes.test.js[2m > [22m[2mRecipes Routes - Unit Tests[2m > [22m[2mPOST /:id/comments - Add Comment[2m > [22m[2mshould add comment successfully[22m[39m
Comment added

[90mstdout[2m | tests/routes/recipes.test.js[2m > [22m[2mRecipes Routes - Unit Tests[2m > [22m[2mPOST /:id/comments - Add Comment[2m > [22m[2mshould add comment successfully[22m[39m
Notification created: comment for user: 68fe339fc15b0a65b69b4ea8
Comment notification created

 [32mΓ£ף[39m tests/routes/chats.test.js[2m > [22mChats Routes - Unit Tests[2m > [22mPOST /:chatId/messages - Send Message[2m > [22mshould update chat lastMessage[33m 333[2mms[22m[39m
[90mstdout[2m | tests/routes/groups.test.js[2m > [22m[2mGroups Routes - Unit Tests[2m > [22m[2mGET /:id - Get Single Group[2m > [22m[2mshould include members details[22m[39m
Get single group request: 68fe33a0985631f2a08899fe

[90mstdout[2m | tests/routes/groups.test.js[2m > [22m[2mGroups Routes - Unit Tests[2m > [22m[2mGET /:id - Get Single Group[2m > [22m[2mshould include members details[22m[39m
Group found: Public Cooking Group

 [32mΓ£ף[39m tests/routes/recipes.test.js[2m > [22mRecipes Routes - Unit Tests[2m > [22mPOST /:id/comments - Add Comment[2m > [22mshould add comment successfully[33m 337[2mms[22m[39m
[90mstdout[2m | tests/routes/users.test.js[2m > [22m[2mUsers Routes - Unit Tests[2m > [22m[2mPOST /upload-avatar - Upload Avatar[2m > [22m[2mshould upload avatar successfully[22m[39m
Avatar upload request received (user endpoint)

[90mstdout[2m | tests/routes/groups.test.js[2m > [22m[2mGroups Routes - Unit Tests[2m > [22m[2mGET /:id - Get Single Group[2m > [22m[2mshould include members details[22m[39m
Processing pending requests: [33m0[39m
Pending requests details processed: { totalRequests: [33m0[39m, usersFound: [33m0[39m, unknownUsers: [33m0[39m }
Group enriched successfully: {
  name: [32m'Public Cooking Group'[39m,
  membersCount: [33m2[39m,
  postsCount: [33m0[39m,
  pendingRequestsCount: [33m0[39m,
  pendingRequestsWithDetails: [33m0[39m
}

 [32mΓ£ף[39m tests/routes/users.test.js[2m > [22mUsers Routes - Unit Tests[2m > [22mPOST /upload-avatar - Upload Avatar[2m > [22mshould upload avatar successfully[33m 322[2mms[22m[39m
 [32mΓ£ף[39m tests/routes/groups.test.js[2m > [22mGroups Routes - Unit Tests[2m > [22mGET /:id - Get Single Group[2m > [22mshould include members details[33m 325[2mms[22m[39m
[90mstdout[2m | tests/routes/chats.test.js[2m > [22m[2mChats Routes - Unit Tests[2m > [22m[2mPOST /:chatId/messages - Send Message[2m > [22m[2mshould increment unread count for other participant[22m[39m
Sending message to chat 68fe33a0be48e2507c1a62cc from Alice Johnson

[90mstdout[2m | tests/routes/chats.test.js[2m > [22m[2mChats Routes - Unit Tests[2m > [22m[2mPOST /:chatId/messages - Send Message[2m > [22m[2mshould increment unread count for other participant[22m[39m
Message sent successfully: new ObjectId([32m'68fe33a0be48e2507c1a62d4'[39m)

 [32mΓ£ף[39m tests/routes/feed.test.js[2m > [22mFeed Routes - Unit Tests[2m > [22mGET /stats - Feed Statistics[2m > [22mshould return 404 when user not found[33m 335[2mms[22m[39m
 [32mΓ£ף[39m tests/routes/groupPosts.test.js[2m > [22mGroup Posts Routes - Unit Tests[2m > [22mGET /:groupId/posts/:postId - Get Single Group Post[2m > [22mshould return 404 when post not found[33m 328[2mms[22m[39m
 [32mΓ£ף[39m tests/routes/groupChats.test.js[2m > [22mGroup Chats Routes - Unit Tests[2m > [22mGET /:chatId - Get Single Group Chat[2m > [22mshould return 403 when user not participant[33m 424[2mms[22m[39m
 [32mΓ£ף[39m tests/routes/chats.test.js[2m > [22mChats Routes - Unit Tests[2m > [22mPOST /:chatId/messages - Send Message[2m > [22mshould increment unread count for other participant[33m 324[2mms[22m[39m
[90mstdout[2m | tests/routes/users.test.js[2m > [22m[2mUsers Routes - Unit Tests[2m > [22m[2mPOST /upload-avatar - Upload Avatar[2m > [22m[2mshould return 400 when no file uploaded[22m[39m
Avatar upload request received (user endpoint)

[90mstdout[2m | tests/routes/groups.test.js[2m > [22m[2mGroups Routes - Unit Tests[2m > [22m[2mGET /:id - Get Single Group[2m > [22m[2mshould include pending requests details[22m[39m
Get single group request: 68fe33a0985631f2a0889a16

 [32mΓ£ף[39m tests/routes/recipes.test.js[2m > [22mRecipes Routes - Unit Tests[2m > [22mPOST /:id/comments - Add Comment[2m > [22mshould return 400 when text is missing[33m 330[2mms[22m[39m
[90mstdout[2m | tests/routes/groups.test.js[2m > [22m[2mGroups Routes - Unit Tests[2m > [22m[2mGET /:id - Get Single Group[2m > [22m[2mshould include pending requests details[22m[39m
Group found: Public Cooking Group

[90mstdout[2m | tests/routes/groups.test.js[2m > [22m[2mGroups Routes - Unit Tests[2m > [22m[2mGET /:id - Get Single Group[2m > [22m[2mshould include pending requests details[22m[39m
Processing pending requests: [33m1[39m
Fetching user details for request: 68fe33a0985631f2a0889a14

[90mstdout[2m | tests/routes/groups.test.js[2m > [22m[2mGroups Routes - Unit Tests[2m > [22m[2mGET /:id - Get Single Group[2m > [22m[2mshould include pending requests details[22m[39m
Found user for request: Charlie Brown
Pending requests details processed: { totalRequests: [33m1[39m, usersFound: [33m1[39m, unknownUsers: [33m0[39m }
Group enriched successfully: {
  name: [32m'Public Cooking Group'[39m,
  membersCount: [33m1[39m,
  postsCount: [33m0[39m,
  pendingRequestsCount: [33m1[39m,
  pendingRequestsWithDetails: [33m1[39m
}

 [32mΓ£ף[39m tests/routes/users.test.js[2m > [22mUsers Routes - Unit Tests[2m > [22mPOST /upload-avatar - Upload Avatar[2m > [22mshould return 400 when no file uploaded[33m 308[2mms[22m[39m
 [32mΓ£ף[39m tests/routes/groups.test.js[2m > [22mGroups Routes - Unit Tests[2m > [22mGET /:id - Get Single Group[2m > [22mshould include pending requests details[33m 330[2mms[22m[39m
[90mstdout[2m | tests/routes/chats.test.js[2m > [22m[2mChats Routes - Unit Tests[2m > [22m[2mPOST /:chatId/messages - Send Message[2m > [22m[2mshould not increment unread count for sender[22m[39m
Sending message to chat 68fe33a0be48e2507c1a62ea from Alice Johnson

[90mstdout[2m | tests/routes/chats.test.js[2m > [22m[2mChats Routes - Unit Tests[2m > [22m[2mPOST /:chatId/messages - Send Message[2m > [22m[2mshould not increment unread count for sender[22m[39m
Message sent successfully: new ObjectId([32m'68fe33a0be48e2507c1a62f2'[39m)

 [32mΓ£ף[39m tests/routes/feed.test.js[2m > [22mFeed Routes - Unit Tests[2m > [22mGET /stats - Feed Statistics[2m > [22mshould return 503 when database is not available[33m 344[2mms[22m[39m
 [32mΓ£ף[39m tests/routes/groupPosts.test.js[2m > [22mGroup Posts Routes - Unit Tests[2m > [22mGET /:groupId/posts/:postId - Get Single Group Post[2m > [22mshould return 503 when database is not available[33m 316[2mms[22m[39m
 [32mΓ£ף[39m tests/routes/chats.test.js[2m > [22mChats Routes - Unit Tests[2m > [22mPOST /:chatId/messages - Send Message[2m > [22mshould not increment unread count for sender[33m 326[2mms[22m[39m
 [32mΓ£ף[39m tests/routes/auth.test.js[2m > [22mAuth Routes - Unit Tests[2m > [22mPOST /login - User Login[2m > [22mshould trim email whitespace[33m 732[2mms[22m[39m
 [32mΓ£ף[39m tests/routes/recipes.test.js[2m > [22mRecipes Routes - Unit Tests[2m > [22mPOST /:id/comments - Add Comment[2m > [22mshould return 400 when text is empty[33m 315[2mms[22m[39m
 [32mΓ£ף[39m tests/routes/groupChats.test.js[2m > [22mGroup Chats Routes - Unit Tests[2m > [22mGET /:chatId - Get Single Group Chat[2m > [22mshould return 503 when database is not available[33m 424[2mms[22m[39m
[90mstdout[2m | tests/routes/groups.test.js[2m > [22m[2mGroups Routes - Unit Tests[2m > [22m[2mGET /:id - Get Single Group[2m > [22m[2mshould include posts count[22m[39m
Get single group request: 68fe33a1985631f2a0889a2e

[90mstdout[2m | tests/routes/groups.test.js[2m > [22m[2mGroups Routes - Unit Tests[2m > [22m[2mGET /:id - Get Single Group[2m > [22m[2mshould include posts count[22m[39m
Group found: Public Cooking Group

[90mstdout[2m | tests/routes/groups.test.js[2m > [22m[2mGroups Routes - Unit Tests[2m > [22m[2mGET /:id - Get Single Group[2m > [22m[2mshould include posts count[22m[39m
Processing pending requests: [33m0[39m
Pending requests details processed: { totalRequests: [33m0[39m, usersFound: [33m0[39m, unknownUsers: [33m0[39m }
Group enriched successfully: {
  name: [32m'Public Cooking Group'[39m,
  membersCount: [33m1[39m,
  postsCount: [33m1[39m,
  pendingRequestsCount: [33m0[39m,
  pendingRequestsWithDetails: [33m0[39m
}

 [32mΓ£ף[39m tests/routes/users.test.js[2m > [22mUsers Routes - Unit Tests[2m > [22mPOST /upload-avatar - Upload Avatar[2m > [22mshould handle non-image file gracefully[33m 317[2mms[22m[39m
 [32mΓ£ף[39m tests/routes/groups.test.js[2m > [22mGroups Routes - Unit Tests[2m > [22mGET /:id - Get Single Group[2m > [22mshould include posts count[33m 347[2mms[22m[39m
[90mstdout[2m | tests/routes/chats.test.js[2m > [22m[2mChats Routes - Unit Tests[2m > [22m[2mPOST /:chatId/messages - Send Message[2m > [22m[2mshould trim message content[22m[39m
Sending message to chat 68fe33a1be48e2507c1a6308 from Alice Johnson

[90mstdout[2m | tests/routes/chats.test.js[2m > [22m[2mChats Routes - Unit Tests[2m > [22m[2mPOST /:chatId/messages - Send Message[2m > [22m[2mshould trim message content[22m[39m
Message sent successfully: new ObjectId([32m'68fe33a1be48e2507c1a6310'[39m)

 [32mΓ£ף[39m tests/routes/feed.test.js[2m > [22mFeed Routes - Unit Tests[2m > [22mGET /stats - Feed Statistics[2m > [22mshould return 500 on database error[33m 342[2mms[22m[39m
 [32mΓ£ף[39m tests/routes/groupPosts.test.js[2m > [22mGroup Posts Routes - Unit Tests[2m > [22mGET /:groupId/posts/:postId - Get Single Group Post[2m > [22mshould return 500 on database error[33m 321[2mms[22m[39m
 [32mΓ£ף[39m tests/routes/chats.test.js[2m > [22mChats Routes - Unit Tests[2m > [22mPOST /:chatId/messages - Send Message[2m > [22mshould trim message content[33m 325[2mms[22m[39m
[90mstdout[2m | tests/routes/users.test.js[2m > [22m[2mUsers Routes - Unit Tests[2m > [22m[2mPOST /upload-avatar - Upload Avatar[2m > [22m[2mshould handle file too large gracefully[22m[39m
Avatar upload request received (user endpoint)

 [32mΓ£ף[39m tests/routes/recipes.test.js[2m > [22mRecipes Routes - Unit Tests[2m > [22mPOST /:id/comments - Add Comment[2m > [22mshould return 404 when recipe not found[33m 330[2mms[22m[39m
[90mstdout[2m | tests/routes/groups.test.js[2m > [22m[2mGroups Routes - Unit Tests[2m > [22m[2mGET /:id - Get Single Group[2m > [22m[2mshould include settings[22m[39m
Get single group request: 68fe33a1985631f2a0889a44

[90mstdout[2m | tests/routes/groups.test.js[2m > [22m[2mGroups Routes - Unit Tests[2m > [22m[2mGET /:id - Get Single Group[2m > [22m[2mshould include settings[22m[39m
Group found: Public Cooking Group

[90mstdout[2m | tests/routes/groups.test.js[2m > [22m[2mGroups Routes - Unit Tests[2m > [22m[2mGET /:id - Get Single Group[2m > [22m[2mshould include settings[22m[39m
Processing pending requests: [33m0[39m
Pending requests details processed: { totalRequests: [33m0[39m, usersFound: [33m0[39m, unknownUsers: [33m0[39m }
Group enriched successfully: {
  name: [32m'Public Cooking Group'[39m,
  membersCount: [33m1[39m,
  postsCount: [33m0[39m,
  pendingRequestsCount: [33m0[39m,
  pendingRequestsWithDetails: [33m0[39m
}

 [32mΓ£ף[39m tests/routes/auth.test.js[2m > [22mAuth Routes - Unit Tests[2m > [22mPOST /login - User Login[2m > [22mshould return 400 when email is missing[33m 418[2mms[22m[39m
[90mstdout[2m | tests/routes/feed.test.js[2m > [22m[2mFeed Routes - Unit Tests[2m > [22m[2mGET /my-posts - User Group Posts[2m > [22m[2mshould return user group posts successfully[22m[39m
=== User Groups Posts Request ===
Groups my-posts request - userId: 68fe33a1d61a71f81c1a232b
Getting group posts for user: 68fe33a1d61a71f81c1a232b

[90mstdout[2m | tests/routes/feed.test.js[2m > [22m[2mFeed Routes - Unit Tests[2m > [22m[2mGET /my-posts - User Group Posts[2m > [22m[2mshould return user group posts successfully[22m[39m
User is member of: [33m1[39m groups
Group IDs: [ new ObjectId([32m'68fe33a1d61a71f81c1a2333'[39m) ]

[90mstdout[2m | tests/routes/feed.test.js[2m > [22m[2mFeed Routes - Unit Tests[2m > [22m[2mGET /my-posts - User Group Posts[2m > [22m[2mshould return user group posts successfully[22m[39m
Found [33m2[39m group posts

[90mstdout[2m | tests/routes/feed.test.js[2m > [22m[2mFeed Routes - Unit Tests[2m > [22m[2mGET /my-posts - User Group Posts[2m > [22m[2mshould return user group posts successfully[22m[39m
Returning 2 group posts

 [32mΓ£ף[39m tests/routes/users.test.js[2m > [22mUsers Routes - Unit Tests[2m > [22mPOST /upload-avatar - Upload Avatar[2m > [22mshould handle file too large gracefully[33m 343[2mms[22m[39m
 [32mΓ£ף[39m tests/routes/groupChats.test.js[2m > [22mGroup Chats Routes - Unit Tests[2m > [22mGET /:chatId - Get Single Group Chat[2m > [22mshould return 500 on database error[33m 430[2mms[22m[39m
[90mstdout[2m | tests/routes/chats.test.js[2m > [22m[2mChats Routes - Unit Tests[2m > [22m[2mPOST /:chatId/messages - Send Message[2m > [22m[2mshould support different message types[22m[39m
Sending message to chat 68fe33a1be48e2507c1a6323 from Alice Johnson

 [32mΓ£ף[39m tests/routes/groups.test.js[2m > [22mGroups Routes - Unit Tests[2m > [22mGET /:id - Get Single Group[2m > [22mshould include settings[33m 328[2mms[22m[39m
[90mstdout[2m | tests/routes/chats.test.js[2m > [22m[2mChats Routes - Unit Tests[2m > [22m[2mPOST /:chatId/messages - Send Message[2m > [22m[2mshould support different message types[22m[39m
Message sent successfully: new ObjectId([32m'68fe33a1be48e2507c1a632b'[39m)

 [32mΓ£ף[39m tests/routes/groupPosts.test.js[2m > [22mGroup Posts Routes - Unit Tests[2m > [22mDELETE /:groupId/posts/:postId - Delete Group Post[2m > [22mshould delete own post successfully[33m 335[2mms[22m[39m
 [32mΓ£ף[39m tests/routes/feed.test.js[2m > [22mFeed Routes - Unit Tests[2m > [22mGET /my-posts - User Group Posts[2m > [22mshould return user group posts successfully[33m 352[2mms[22m[39m
[90mstdout[2m | tests/routes/recipes.test.js[2m > [22m[2mRecipes Routes - Unit Tests[2m > [22m[2mDELETE /:id/comments/:commentId - Delete Comment[2m > [22m[2mshould delete own comment successfully[22m[39m
Comment deleted

 [32mΓ£ף[39m tests/routes/chats.test.js[2m > [22mChats Routes - Unit Tests[2m > [22mPOST /:chatId/messages - Send Message[2m > [22mshould support different message types[33m 329[2mms[22m[39m
[90mstdout[2m | tests/routes/users.test.js[2m > [22m[2mUsers Routes - Unit Tests[2m > [22m[2mPOST /upload-avatar - Upload Avatar[2m > [22m[2mshould return 503 when database is not available[22m[39m
Avatar upload request received (user endpoint)

 [32mΓ£ף[39m tests/routes/recipes.test.js[2m > [22mRecipes Routes - Unit Tests[2m > [22mDELETE /:id/comments/:commentId - Delete Comment[2m > [22mshould delete own comment successfully[33m 332[2mms[22m[39m
[90mstdout[2m | tests/routes/groups.test.js[2m > [22m[2mGroups Routes - Unit Tests[2m > [22m[2mGET /:id - Get Single Group[2m > [22m[2mshould return 400 for invalid group ID[22m[39m
Get single group request: invalid-id

 [32mΓ£ף[39m tests/routes/users.test.js[2m > [22mUsers Routes - Unit Tests[2m > [22mPOST /upload-avatar - Upload Avatar[2m > [22mshould return 503 when database is not available[33m 316[2mms[22m[39m
[90mstdout[2m | tests/routes/feed.test.js[2m > [22m[2mFeed Routes - Unit Tests[2m > [22m[2mGET /my-posts - User Group Posts[2m > [22m[2mshould only return approved group posts[22m[39m
=== User Groups Posts Request ===
Groups my-posts request - userId: 68fe33a1d61a71f81c1a2351
Getting group posts for user: 68fe33a1d61a71f81c1a2351

[90mstdout[2m | tests/routes/feed.test.js[2m > [22m[2mFeed Routes - Unit Tests[2m > [22m[2mGET /my-posts - User Group Posts[2m > [22m[2mshould only return approved group posts[22m[39m
User is member of: [33m1[39m groups
Group IDs: [ new ObjectId([32m'68fe33a1d61a71f81c1a2359'[39m) ]

[90mstdout[2m | tests/routes/feed.test.js[2m > [22m[2mFeed Routes - Unit Tests[2m > [22m[2mGET /my-posts - User Group Posts[2m > [22m[2mshould only return approved group posts[22m[39m
Found [33m2[39m group posts

[90mstdout[2m | tests/routes/groupChats.test.js[2m > [22m[2mGroup Chats Routes - Unit Tests[2m > [22m[2mGET /:chatId/messages - Get Messages[2m > [22m[2mshould return messages for group chat[22m[39m
Fetching messages for group chat 68fe33a1369661bdc7c8a948, page 1

[90mstdout[2m | tests/routes/feed.test.js[2m > [22m[2mFeed Routes - Unit Tests[2m > [22m[2mGET /my-posts - User Group Posts[2m > [22m[2mshould only return approved group posts[22m[39m
Returning 2 group posts

[90mstdout[2m | tests/routes/groupChats.test.js[2m > [22m[2mGroup Chats Routes - Unit Tests[2m > [22m[2mGET /:chatId/messages - Get Messages[2m > [22m[2mshould return messages for group chat[22m[39m
Found 10 messages

 [32mΓ£ף[39m tests/routes/auth.test.js[2m > [22mAuth Routes - Unit Tests[2m > [22mPOST /login - User Login[2m > [22mshould return 400 when password is missing[33m 404[2mms[22m[39m
 [32mΓ£ף[39m tests/routes/groups.test.js[2m > [22mGroups Routes - Unit Tests[2m > [22mGET /:id - Get Single Group[2m > [22mshould return 400 for invalid group ID[33m 318[2mms[22m[39m
 [32mΓ£ף[39m tests/routes/groupPosts.test.js[2m > [22mGroup Posts Routes - Unit Tests[2m > [22mDELETE /:groupId/posts/:postId - Delete Group Post[2m > [22mshould allow admin to delete any post[33m 328[2mms[22m[39m
 [32mΓ£ף[39m tests/routes/feed.test.js[2m > [22mFeed Routes - Unit Tests[2m > [22mGET /my-posts - User Group Posts[2m > [22mshould only return approved group posts[33m 343[2mms[22m[39m
 [32mΓ£ף[39m tests/routes/groupChats.test.js[2m > [22mGroup Chats Routes - Unit Tests[2m > [22mGET /:chatId/messages - Get Messages[2m > [22mshould return messages for group chat[33m 443[2mms[22m[39m
 [32mΓ£ף[39m tests/routes/chats.test.js[2m > [22mChats Routes - Unit Tests[2m > [22mPOST /:chatId/messages - Send Message[2m > [22mshould return 400 when content is missing[33m 314[2mms[22m[39m
[90mstdout[2m | tests/routes/users.test.js[2m > [22m[2mUsers Routes - Unit Tests[2m > [22m[2mPOST /:userId/follow - Follow User[2m > [22m[2mshould follow user successfully[22m[39m
Following user...

[90mstdout[2m | tests/routes/users.test.js[2m > [22m[2mUsers Routes - Unit Tests[2m > [22m[2mPOST /:userId/follow - Follow User[2m > [22m[2mshould follow user successfully[22m[39m
Notification created: follow for user: 68fe33a15105c32ee4ceb829
User followed successfully

 [32mΓ£ף[39m tests/routes/recipes.test.js[2m > [22mRecipes Routes - Unit Tests[2m > [22mDELETE /:id/comments/:commentId - Delete Comment[2m > [22mshould return 403 when trying to delete someone else comment[33m 326[2mms[22m[39m
[90mstdout[2m | tests/routes/groups.test.js[2m > [22m[2mGroups Routes - Unit Tests[2m > [22m[2mGET /:id - Get Single Group[2m > [22m[2mshould return 404 when group not found[22m[39m
Get single group request: 68fe33a2985631f2a0889a6d

 [32mΓ£ף[39m tests/routes/users.test.js[2m > [22mUsers Routes - Unit Tests[2m > [22mPOST /:userId/follow - Follow User[2m > [22mshould follow user successfully[33m 338[2mms[22m[39m
 [32mΓ£ף[39m tests/routes/groups.test.js[2m > [22mGroups Routes - Unit Tests[2m > [22mGET /:id - Get Single Group[2m > [22mshould return 404 when group not found[33m 319[2mms[22m[39m
[90mstdout[2m | tests/routes/feed.test.js[2m > [22m[2mFeed Routes - Unit Tests[2m > [22m[2mGET /my-posts - User Group Posts[2m > [22m[2mshould enrich posts with user and group data[22m[39m
=== User Groups Posts Request ===
Groups my-posts request - userId: 68fe33a1d61a71f81c1a237a
Getting group posts for user: 68fe33a1d61a71f81c1a237a

[90mstdout[2m | tests/routes/feed.test.js[2m > [22m[2mFeed Routes - Unit Tests[2m > [22m[2mGET /my-posts - User Group Posts[2m > [22m[2mshould enrich posts with user and group data[22m[39m
User is member of: [33m1[39m groups
Group IDs: [ new ObjectId([32m'68fe33a2d61a71f81c1a2382'[39m) ]

[90mstdout[2m | tests/routes/feed.test.js[2m > [22m[2mFeed Routes - Unit Tests[2m > [22m[2mGET /my-posts - User Group Posts[2m > [22m[2mshould enrich posts with user and group data[22m[39m
Found [33m2[39m group posts

[90mstdout[2m | tests/routes/feed.test.js[2m > [22m[2mFeed Routes - Unit Tests[2m > [22m[2mGET /my-posts - User Group Posts[2m > [22m[2mshould enrich posts with user and group data[22m[39m
Returning 2 group posts

 [32mΓ£ף[39m tests/routes/groupPosts.test.js[2m > [22mGroup Posts Routes - Unit Tests[2m > [22mDELETE /:groupId/posts/:postId - Delete Group Post[2m > [22mshould allow creator to delete any post[33m 321[2mms[22m[39m
 [32mΓ£ף[39m tests/routes/auth.test.js[2m > [22mAuth Routes - Unit Tests[2m > [22mPOST /login - User Login[2m > [22mshould return 400 when user not found[33m 411[2mms[22m[39m
 [32mΓ£ף[39m tests/routes/chats.test.js[2m > [22mChats Routes - Unit Tests[2m > [22mPOST /:chatId/messages - Send Message[2m > [22mshould return 400 when content is empty string[33m 326[2mms[22m[39m
[90mstdout[2m | tests/routes/groupChats.test.js[2m > [22m[2mGroup Chats Routes - Unit Tests[2m > [22m[2mGET /:chatId/messages - Get Messages[2m > [22m[2mshould order messages correctly (oldest first)[22m[39m
Fetching messages for group chat 68fe33a2369661bdc7c8a975, page 1

[90mstdout[2m | tests/routes/groupChats.test.js[2m > [22m[2mGroup Chats Routes - Unit Tests[2m > [22m[2mGET /:chatId/messages - Get Messages[2m > [22m[2mshould order messages correctly (oldest first)[22m[39m
Found 10 messages

 [32mΓ£ף[39m tests/routes/feed.test.js[2m > [22mFeed Routes - Unit Tests[2m > [22mGET /my-posts - User Group Posts[2m > [22mshould enrich posts with user and group data[33m 345[2mms[22m[39m
[90mstdout[2m | tests/routes/users.test.js[2m > [22m[2mUsers Routes - Unit Tests[2m > [22m[2mPOST /:userId/follow - Follow User[2m > [22m[2mshould create notification when following[22m[39m
Following user...

[90mstdout[2m | tests/routes/users.test.js[2m > [22m[2mUsers Routes - Unit Tests[2m > [22m[2mPOST /:userId/follow - Follow User[2m > [22m[2mshould create notification when following[22m[39m
Notification created: follow for user: 68fe33a25105c32ee4ceb83a
User followed successfully

[90mstdout[2m | tests/routes/groups.test.js[2m > [22m[2mGroups Routes - Unit Tests[2m > [22m[2mGET /:id - Get Single Group[2m > [22m[2mshould return 500 on database error[22m[39m
Get single group request: 68fe33a2985631f2a0889a78

 [32mΓ£ף[39m tests/routes/groupChats.test.js[2m > [22mGroup Chats Routes - Unit Tests[2m > [22mGET /:chatId/messages - Get Messages[2m > [22mshould order messages correctly (oldest first)[33m 448[2mms[22m[39m
 [32mΓ£ף[39m tests/routes/recipes.test.js[2m > [22mRecipes Routes - Unit Tests[2m > [22mDELETE /:id/comments/:commentId - Delete Comment[2m > [22mshould return 404 when comment not found[33m 344[2mms[22m[39m
 [32mΓ£ף[39m tests/routes/users.test.js[2m > [22mUsers Routes - Unit Tests[2m > [22mPOST /:userId/follow - Follow User[2m > [22mshould create notification when following[33m 327[2mms[22m[39m
 [32mΓ£ף[39m tests/routes/groups.test.js[2m > [22mGroups Routes - Unit Tests[2m > [22mGET /:id - Get Single Group[2m > [22mshould return 500 on database error[33m 310[2mms[22m[39m
 [32mΓ£ף[39m tests/routes/groupPosts.test.js[2m > [22mGroup Posts Routes - Unit Tests[2m > [22mDELETE /:groupId/posts/:postId - Delete Group Post[2m > [22mshould return 403 when user is not owner/admin/creator[33m 325[2mms[22m[39m
 [32mΓ£ף[39m tests/routes/chats.test.js[2m > [22mChats Routes - Unit Tests[2m > [22mPOST /:chatId/messages - Send Message[2m > [22mshould return 400 for invalid chatId[33m 318[2mms[22m[39m
[90mstdout[2m | tests/routes/feed.test.js[2m > [22m[2mFeed Routes - Unit Tests[2m > [22m[2mGET /my-posts - User Group Posts[2m > [22m[2mshould return empty array when user not in any groups[22m[39m
=== User Groups Posts Request ===
Groups my-posts request - userId: 68fe33a2d61a71f81c1a23be
Getting group posts for user: 68fe33a2d61a71f81c1a23be

[90mstdout[2m | tests/routes/feed.test.js[2m > [22m[2mFeed Routes - Unit Tests[2m > [22m[2mGET /my-posts - User Group Posts[2m > [22m[2mshould return empty array when user not in any groups[22m[39m
User is member of: [33m0[39m groups
User is not a member of any groups

[90mstdout[2m | tests/routes/users.test.js[2m > [22m[2mUsers Routes - Unit Tests[2m > [22m[2mPOST /:userId/follow - Follow User[2m > [22m[2mshould return 400 when following yourself[22m[39m
Following user...

[90mstdout[2m | tests/routes/groups.test.js[2m > [22m[2mGroups Routes - Unit Tests[2m > [22m[2mPOST /:groupId/join - Join Group[2m > [22m[2mshould join public group directly[22m[39m
Join group request: 68fe33a2985631f2a0889a87

[90mstdout[2m | tests/routes/groups.test.js[2m > [22m[2mGroups Routes - Unit Tests[2m > [22m[2mPOST /:groupId/join - Join Group[2m > [22m[2mshould join public group directly[22m[39m
Group found: Public Cooking Group

[90mstdout[2m | tests/routes/groups.test.js[2m > [22m[2mGroups Routes - Unit Tests[2m > [22m[2mPOST /:groupId/join - Join Group[2m > [22m[2mshould join public group directly[22m[39m
User added directly to group (public group)

 [32mΓ£ף[39m tests/routes/recipes.test.js[2m > [22mRecipes Routes - Unit Tests[2m > [22mDELETE /:id/comments/:commentId - Delete Comment[2m > [22mshould return 404 when recipe not found[33m 328[2mms[22m[39m
 [32mΓ£ף[39m tests/routes/feed.test.js[2m > [22mFeed Routes - Unit Tests[2m > [22mGET /my-posts - User Group Posts[2m > [22mshould return empty array when user not in any groups[33m 444[2mms[22m[39m
[90mstdout[2m | tests/routes/groupChats.test.js[2m > [22m[2mGroup Chats Routes - Unit Tests[2m > [22m[2mGET /:chatId/messages - Get Messages[2m > [22m[2mshould handle pagination[22m[39m
Fetching messages for group chat 68fe33a2369661bdc7c8a9a2, page 1

[90mstdout[2m | tests/routes/groupChats.test.js[2m > [22m[2mGroup Chats Routes - Unit Tests[2m > [22m[2mGET /:chatId/messages - Get Messages[2m > [22m[2mshould handle pagination[22m[39m
Found 5 messages

 [32mΓ£ף[39m tests/routes/users.test.js[2m > [22mUsers Routes - Unit Tests[2m > [22mPOST /:userId/follow - Follow User[2m > [22mshould return 400 when following yourself[33m 316[2mms[22m[39m
 [32mΓ£ף[39m tests/routes/groups.test.js[2m > [22mGroups Routes - Unit Tests[2m > [22mPOST /:groupId/join - Join Group[2m > [22mshould join public group directly[33m 334[2mms[22m[39m
 [32mΓ£ף[39m tests/routes/groupChats.test.js[2m > [22mGroup Chats Routes - Unit Tests[2m > [22mGET /:chatId/messages - Get Messages[2m > [22mshould handle pagination[33m 451[2mms[22m[39m
 [32mΓ£ף[39m tests/routes/groupPosts.test.js[2m > [22mGroup Posts Routes - Unit Tests[2m > [22mDELETE /:groupId/posts/:postId - Delete Group Post[2m > [22mshould return 400 for invalid IDs[33m 322[2mms[22m[39m
 [32mΓ£ף[39m tests/routes/chats.test.js[2m > [22mChats Routes - Unit Tests[2m > [22mPOST /:chatId/messages - Send Message[2m > [22mshould return 404 when chat not found[33m 324[2mms[22m[39m
[90mstdout[2m | tests/routes/recipes.test.js[2m > [22m[2mRecipes Routes - Unit Tests[2m > [22m[2mIntegration & Edge Cases[2m > [22m[2mshould handle complete recipe lifecycle[22m[39m
=== Recipe Creation Debug ===
MongoDB connected: [33mtrue[39m

[90mstdout[2m | tests/routes/recipes.test.js[2m > [22m[2mRecipes Routes - Unit Tests[2m > [22m[2mIntegration & Edge Cases[2m > [22m[2mshould handle complete recipe lifecycle[22m[39m
Γ£ו Recipe saved successfully: new ObjectId([32m'68fe33a2c15b0a65b69b4f3d'[39m)

[90mstdout[2m | tests/routes/recipes.test.js[2m > [22m[2mRecipes Routes - Unit Tests[2m > [22m[2mIntegration & Edge Cases[2m > [22m[2mshould handle complete recipe lifecycle[22m[39m
Notification created: like for user: 68fe33a2c15b0a65b69b4f32
Like notification created
Recipe liked

[90mstdout[2m | tests/routes/feed.test.js[2m > [22m[2mFeed Routes - Unit Tests[2m > [22m[2mGET /my-posts - User Group Posts[2m > [22m[2mshould sort posts by date descending[22m[39m
=== User Groups Posts Request ===
Groups my-posts request - userId: 68fe33a2d61a71f81c1a23c5
Getting group posts for user: 68fe33a2d61a71f81c1a23c5

[90mstdout[2m | tests/routes/feed.test.js[2m > [22m[2mFeed Routes - Unit Tests[2m > [22m[2mGET /my-posts - User Group Posts[2m > [22m[2mshould sort posts by date descending[22m[39m
User is member of: [33m1[39m groups
Group IDs: [ new ObjectId([32m'68fe33a2d61a71f81c1a23cd'[39m) ]

[90mstdout[2m | tests/routes/feed.test.js[2m > [22m[2mFeed Routes - Unit Tests[2m > [22m[2mGET /my-posts - User Group Posts[2m > [22m[2mshould sort posts by date descending[22m[39m
Found [33m3[39m group posts

[90mstdout[2m | tests/routes/feed.test.js[2m > [22m[2mFeed Routes - Unit Tests[2m > [22m[2mGET /my-posts - User Group Posts[2m > [22m[2mshould sort posts by date descending[22m[39m
Returning 3 group posts

 [32mΓ£ף[39m tests/routes/auth.test.js[2m > [22mAuth Routes - Unit Tests[2m > [22mPOST /login - User Login[2m > [22mshould return 400 when password is incorrect[33m 723[2mms[22m[39m
[90mstdout[2m | tests/routes/recipes.test.js[2m > [22m[2mRecipes Routes - Unit Tests[2m > [22m[2mIntegration & Edge Cases[2m > [22m[2mshould handle complete recipe lifecycle[22m[39m
Comment added

[90mstdout[2m | tests/routes/recipes.test.js[2m > [22m[2mRecipes Routes - Unit Tests[2m > [22m[2mIntegration & Edge Cases[2m > [22m[2mshould handle complete recipe lifecycle[22m[39m
Notification created: comment for user: 68fe33a2c15b0a65b69b4f32
Comment notification created

[90mstdout[2m | tests/routes/recipes.test.js[2m > [22m[2mRecipes Routes - Unit Tests[2m > [22m[2mIntegration & Edge Cases[2m > [22m[2mshould handle complete recipe lifecycle[22m[39m
=== Recipe Update Debug ===
Recipe ID: 68fe33a2c15b0a65b69b4f3d

[90mstdout[2m | tests/routes/recipes.test.js[2m > [22m[2mRecipes Routes - Unit Tests[2m > [22m[2mIntegration & Edge Cases[2m > [22m[2mshould handle complete recipe lifecycle[22m[39m
Γ£ו Recipe updated successfully: new ObjectId([32m'68fe33a2c15b0a65b69b4f3d'[39m)

[90mstdout[2m | tests/routes/users.test.js[2m > [22m[2mUsers Routes - Unit Tests[2m > [22m[2mPOST /:userId/follow - Follow User[2m > [22m[2mshould return 400 when already following[22m[39m
Following user...

[90mstdout[2m | tests/routes/users.test.js[2m > [22m[2mUsers Routes - Unit Tests[2m > [22m[2mPOST /:userId/follow - Follow User[2m > [22m[2mshould return 400 when already following[22m[39m
Notification created: follow for user: 68fe33a25105c32ee4ceb852
User followed successfully

[90mstdout[2m | tests/routes/users.test.js[2m > [22m[2mUsers Routes - Unit Tests[2m > [22m[2mPOST /:userId/follow - Follow User[2m > [22m[2mshould return 400 when already following[22m[39m
Following user...

[90mstdout[2m | tests/routes/groups.test.js[2m > [22m[2mGroups Routes - Unit Tests[2m > [22m[2mPOST /:groupId/join - Join Group[2m > [22m[2mshould add to pending for private group[22m[39m
Join group request: 68fe33a3985631f2a0889aa0
Group found: Private Baking Group

[90mstdout[2m | tests/routes/groups.test.js[2m > [22m[2mGroups Routes - Unit Tests[2m > [22m[2mPOST /:groupId/join - Join Group[2m > [22m[2mshould add to pending for private group[22m[39m
Join request added to pending list

 [32mΓ£ף[39m tests/routes/feed.test.js[2m > [22mFeed Routes - Unit Tests[2m > [22mGET /my-posts - User Group Posts[2m > [22mshould sort posts by date descending[33m 350[2mms[22m[39m
 [32mΓ£ף[39m tests/routes/recipes.test.js[2m > [22mRecipes Routes - Unit Tests[2m > [22mIntegration & Edge Cases[2m > [22mshould handle complete recipe lifecycle[33m 393[2mms[22m[39m
 [32mΓ£ף[39m tests/routes/users.test.js[2m > [22mUsers Routes - Unit Tests[2m > [22mPOST /:userId/follow - Follow User[2m > [22mshould return 400 when already following[33m 338[2mms[22m[39m
 [32mΓ£ף[39m tests/routes/groups.test.js[2m > [22mGroups Routes - Unit Tests[2m > [22mPOST /:groupId/join - Join Group[2m > [22mshould add to pending for private group[33m 327[2mms[22m[39m
 [32mΓ£ף[39m tests/routes/groupPosts.test.js[2m > [22mGroup Posts Routes - Unit Tests[2m > [22mDELETE /:groupId/posts/:postId - Delete Group Post[2m > [22mshould return 404 when post not found[33m 315[2mms[22m[39m
 [32mΓ£ף[39m tests/routes/chats.test.js[2m > [22mChats Routes - Unit Tests[2m > [22mPOST /:chatId/messages - Send Message[2m > [22mshould return 403 when user is not a participant[33m 322[2mms[22m[39m
 [32mΓ£ף[39m tests/routes/groupChats.test.js[2m > [22mGroup Chats Routes - Unit Tests[2m > [22mGET /:chatId/messages - Get Messages[2m > [22mshould return 400 for invalid chat ID[33m 425[2mms[22m[39m
[90mstdout[2m | tests/routes/feed.test.js[2m > [22m[2mFeed Routes - Unit Tests[2m > [22m[2mGET /my-posts - User Group Posts[2m > [22m[2mshould return 400 when userId is missing[22m[39m
=== User Groups Posts Request ===
Groups my-posts request - userId: [90mundefined[39m

[90mstdout[2m | tests/routes/users.test.js[2m > [22m[2mUsers Routes - Unit Tests[2m > [22m[2mPOST /:userId/follow - Follow User[2m > [22m[2mshould return 400 for invalid userId[22m[39m
Following user...

[90mstdout[2m | tests/routes/recipes.test.js[2m > [22m[2mRecipes Routes - Unit Tests[2m > [22m[2mIntegration & Edge Cases[2m > [22m[2mshould handle multiple likes and comments[22m[39m
Notification created: like for user: 68fe33a3c15b0a65b69b4f5a
Like notification created
Recipe liked

[90mstdout[2m | tests/routes/groups.test.js[2m > [22m[2mGroups Routes - Unit Tests[2m > [22m[2mPOST /:groupId/join - Join Group[2m > [22m[2mshould add to pending when requireApproval is true[22m[39m
Join group request: 68fe33a3985631f2a0889ab3

[90mstdout[2m | tests/routes/groups.test.js[2m > [22m[2mGroups Routes - Unit Tests[2m > [22m[2mPOST /:groupId/join - Join Group[2m > [22m[2mshould add to pending when requireApproval is true[22m[39m
Group found: Public Cooking Group

[90mstdout[2m | tests/routes/recipes.test.js[2m > [22m[2mRecipes Routes - Unit Tests[2m > [22m[2mIntegration & Edge Cases[2m > [22m[2mshould handle multiple likes and comments[22m[39m
Notification created: like for user: 68fe33a3c15b0a65b69b4f5a
Like notification created
Recipe liked

[90mstdout[2m | tests/routes/groups.test.js[2m > [22m[2mGroups Routes - Unit Tests[2m > [22m[2mPOST /:groupId/join - Join Group[2m > [22m[2mshould add to pending when requireApproval is true[22m[39m
Join request added to pending list

[90mstdout[2m | tests/routes/recipes.test.js[2m > [22m[2mRecipes Routes - Unit Tests[2m > [22m[2mIntegration & Edge Cases[2m > [22m[2mshould handle multiple likes and comments[22m[39m
Comment added

[90mstdout[2m | tests/routes/recipes.test.js[2m > [22m[2mRecipes Routes - Unit Tests[2m > [22m[2mIntegration & Edge Cases[2m > [22m[2mshould handle multiple likes and comments[22m[39m
Notification created: comment for user: 68fe33a3c15b0a65b69b4f5a
Comment notification created

[90mstdout[2m | tests/routes/recipes.test.js[2m > [22m[2mRecipes Routes - Unit Tests[2m > [22m[2mIntegration & Edge Cases[2m > [22m[2mshould handle multiple likes and comments[22m[39m
Comment added

[90mstdout[2m | tests/routes/recipes.test.js[2m > [22m[2mRecipes Routes - Unit Tests[2m > [22m[2mIntegration & Edge Cases[2m > [22m[2mshould handle multiple likes and comments[22m[39m
Notification created: comment for user: 68fe33a3c15b0a65b69b4f5a
Comment notification created

 [32mΓ£ף[39m tests/routes/feed.test.js[2m > [22mFeed Routes - Unit Tests[2m > [22mGET /my-posts - User Group Posts[2m > [22mshould return 400 when userId is missing[33m 329[2mms[22m[39m
 [32mΓ£ף[39m tests/routes/recipes.test.js[2m > [22mRecipes Routes - Unit Tests[2m > [22mIntegration & Edge Cases[2m > [22mshould handle multiple likes and comments[33m 380[2mms[22m[39m
 [32mΓ£ף[39m tests/routes/users.test.js[2m > [22mUsers Routes - Unit Tests[2m > [22mPOST /:userId/follow - Follow User[2m > [22mshould return 400 for invalid userId[33m 303[2mms[22m[39m
 [32mΓ£ף[39m tests/routes/groups.test.js[2m > [22mGroups Routes - Unit Tests[2m > [22mPOST /:groupId/join - Join Group[2m > [22mshould add to pending when requireApproval is true[33m 320[2mms[22m[39m
 [32mΓ£ף[39m tests/routes/chats.test.js[2m > [22mChats Routes - Unit Tests[2m > [22mPOST /:chatId/messages - Send Message[2m > [22mshould return 503 when database is not available
 [32mΓ£ף[39m tests/routes/groupPosts.test.js[2m > [22mGroup Posts Routes - Unit Tests[2m > [22mDELETE /:groupId/posts/:postId - Delete Group Post[2m > [22mshould return 503 when database is not available[33m 306[2mms[22m[39m
[90mstdout[2m | tests/routes/recipes.test.js[22m[39m
Test DB disconnected

 [32mΓ£ף[39m tests/routes/chats.test.js[2m > [22mChats Routes - Unit Tests[2m > [22mPOST /:chatId/messages - Send Message[2m > [22mshould return 503 when database is not available[33m 313[2mms[22m[39m
[90mstdout[2m | tests/routes/users.test.js[2m > [22m[2mUsers Routes - Unit Tests[2m > [22m[2mPOST /:userId/follow - Follow User[2m > [22m[2mshould return 404 when user not found[22m[39m
Following user...

[90mstdout[2m | tests/routes/feed.test.js[2m > [22m[2mFeed Routes - Unit Tests[2m > [22m[2mGET /my-posts - User Group Posts[2m > [22m[2mshould return 503 when database is not available[22m[39m
=== User Groups Posts Request ===
Groups my-posts request - userId: 68fe33a3d61a71f81c1a2411

 [32mΓ£ף[39m tests/routes/auth.test.js[2m > [22mAuth Routes - Unit Tests[2m > [22mPOST /login - User Login[2m > [22mshould not reveal whether email or password is wrong[33m 726[2mms[22m[39m
[90mstdout[2m | tests/routes/groups.test.js[2m > [22m[2mGroups Routes - Unit Tests[2m > [22m[2mPOST /:groupId/join - Join Group[2m > [22m[2mshould return 400 when already a member[22m[39m
Join group request: 68fe33a3985631f2a0889ac7

[90mstdout[2m | tests/routes/groups.test.js[2m > [22m[2mGroups Routes - Unit Tests[2m > [22m[2mPOST /:groupId/join - Join Group[2m > [22m[2mshould return 400 when already a member[22m[39m
Group found: Public Cooking Group

 [32mΓ£ף[39m tests/routes/groupChats.test.js[2m > [22mGroup Chats Routes - Unit Tests[2m > [22mGET /:chatId/messages - Get Messages[2m > [22mshould return 404 when chat not found[33m 446[2mms[22m[39m
 [32mΓ£ף[39m tests/routes/users.test.js[2m > [22mUsers Routes - Unit Tests[2m > [22mPOST /:userId/follow - Follow User[2m > [22mshould return 404 when user not found[33m 333[2mms[22m[39m
 [32mΓ£ף[39m tests/routes/feed.test.js[2m > [22mFeed Routes - Unit Tests[2m > [22mGET /my-posts - User Group Posts[2m > [22mshould return 503 when database is not available[33m 358[2mms[22m[39m
 [32mΓ£ף[39m tests/routes/groups.test.js[2m > [22mGroups Routes - Unit Tests[2m > [22mPOST /:groupId/join - Join Group[2m > [22mshould return 400 when already a member[33m 351[2mms[22m[39m
 [32mΓ£ף[39m tests/routes/groupPosts.test.js[2m > [22mGroup Posts Routes - Unit Tests[2m > [22mDELETE /:groupId/posts/:postId - Delete Group Post[2m > [22mshould return 500 on database error[33m 374[2mms[22m[39m
 [32mΓ£ף[39m tests/routes/chats.test.js[2m > [22mChats Routes - Unit Tests[2m > [22mPOST /:chatId/messages - Send Message[2m > [22mshould return 500 on database error[33m 358[2mms[22m[39m
[90mstdout[2m | tests/routes/users.test.js[2m > [22m[2mUsers Routes - Unit Tests[2m > [22m[2mPOST /:userId/follow - Follow User[2m > [22m[2mshould return 503 when database is not available[22m[39m
Following user...

[90mstderr[2m | tests/routes/auth.test.js[2m > [22m[2mAuth 
Routes - Unit Tests[2m > [22m[2mPOST /login - User Login[2m > 
[22m[2mshould return 500 on database error[22m[39m
Login error: Error: DB Error
    at [90mC:\Users\lirhe\Documents\FlavorWorldWebsite\server\[39mte
sts\routes\auth.test.js:403:51
    at [90mfile:///C:/Users/lirhe/Documents/FlavorWorldWebsite/server
/[39mnode_modules/[4m@vitest[24m/runner/dist/index.js:135:14
    at [90mfile:///C:/Users/lirhe/Documents/FlavorWorldWebsite/server
/[39mnode_modules/[4m@vitest[24m/runner/dist/index.js:60:26
    at runTest [90m(file:///C:/Users/lirhe/Documents/FlavorWorldWebsi
te/server/[39mnode_modules/[4m@vitest[24m/runner/dist/index.js:781:
17[90m)[39m
[90m    at processTicksAndRejections 
(node:internal/process/task_queues:105:5)[39m
    at runSuite [90m(file:///C:/Users/lirhe/Documents/FlavorWorldWebs
ite/server/[39mnode_modules/[4m@vitest[24m/runner/dist/index.js:909
:15[90m)[39m
    at runSuite [90m(file:///C:/Users/lirhe/Documents/FlavorWorldWebs
ite/server/[39mnode_modules/[4m@vitest[24m/runner/dist/index.js:909
:15[90m)[39m
    at runSuite [90m(file:///C:/Users/lirhe/Documents/FlavorWorldWebs
ite/server/[39mnode_modules/[4m@vitest[24m/runner/dist/index.js:909
:15[90m)[39m
    at runFiles [90m(file:///C:/Users/lirhe/Documents/FlavorWorldWebs
ite/server/[39mnode_modules/[4m@vitest[24m/runner/dist/index.js:958
:5[90m)[39m
    at startTests [90m(file:///C:/Users/lirhe/Documents/FlavorWorldWe
bsite/server/[39mnode_modules/[4m@vitest[24m/runner/dist/index.js:9
67:3[90m)[39m

[90mstdout[2m | tests/routes/feed.test.js[2m > [22m[2mFeed Routes - Unit Tests[2m > [22m[2mGET /my-posts - User Group Posts[2m > [22m[2mshould return 500 on database error[22m[39m
=== User Groups Posts Request ===
Groups my-posts request - userId: 68fe33a3d61a71f81c1a2433
Getting group posts for user: 68fe33a3d61a71f81c1a2433

[90mstdout[2m | tests/routes/groups.test.js[2m > [22m[2mGroups Routes - Unit Tests[2m > [22m[2mPOST /:groupId/join - Join Group[2m > [22m[2mshould return 400 when already has pending request[22m[39m
Join group request: 68fe33a4985631f2a0889ade

[90mstdout[2m | tests/routes/groups.test.js[2m > [22m[2mGroups Routes - Unit Tests[2m > [22m[2mPOST /:groupId/join - Join Group[2m > [22m[2mshould return 400 when already has pending request[22m[39m
Group found: Private Baking Group

 [32mΓ£ף[39m tests/routes/users.test.js[2m > [22mUsers Routes - Unit Tests[2m > [22mPOST /:userId/follow - Follow User[2m > [22mshould return 503 when database is not available[33m 320[2mms[22m[39m
[90mstdout[2m | tests/routes/groupPosts.test.js[2m > [22m[2mGroup Posts Routes - Unit Tests[2m > [22m[2mPOST /:groupId/posts/:postId/like - Like Group Post[2m > [22m[2mshould like post successfully[22m[39m
Liking group post...

 [32mΓ£ף[39m tests/routes/auth.test.js[2m > [22mAuth Routes - Unit Tests[2m > [22mPOST /login - User Login[2m > [22mshould return 500 on database error[33m 402[2mms[22m[39m
[90mstdout[2m | tests/routes/groupPosts.test.js[2m > [22m[2mGroup Posts Routes - Unit Tests[2m > [22m[2mPOST /:groupId/posts/:postId/like - Like Group Post[2m > [22m[2mshould like post successfully[22m[39m
Notification created: like for user: 68fe33a30683ef8d86745ff1
Group post like notification created
Group post liked successfully

 [32mΓ£ף[39m tests/routes/feed.test.js[2m > [22mFeed Routes - Unit Tests[2m > [22mGET /my-posts - User Group Posts[2m > [22mshould return 500 on database error[33m 357[2mms[22m[39m
 [32mΓ£ף[39m tests/routes/groups.test.js[2m > [22mGroups Routes - Unit Tests[2m > [22mPOST /:groupId/join - Join Group[2m > [22mshould return 400 when already has pending request[33m 338[2mms[22m[39m
[90mstdout[2m | tests/routes/chats.test.js[2m > [22m[2mChats Routes - Unit Tests[2m > [22m[2mPUT /:chatId/read - Mark as Read[2m > [22m[2mshould mark messages as read[22m[39m
Marking messages as read for user 68fe33a3be48e2507c1a63c2 in chat 68fe33a4be48e2507c1a63c8

 [32mΓ£ף[39m tests/routes/groupChats.test.js[2m > [22mGroup Chats Routes - Unit Tests[2m > [22mGET /:chatId/messages - Get Messages[2m > [22mshould return 403 when user not participant[33m 447[2mms[22m[39m
 [32mΓ£ף[39m tests/routes/chats.test.js[2m > [22mChats Routes - Unit Tests[2m > [22mPUT /:chatId/read - Mark as Read[2m > [22mshould mark messages as read
 [32mΓ£ף[39m tests/routes/groupPosts.test.js[2m > [22mGroup Posts Routes - Unit Tests[2m > [22mPOST /:groupId/posts/:postId/like - Like Group Post[2m > [22mshould like post successfully[33m 348[2mms[22m[39m
 [32mΓ£ף[39m tests/routes/chats.test.js[2m > [22mChats Routes - Unit Tests[2m > [22mPUT /:chatId/read - Mark as Read[2m > [22mshould mark messages as read[33m 370[2mms[22m[39m
[90mstdout[2m | tests/routes/users.test.js[2m > [22m[2mUsers Routes - Unit Tests[2m > [22m[2mPOST /:userId/follow - Follow User[2m > [22m[2mshould return 500 on database error[22m[39m
Following user...

[90mstdout[2m | tests/routes/feed.test.js[2m > [22m[2mFeed Routes - Unit Tests[2m > [22m[2mGET /posts - Following Posts[2m > [22m[2mshould return following posts successfully[22m[39m
=== Following Posts Request ===
Getting following posts for user: 68fe33a4d61a71f81c1a2455

[90mstdout[2m | tests/routes/feed.test.js[2m > [22m[2mFeed Routes - Unit Tests[2m > [22m[2mGET /posts - Following Posts[2m > [22m[2mshould return following posts successfully[22m[39m
User follows: [33m1[39m people

[90mstdout[2m | tests/routes/feed.test.js[2m > [22m[2mFeed Routes - Unit Tests[2m > [22m[2mGET /posts - Following Posts[2m > [22m[2mshould return following posts successfully[22m[39m
Found [33m2[39m following posts

[90mstdout[2m | tests/routes/feed.test.js[2m > [22m[2mFeed Routes - Unit Tests[2m > [22m[2mGET /posts - Following Posts[2m > [22m[2mshould return following posts successfully[22m[39m
Returning 2 following posts

[90mstdout[2m | tests/routes/groups.test.js[2m > [22m[2mGroups Routes - Unit Tests[2m > [22m[2mPOST /:groupId/join - Join Group[2m > [22m[2mshould return 400 when userId is missing[22m[39m
Join group request: 68fe33a4985631f2a0889aef

 [32mΓ£ף[39m tests/routes/users.test.js[2m > [22mUsers Routes - Unit Tests[2m > [22mPOST /:userId/follow - Follow User[2m > [22mshould return 500 on database error[33m 339[2mms[22m[39m
[90mstdout[2m | tests/routes/groupPosts.test.js[2m > [22m[2mGroup Posts Routes - Unit Tests[2m > [22m[2mPOST /:groupId/posts/:postId/like - Like Group Post[2m > [22m[2mshould return 400 when already liked[22m[39m
Liking group post...

 [32mΓ£ף[39m tests/routes/feed.test.js[2m > [22mFeed Routes - Unit Tests[2m > [22mGET /posts - Following Posts[2m > [22mshould return following posts successfully[33m 361[2mms[22m[39m
 [32mΓ£ף[39m tests/routes/groups.test.js[2m > [22mGroups Routes - Unit Tests[2m > [22mPOST /:groupId/join - Join Group[2m > [22mshould return 400 when userId is missing[33m 341[2mms[22m[39m
[90mstdout[2m | tests/routes/groupPosts.test.js[2m > [22m[2mGroup Posts Routes - Unit Tests[2m > [22m[2mPOST /:groupId/posts/:postId/like - Like Group Post[2m > [22m[2mshould return 400 when already liked[22m[39m
Notification created: like for user: 68fe33a40683ef8d86746010
Group post like notification created
Group post liked successfully

[90mstdout[2m | tests/routes/groupPosts.test.js[2m > [22m[2mGroup Posts Routes - Unit Tests[2m > [22m[2mPOST /:groupId/posts/:postId/like - Like Group Post[2m > [22m[2mshould return 400 when already liked[22m[39m
Liking group post...

[90mstdout[2m | tests/routes/chats.test.js[2m > [22m[2mChats Routes - Unit Tests[2m > [22m[2mPUT /:chatId/read - Mark as Read[2m > [22m[2mshould reset unread count to zero[22m[39m
Marking messages as read for user 68fe33a4be48e2507c1a63e7 in chat 68fe33a4be48e2507c1a63ed

 [32mΓ£ף[39m tests/routes/auth.test.js[2m > [22mAuth Routes - Unit Tests[2m > [22mPOST /forgotpassword - Password Reset[2m > [22mshould send reset email for existing user[33m 429[2mms[22m[39m
 [32mΓ£ף[39m tests/routes/groupPosts.test.js[2m > [22mGroup Posts Routes - Unit Tests[2m > [22mPOST /:groupId/posts/:postId/like - Like Group Post[2m > [22mshould return 400 when already liked[33m 381[2mms[22m[39m
 [32mΓ£ף[39m tests/routes/groupChats.test.js[2m > [22mGroup Chats Routes - Unit Tests[2m > [22mGET /:chatId/messages - Get Messages[2m > [22mshould return 503 when database is not available[33m 447[2mms[22m[39m
 [32mΓ£ף[39m tests/routes/chats.test.js[2m > [22mChats Routes - Unit Tests[2m > [22mPUT /:chatId/read - Mark as Read[2m > [22mshould reset unread count to zero[33m 350[2mms[22m[39m
[90mstdout[2m | tests/routes/users.test.js[2m > [22m[2mUsers Routes - Unit Tests[2m > [22m[2mDELETE /:userId/follow - Unfollow User[2m > [22m[2mshould unfollow user successfully[22m[39m
 Unfollowing user...

[90mstdout[2m | tests/routes/users.test.js[2m > [22m[2mUsers Routes - Unit Tests[2m > [22m[2mDELETE /:userId/follow - Unfollow User[2m > [22m[2mshould unfollow user successfully[22m[39m
User unfollowed successfully

[90mstdout[2m | tests/routes/groups.test.js[2m > [22m[2mGroups Routes - Unit Tests[2m > [22m[2mPOST /:groupId/join - Join Group[2m > [22m[2mshould return 400 for invalid group ID[22m[39m
Join group request: invalid-id

[90mstdout[2m | tests/routes/feed.test.js[2m > [22m[2mFeed Routes - Unit Tests[2m > [22m[2mGET /posts - Following Posts[2m > [22m[2mshould enrich posts with user data[22m[39m
=== Following Posts Request ===
Getting following posts for user: 68fe33a4d61a71f81c1a247b

[90mstdout[2m | tests/routes/feed.test.js[2m > [22m[2mFeed Routes - Unit Tests[2m > [22m[2mGET /posts - Following Posts[2m > [22m[2mshould enrich posts with user data[22m[39m
User follows: [33m1[39m people

[90mstdout[2m | tests/routes/feed.test.js[2m > [22m[2mFeed Routes - Unit Tests[2m > [22m[2mGET /posts - Following Posts[2m > [22m[2mshould enrich posts with user data[22m[39m
Found [33m2[39m following posts

[90mstdout[2m | tests/routes/feed.test.js[2m > [22m[2mFeed Routes - Unit Tests[2m > [22m[2mGET /posts - Following Posts[2m > [22m[2mshould enrich posts with user data[22m[39m
Returning 2 following posts

 [32mΓ£ף[39m tests/routes/users.test.js[2m > [22mUsers Routes - Unit Tests[2m > [22mDELETE /:userId/follow - Unfollow User[2m > [22mshould unfollow user successfully[33m 336[2mms[22m[39m
 [32mΓ£ף[39m tests/routes/groups.test.js[2m > [22mGroups Routes - Unit Tests[2m > [22mPOST /:groupId/join - Join Group[2m > [22mshould return 400 for invalid group ID[33m 309[2mms[22m[39m
[90mstdout[2m | tests/routes/groupPosts.test.js[2m > [22m[2mGroup Posts Routes - Unit Tests[2m > [22m[2mPOST /:groupId/posts/:postId/like - Like Group Post[2m > [22m[2mshould return 400 when userId is missing[22m[39m
Liking group post...

 [32mΓ£ף[39m tests/routes/feed.test.js[2m > [22mFeed Routes - Unit Tests[2m > [22mGET /posts - Following Posts[2m > [22mshould enrich posts with user data[33m 341[2mms[22m[39m
[90mstdout[2m | tests/routes/chats.test.js[2m > [22m[2mChats Routes - Unit Tests[2m > [22m[2mPUT /:chatId/read - Mark as Read[2m > [22m[2mshould not mark sender messages as read[22m[39m
Marking messages as read for user 68fe33a4be48e2507c1a640a in chat 68fe33a4be48e2507c1a6410

 [32mΓ£ף[39m tests/routes/groupPosts.test.js[2m > [22mGroup Posts Routes - Unit Tests[2m > [22mPOST /:groupId/posts/:postId/like - Like Group Post[2m > [22mshould return 400 when userId is missing[33m 318[2mms[22m[39m
[90mstdout[2m | tests/routes/groupChats.test.js[2m > [22m[2mGroup Chats Routes - Unit Tests[2m > [22m[2mGET /:chatId/messages - Get Messages[2m > [22m[2mshould return 500 on database error[22m[39m
Fetching messages for group chat 68fe33a4369661bdc7c8aa75, page 1

 [32mΓ£ף[39m tests/routes/auth.test.js[2m > [22mAuth Routes - Unit Tests[2m > [22mPOST /forgotpassword - Password Reset[2m > [22mshould handle email case insensitivity[33m 398[2mms[22m[39m
[90mstdout[2m | tests/routes/users.test.js[2m > [22m[2mUsers Routes - Unit Tests[2m > [22m[2mDELETE /:userId/follow - Unfollow User[2m > [22m[2mshould return 400 when not following[22m[39m
 Unfollowing user...

 [32mΓ£ף[39m tests/routes/chats.test.js[2m > [22mChats Routes - Unit Tests[2m > [22mPUT /:chatId/read - Mark as Read[2m > [22mshould not mark sender messages as read[33m 325[2mms[22m[39m
[90mstdout[2m | tests/routes/groups.test.js[2m > [22m[2mGroups Routes - Unit Tests[2m > [22m[2mPOST /:groupId/join - Join Group[2m > [22m[2mshould return 404 when group not found[22m[39m
Join group request: 68fe33a5985631f2a0889b13

 [32mΓ£ף[39m tests/routes/groupChats.test.js[2m > [22mGroup Chats Routes - Unit Tests[2m > [22mGET /:chatId/messages - Get Messages[2m > [22mshould return 500 on database error[33m 421[2mms[22m[39m
 [32mΓ£ף[39m tests/routes/users.test.js[2m > [22mUsers Routes - Unit Tests[2m > [22mDELETE /:userId/follow - Unfollow User[2m > [22mshould return 400 when not following[33m 306[2mms[22m[39m
 [32mΓ£ף[39m tests/routes/groups.test.js[2m > [22mGroups Routes - Unit Tests[2m > [22mPOST /:groupId/join - Join Group[2m > [22mshould return 404 when group not found[33m 318[2mms[22m[39m
[90mstdout[2m | tests/routes/groupPosts.test.js[2m > [22m[2mGroup Posts Routes - Unit Tests[2m > [22m[2mPOST /:groupId/posts/:postId/like - Like Group Post[2m > [22m[2mshould return 403 when user is not a member[22m[39m
Liking group post...

[90mstdout[2m | tests/routes/feed.test.js[2m > [22m[2mFeed Routes - Unit Tests[2m > [22m[2mGET /posts - Following Posts[2m > [22m[2mshould return empty array when not following anyone[22m[39m
=== Following Posts Request ===
Getting following posts for user: 68fe33a5d61a71f81c1a24bf

[90mstdout[2m | tests/routes/feed.test.js[2m > [22m[2mFeed Routes - Unit Tests[2m > [22m[2mGET /posts - Following Posts[2m > [22m[2mshould return empty array when not following anyone[22m[39m
User follows: [33m0[39m people
User is not following anyone

[90mstdout[2m | tests/routes/chats.test.js[2m > [22m[2mChats Routes - Unit Tests[2m > [22m[2mPUT /:chatId/read - Mark as Read[2m > [22m[2mshould not add duplicate readBy entries[22m[39m
Marking messages as read for user 68fe33a4be48e2507c1a642f in chat 68fe33a5be48e2507c1a6435

[90mstdout[2m | tests/routes/chats.test.js[2m > [22m[2mChats Routes - Unit Tests[2m > [22m[2mPUT /:chatId/read - Mark as Read[2m > [22m[2mshould not add duplicate readBy entries[22m[39m
Marking messages as read for user 68fe33a4be48e2507c1a642f in chat 68fe33a5be48e2507c1a6435

 [32mΓ£ף[39m tests/routes/groupPosts.test.js[2m > [22mGroup Posts Routes - Unit Tests[2m > [22mPOST /:groupId/posts/:postId/like - Like Group Post[2m > [22mshould return 403 when user is not a member[33m 306[2mms[22m[39m
 [32mΓ£ף[39m tests/routes/feed.test.js[2m > [22mFeed Routes - Unit Tests[2m > [22mGET /posts - Following Posts[2m > [22mshould return empty array when not following anyone[33m 423[2mms[22m[39m
[90mstdout[2m | tests/routes/users.test.js[2m > [22m[2mUsers Routes - Unit Tests[2m > [22m[2mDELETE /:userId/follow - Unfollow User[2m > [22m[2mshould return 400 for invalid userId[22m[39m
 Unfollowing user...

 [32mΓ£ף[39m tests/routes/chats.test.js[2m > [22mChats Routes - Unit Tests[2m > [22mPUT /:chatId/read - Mark as Read[2m > [22mshould not add duplicate readBy entries[33m 331[2mms[22m[39m
[90mstdout[2m | tests/routes/groups.test.js[2m > [22m[2mGroups Routes - Unit Tests[2m > [22m[2mPOST /:groupId/join - Join Group[2m > [22m[2mshould return 500 on database error[22m[39m
Join group request: 68fe33a5985631f2a0889b1e

 [32mΓ£ף[39m tests/routes/auth.test.js[2m > [22mAuth Routes - Unit Tests[2m > [22mPOST /forgotpassword - Password Reset[2m > [22mshould trim email whitespace[33m 388[2mms[22m[39m
[90mstdout[2m | tests/routes/groupChats.test.js[2m > [22m[2mGroup Chats Routes - Unit Tests[2m > [22m[2mPOST /:chatId/messages - Send Message[2m > [22m[2mshould send message successfully[22m[39m
Sending message to group chat 68fe33a5369661bdc7c8aaa1 from Alice Johnson

[90mstdout[2m | tests/routes/groupChats.test.js[2m > [22m[2mGroup Chats Routes - Unit Tests[2m > [22m[2mPOST /:chatId/messages - Send Message[2m > [22m[2mshould send message successfully[22m[39m
Message sent successfully to group chat: new ObjectId([32m'68fe33a5369661bdc7c8aaaa'[39m)

 [32mΓ£ף[39m tests/routes/users.test.js[2m > [22mUsers Routes - Unit Tests[2m > [22mDELETE /:userId/follow - Unfollow User[2m > [22mshould return 400 for invalid userId
 [32mΓ£ף[39m tests/routes/groups.test.js[2m > [22mGroups Routes - Unit Tests[2m > [22mPOST /:groupId/join - Join Group[2m > [22mshould return 500 on database error
[90mstdout[2m | tests/routes/groupPosts.test.js[2m > [22m[2mGroup Posts Routes - Unit Tests[2m > [22m[2mPOST /:groupId/posts/:postId/like - Like Group Post[2m > [22m[2mshould return 400 for invalid IDs[22m[39m
Liking group post...

 [32mΓ£ף[39m tests/routes/groupChats.test.js[2m > [22mGroup Chats Routes - Unit Tests[2m > [22mPOST /:chatId/messages - Send Message[2m > [22mshould send message successfully[33m 402[2mms[22m[39m
[90mstdout[2m | tests/routes/feed.test.js[2m > [22m[2mFeed Routes - Unit Tests[2m > [22m[2mGET /posts - Following Posts[2m > [22m[2mshould sort posts by date descending[22m[39m
=== Following Posts Request ===
Getting following posts for user: 68fe33a5d61a71f81c1a24c6

[90mstdout[2m | tests/routes/feed.test.js[2m > [22m[2mFeed Routes - Unit Tests[2m > [22m[2mGET /posts - Following Posts[2m > [22m[2mshould sort posts by date descending[22m[39m
User follows: [33m1[39m people

[90mstdout[2m | tests/routes/feed.test.js[2m > [22m[2mFeed Routes - Unit Tests[2m > [22m[2mGET /posts - Following Posts[2m > [22m[2mshould sort posts by date descending[22m[39m
Found [33m4[39m following posts

[90mstdout[2m | tests/routes/feed.test.js[2m > [22m[2mFeed Routes - Unit Tests[2m > [22m[2mGET /posts - Following Posts[2m > [22m[2mshould sort posts by date descending[22m[39m
Returning 4 following posts

 [32mΓ£ף[39m tests/routes/groupPosts.test.js[2m > [22mGroup Posts Routes - Unit Tests[2m > [22mPOST /:groupId/posts/:postId/like - Like Group Post[2m > [22mshould return 400 for invalid IDs
[90mstdout[2m | tests/routes/users.test.js[2m > [22m[2mUsers Routes - Unit Tests[2m > [22m[2mDELETE /:userId/follow - Unfollow User[2m > [22m[2mshould return 404 when user not found[22m[39m
 Unfollowing user...

 [32mΓ£ף[39m tests/routes/feed.test.js[2m > [22mFeed Routes - Unit Tests[2m > [22mGET /posts - Following Posts[2m > [22mshould sort posts by date descending[33m 333[2mms[22m[39m
 [32mΓ£ף[39m tests/routes/chats.test.js[2m > [22mChats Routes - Unit Tests[2m > [22mPUT /:chatId/read - Mark as Read[2m > [22mshould return 400 for invalid chatId[33m 302[2mms[22m[39m
 [32mΓ£ף[39m tests/routes/users.test.js[2m > [22mUsers Routes - Unit Tests[2m > [22mDELETE /:userId/follow - Unfollow User[2m > [22mshould return 404 when user not found
 [32mΓ£ף[39m tests/routes/auth.test.js[2m > [22mAuth Routes - Unit Tests[2m > [22mPOST /forgotpassword - Password Reset[2m > [22mshould return 400 when email is missing[33m 375[2mms[22m[39m
 [32mΓ£ף[39m tests/routes/groups.test.js[2m > [22mGroups Routes - Unit Tests[2m > [22mPUT /:id/requests/:userId - Approve/Reject Request[2m > [22mshould approve join request[33m 306[2mms[22m[39m
[90mstdout[2m | tests/routes/groupChats.test.js[2m > [22m[2mGroup Chats Routes - Unit Tests[2m > [22m[2mPOST /:chatId/messages - Send Message[2m > [22m[2mshould update lastMessage[22m[39m
Sending message to group chat 68fe33a5369661bdc7c8aabd from Alice Johnson

[90mstdout[2m | tests/routes/groupPosts.test.js[2m > [22m[2mGroup Posts Routes - Unit Tests[2m > [22m[2mPOST /:groupId/posts/:postId/like - Like Group Post[2m > [22m[2mshould return 404 when post not found[22m[39m
Liking group post...

[90mstdout[2m | tests/routes/groupChats.test.js[2m > [22m[2mGroup Chats Routes - Unit Tests[2m > [22m[2mPOST /:chatId/messages - Send Message[2m > [22m[2mshould update lastMessage[22m[39m
Message sent successfully to group chat: new ObjectId([32m'68fe33a5369661bdc7c8aac6'[39m)

[90mstdout[2m | tests/routes/chats.test.js[2m > [22m[2mChats Routes - Unit Tests[2m > [22m[2mPUT /:chatId/read - Mark as Read[2m > [22m[2mshould handle non-existent chat gracefully[22m[39m
Marking messages as read for user 68fe33a5be48e2507c1a6474 in chat 68fe33a5be48e2507c1a6485

[90mstdout[2m | tests/routes/feed.test.js[2m > [22m[2mFeed Routes - Unit Tests[2m > [22m[2mGET /posts - Following Posts[2m > [22m[2mshould return 400 when userId is missing[22m[39m
=== Following Posts Request ===

 [32mΓ£ף[39m tests/routes/groupPosts.test.js[2m > [22mGroup Posts Routes - Unit Tests[2m > [22mPOST /:groupId/posts/:postId/like - Like Group Post[2m > [22mshould return 404 when post not found
 [32mΓ£ף[39m tests/routes/groupChats.test.js[2m > [22mGroup Chats Routes - Unit Tests[2m > [22mPOST /:chatId/messages - Send Message[2m > [22mshould update lastMessage[33m 393[2mms[22m[39m
[90mstdout[2m | tests/routes/users.test.js[2m > [22m[2mUsers Routes - Unit Tests[2m > [22m[2mDELETE /:userId/follow - Unfollow User[2m > [22m[2mshould return 503 when database is not available[22m[39m
 Unfollowing user...

 [32mΓ£ף[39m tests/routes/feed.test.js[2m > [22mFeed Routes - Unit Tests[2m > [22mGET /posts - Following Posts[2m > [22mshould return 400 when userId is missing[33m 306[2mms[22m[39m
 [32mΓ£ף[39m tests/routes/chats.test.js[2m > [22mChats Routes - Unit Tests[2m > [22mPUT /:chatId/read - Mark as Read[2m > [22mshould handle non-existent chat gracefully
 [32mΓ£ף[39m tests/routes/users.test.js[2m > [22mUsers Routes - Unit Tests[2m > [22mDELETE /:userId/follow - Unfollow User[2m > [22mshould return 503 when database is not available
 [32mΓ£ף[39m tests/routes/groups.test.js[2m > [22mGroups Routes - Unit Tests[2m > [22mPUT /:id/requests/:userId - Approve/Reject Request[2m > [22mshould reject join request
[90mstdout[2m | tests/routes/groupPosts.test.js[2m > [22m[2mGroup Posts Routes - Unit Tests[2m > [22m[2mPOST /:groupId/posts/:postId/like - Like Group Post[2m > [22m[2mshould return 503 when database is not available[22m[39m
Liking group post...

 [32mΓ£ף[39m tests/routes/auth.test.js[2m > [22mAuth Routes - Unit Tests[2m > [22mPOST /forgotpassword - Password Reset[2m > [22mshould return 404 when user not found[33m 373[2mms[22m[39m
[90mstdout[2m | tests/routes/feed.test.js[2m > [22m[2mFeed Routes - Unit Tests[2m > [22m[2mGET /posts - Following Posts[2m > [22m[2mshould return 400 for invalid userId[22m[39m
=== Following Posts Request ===

[90mstdout[2m | tests/routes/groupChats.test.js[2m > [22m[2mGroup Chats Routes - Unit Tests[2m > [22m[2mPOST /:chatId/messages - Send Message[2m > [22m[2mshould increment unread count for other participants[22m[39m
Sending message to group chat 68fe33a6369661bdc7c8aadd from Alice Johnson

[90mstdout[2m | tests/routes/groupChats.test.js[2m > [22m[2mGroup Chats Routes - Unit Tests[2m > [22m[2mPOST /:chatId/messages - Send Message[2m > [22m[2mshould increment unread count for other participants[22m[39m
Message sent successfully to group chat: new ObjectId([32m'68fe33a6369661bdc7c8aae6'[39m)

 [32mΓ£ף[39m tests/routes/groupPosts.test.js[2m > [22mGroup Posts Routes - Unit Tests[2m > [22mPOST /:groupId/posts/:postId/like - Like Group Post[2m > [22mshould return 503 when database is not available
[90mstdout[2m | tests/routes/users.test.js[2m > [22m[2mUsers Routes - Unit Tests[2m > [22m[2mDELETE /:userId/follow - Unfollow User[2m > [22m[2mshould return 500 on database error[22m[39m
 Unfollowing user...

 [32mΓ£ף[39m tests/routes/chats.test.js[2m > [22mChats Routes - Unit Tests[2m > [22mPUT /:chatId/read - Mark as Read[2m > [22mshould return 503 when database is not available
 [32mΓ£ף[39m tests/routes/feed.test.js[2m > [22mFeed Routes - Unit Tests[2m > [22mGET /posts - Following Posts[2m > [22mshould return 400 for invalid userId[33m 320[2mms[22m[39m
 [32mΓ£ף[39m tests/routes/groupChats.test.js[2m > [22mGroup Chats Routes - Unit Tests[2m > [22mPOST /:chatId/messages - Send Message[2m > [22mshould increment unread count for other participants[33m 391[2mms[22m[39m
 [32mΓ£ף[39m tests/routes/users.test.js[2m > [22mUsers Routes - Unit Tests[2m > [22mDELETE /:userId/follow - Unfollow User[2m > [22mshould return 500 on database error
 [32mΓ£ף[39m tests/routes/groups.test.js[2m > [22mGroups Routes - Unit Tests[2m > [22mPUT /:id/requests/:userId - Approve/Reject Request[2m > [22mshould return 403 when not admin
[90mstdout[2m | tests/routes/groupPosts.test.js[2m > [22m[2mGroup Posts Routes - Unit Tests[2m > [22m[2mPOST /:groupId/posts/:postId/like - Like Group Post[2m > [22m[2mshould return 500 on database error[22m[39m
Liking group post...

[90mstderr[2m | tests/routes/groupPosts.test.js[2m > 
[22m[2mGroup Posts Routes - Unit Tests[2m > [22m[2mPOST 
/:groupId/posts/:postId/like - Like Group Post[2m > [22m[2mshould 
return 500 on database error[22m[39m
Error liking group post: Error: DB Error
    at [90mC:\Users\lirhe\Documents\FlavorWorldWebsite\server\[39mte
sts\routes\groupPosts.test.js:741:53
    at [90mfile:///C:/Users/lirhe/Documents/FlavorWorldWebsite/server
/[39mnode_modules/[4m@vitest[24m/runner/dist/index.js:135:14
    at [90mfile:///C:/Users/lirhe/Documents/FlavorWorldWebsite/server
/[39mnode_modules/[4m@vitest[24m/runner/dist/index.js:60:26
    at runTest [90m(file:///C:/Users/lirhe/Documents/FlavorWorldWebsi
te/server/[39mnode_modules/[4m@vitest[24m/runner/dist/index.js:781:
17[90m)[39m
[90m    at processTicksAndRejections 
(node:internal/process/task_queues:105:5)[39m
    at runSuite [90m(file:///C:/Users/lirhe/Documents/FlavorWorldWebs
ite/server/[39mnode_modules/[4m@vitest[24m/runner/dist/index.js:909
:15[90m)[39m
    at runSuite [90m(file:///C:/Users/lirhe/Documents/FlavorWorldWebs
ite/server/[39mnode_modules/[4m@vitest[24m/runner/dist/index.js:909
:15[90m)[39m
    at runSuite [90m(file:///C:/Users/lirhe/Documents/FlavorWorldWebs
ite/server/[39mnode_modules/[4m@vitest[24m/runner/dist/index.js:909
:15[90m)[39m
    at runFiles [90m(file:///C:/Users/lirhe/Documents/FlavorWorldWebs
ite/server/[39mnode_modules/[4m@vitest[24m/runner/dist/index.js:958
:5[90m)[39m
    at startTests [90m(file:///C:/Users/lirhe/Documents/FlavorWorldWe
bsite/server/[39mnode_modules/[4m@vitest[24m/runner/dist/index.js:9
67:3[90m)[39m

[90mstderr[2m | tests/routes/auth.test.js[2m > [22m[2mAuth 
Routes - Unit Tests[2m > [22m[2mPOST /forgotpassword - Password 
Reset[2m > [22m[2mshould return 500 on database error[22m[39m
Forgot password error: Error: DB Error
    at [90mC:\Users\lirhe\Documents\FlavorWorldWebsite\server\[39mte
sts\routes\auth.test.js:473:51
    at [90mfile:///C:/Users/lirhe/Documents/FlavorWorldWebsite/server
/[39mnode_modules/[4m@vitest[24m/runner/dist/index.js:135:14
    at [90mfile:///C:/Users/lirhe/Documents/FlavorWorldWebsite/server
/[39mnode_modules/[4m@vitest[24m/runner/dist/index.js:60:26
    at runTest [90m(file:///C:/Users/lirhe/Documents/FlavorWorldWebsi
te/server/[39mnode_modules/[4m@vitest[24m/runner/dist/index.js:781:
17[90m)[39m
[90m    at processTicksAndRejections 
(node:internal/process/task_queues:105:5)[39m
    at runSuite [90m(file:///C:/Users/lirhe/Documents/FlavorWorldWebs
ite/server/[39mnode_modules/[4m@vitest[24m/runner/dist/index.js:909
:15[90m)[39m
    at runSuite [90m(file:///C:/Users/lirhe/Documents/FlavorWorldWebs
ite/server/[39mnode_modules/[4m@vitest[24m/runner/dist/index.js:909
:15[90m)[39m
    at runSuite [90m(file:///C:/Users/lirhe/Documents/FlavorWorldWebs
ite/server/[39mnode_modules/[4m@vitest[24m/runner/dist/index.js:909
:15[90m)[39m
    at runFiles [90m(file:///C:/Users/lirhe/Documents/FlavorWorldWebs
ite/server/[39mnode_modules/[4m@vitest[24m/runner/dist/index.js:958
:5[90m)[39m
    at startTests [90m(file:///C:/Users/lirhe/Documents/FlavorWorldWe
bsite/server/[39mnode_modules/[4m@vitest[24m/runner/dist/index.js:9
67:3[90m)[39m

[90mstdout[2m | tests/routes/chats.test.js[2m > [22m[2mChats Routes - Unit Tests[2m > [22m[2mPUT /:chatId/read - Mark as Read[2m > [22m[2mshould return 500 on database error[22m[39m
Marking messages as read for user 68fe33a6be48e2507c1a64ac in chat 68fe33a6be48e2507c1a64b2

 [32mΓ£ף[39m tests/routes/groupPosts.test.js[2m > [22mGroup Posts Routes - Unit Tests[2m > [22mPOST /:groupId/posts/:postId/like - Like Group Post[2m > [22mshould return 500 on database error
[90mstdout[2m | tests/routes/feed.test.js[2m > [22m[2mFeed Routes - Unit Tests[2m > [22m[2mGET /posts - Following Posts[2m > [22m[2mshould return 404 when user not found[22m[39m
=== Following Posts Request ===
Getting following posts for user: 68fe33a6d61a71f81c1a2556

 [32mΓ£ף[39m tests/routes/auth.test.js[2m > [22mAuth Routes - Unit Tests[2m > [22mPOST /forgotpassword - Password Reset[2m > [22mshould return 500 on database error[33m 375[2mms[22m[39m
 [32mΓ£ף[39m tests/routes/chats.test.js[2m > [22mChats Routes - Unit Tests[2m > [22mPUT /:chatId/read - Mark as Read[2m > [22mshould return 500 on database error
[90mstdout[2m | tests/routes/groupChats.test.js[2m > [22m[2mGroup Chats Routes - Unit Tests[2m > [22m[2mPOST /:chatId/messages - Send Message[2m > [22m[2mshould support different message types[22m[39m
Sending message to group chat 68fe33a6369661bdc7c8aafd from Alice Johnson

[90mstdout[2m | tests/routes/groupChats.test.js[2m > [22m[2mGroup Chats Routes - Unit Tests[2m > [22m[2mPOST /:chatId/messages - Send Message[2m > [22m[2mshould support different message types[22m[39m
Message sent successfully to group chat: new ObjectId([32m'68fe33a6369661bdc7c8ab06'[39m)

 [32mΓ£ף[39m tests/routes/feed.test.js[2m > [22mFeed Routes - Unit Tests[2m > [22mGET /posts - Following Posts[2m > [22mshould return 404 when user not found[33m 308[2mms[22m[39m
 [32mΓ£ף[39m tests/routes/users.test.js[2m > [22mUsers Routes - Unit Tests[2m > [22mGET /:userId/follow-status/:viewerId - Get Follow Status[2m > [22mshould return follow status with counts
 [32mΓ£ף[39m tests/routes/groups.test.js[2m > [22mGroups Routes - Unit Tests[2m > [22mPUT /:id/requests/:userId - Approve/Reject Request[2m > [22mshould return 404 when request not found
 [32mΓ£ף[39m tests/routes/groupChats.test.js[2m > [22mGroup Chats Routes - Unit Tests[2m > [22mPOST /:chatId/messages - Send Message[2m > [22mshould support different message types[33m 389[2mms[22m[39m
[90mstdout[2m | tests/routes/groupPosts.test.js[2m > [22m[2mGroup Posts Routes - Unit Tests[2m > [22m[2mDELETE /:groupId/posts/:postId/like - Unlike Group Post[2m > [22m[2mshould unlike post successfully[22m[39m
Unliking group post...

[90mstdout[2m | tests/routes/groupPosts.test.js[2m > [22m[2mGroup Posts Routes - Unit Tests[2m > [22m[2mDELETE /:groupId/posts/:postId/like - Unlike Group Post[2m > [22m[2mshould unlike post successfully[22m[39m
Group post unliked successfully

[90mstdout[2m | tests/routes/chats.test.js[2m > [22m[2mChats Routes - Unit Tests[2m > [22m[2mGET /unread-count - Get Unread Count[2m > [22m[2mshould return total unread count across all chats[22m[39m
User 68fe33a6be48e2507c1a64c6 has 8 unread messages

 [32mΓ£ף[39m tests/routes/groupPosts.test.js[2m > [22mGroup Posts Routes - Unit Tests[2m > [22mDELETE /:groupId/posts/:postId/like - Unlike Group Post[2m > [22mshould unlike post successfully
[90mstdout[2m | tests/routes/feed.test.js[2m > [22m[2mFeed Routes - Unit Tests[2m > [22m[2mGET /posts - Following Posts[2m > [22m[2mshould return 503 when database is not available[22m[39m
=== Following Posts Request ===

 [32mΓ£ף[39m tests/routes/chats.test.js[2m > [22mChats Routes - Unit Tests[2m > [22mGET /unread-count - Get Unread Count[2m > [22mshould return total unread count across all chats
 [32mΓ£ף[39m tests/routes/users.test.js[2m > [22mUsers Routes - Unit Tests[2m > [22mGET /:userId/follow-status/:viewerId - Get Follow Status[2m > [22mshould return isFollowing false when not following
 [32mΓ£ף[39m tests/routes/feed.test.js[2m > [22mFeed Routes - Unit Tests[2m > [22mGET /posts - Following Posts[2m > [22mshould return 503 when database is not available
 [32mΓ£ף[39m tests/routes/groups.test.js[2m > [22mGroups Routes - Unit Tests[2m > [22mPUT /:id/requests/:userId - Approve/Reject Request[2m > [22mshould return 404 when group not found
 [32mΓ£ף[39m tests/routes/auth.test.js[2m > [22mAuth Routes - Unit Tests[2m > [22mSecurity & Integration[2m > [22mshould use bcrypt with sufficient rounds (10+)[33m 434[2mms[22m[39m
[90mstdout[2m | tests/routes/groupPosts.test.js[2m > [22m[2mGroup Posts Routes - Unit Tests[2m > [22m[2mDELETE /:groupId/posts/:postId/like - Unlike Group Post[2m > [22m[2mshould return 400 when not liked yet[22m[39m
Unliking group post...

 [32mΓ£ף[39m tests/routes/groupChats.test.js[2m > [22mGroup Chats Routes - Unit Tests[2m > [22mPOST /:chatId/messages - Send Message[2m > [22mshould return 400 when content is empty[33m 359[2mms[22m[39m
 [32mΓ£ף[39m tests/routes/groupPosts.test.js[2m > [22mGroup Posts Routes - Unit Tests[2m > [22mDELETE /:groupId/posts/:postId/like - Unlike Group Post[2m > [22mshould return 400 when not liked yet
[90mstdout[2m | tests/routes/feed.test.js[2m > [22m[2mFeed Routes - Unit Tests[2m > [22m[2mGET /posts - Following Posts[2m > [22m[2mshould return 500 on database error[22m[39m
=== Following Posts Request ===
Getting following posts for user: 68fe33a6d61a71f81c1a257e

 [32mΓ£ף[39m tests/routes/feed.test.js[2m > [22mFeed Routes - Unit Tests[2m > [22mGET /posts - Following Posts[2m > [22mshould return 500 on database error
 [32mΓ£ף[39m tests/routes/users.test.js[2m > [22mUsers Routes - Unit Tests[2m > [22mGET /:userId/follow-status/:viewerId - Get Follow Status[2m > [22mshould handle missing viewerId
[90mstdout[2m | tests/routes/chats.test.js[2m > [22m[2mChats Routes - Unit Tests[2m > [22m[2mGET /unread-count - Get Unread Count[2m > [22m[2mshould return 0 when user has no unread messages[22m[39m
User 68fe33a6be48e2507c1a64f4 has 0 unread messages

[90mstdout[2m | tests/routes/feed.test.js[22m[39m
Test DB disconnected

 [32mΓ£ף[39m tests/routes/groups.test.js[2m > [22mGroups Routes - Unit Tests[2m > [22mPUT /:id/requests/:userId - Approve/Reject Request[2m > [22mshould return 503 when database is not available
 [32mΓ£ף[39m tests/routes/chats.test.js[2m > [22mChats Routes - Unit Tests[2m > [22mGET /unread-count - Get Unread Count[2m > [22mshould return 0 when user has no unread messages[33m 382[2mms[22m[39m
[90mstdout[2m | tests/routes/groupPosts.test.js[2m > [22m[2mGroup Posts Routes - Unit Tests[2m > [22m[2mDELETE /:groupId/posts/:postId/like - Unlike Group Post[2m > [22m[2mshould return 400 when userId is missing[22m[39m
Unliking group post...

 [32mΓ£ף[39m tests/routes/groupPosts.test.js[2m > [22mGroup Posts Routes - Unit Tests[2m > [22mDELETE /:groupId/posts/:postId/like - Unlike Group Post[2m > [22mshould return 400 when userId is missing
 [32mΓ£ף[39m tests/routes/auth.test.js[2m > [22mAuth Routes - Unit Tests[2m > [22mSecurity & Integration[2m > [22mshould set JWT expiration to 7 days[33m 448[2mms[22m[39m
 [32mΓ£ף[39m tests/routes/users.test.js[2m > [22mUsers Routes - Unit Tests[2m > [22mGET /:userId/follow-status/:viewerId - Get Follow Status[2m > [22mshould return 400 for invalid userId
 [32mΓ£ף[39m tests/routes/groupChats.test.js[2m > [22mGroup Chats Routes - Unit Tests[2m > [22mPOST /:chatId/messages - Send Message[2m > [22mshould return 400 for invalid chat ID[33m 378[2mms[22m[39m
[90mstdout[2m | tests/routes/chats.test.js[2m > [22m[2mChats Routes - Unit Tests[2m > [22m[2mGET /unread-count - Get Unread Count[2m > [22m[2mshould handle chats with undefined unread count[22m[39m
User 68fe33a7be48e2507c1a6500 has 8 unread messages

 [32mΓ£ף[39m tests/routes/groups.test.js[2m > [22mGroups Routes - Unit Tests[2m > [22mPUT /:id/requests/:userId - Approve/Reject Request[2m > [22mshould return 500 on database error
 [32mΓ£ף[39m tests/routes/chats.test.js[2m > [22mChats Routes - Unit Tests[2m > [22mGET /unread-count - Get Unread Count[2m > [22mshould handle chats with undefined unread count[33m 302[2mms[22m[39m
[90mstdout[2m | tests/routes/groupPosts.test.js[2m > [22m[2mGroup Posts Routes - Unit Tests[2m > [22m[2mDELETE /:groupId/posts/:postId/like - Unlike Group Post[2m > [22m[2mshould return 403 when user is not a member[22m[39m
Unliking group post...

 [32mΓ£ף[39m tests/routes/groupPosts.test.js[2m > [22mGroup Posts Routes - Unit Tests[2m > [22mDELETE /:groupId/posts/:postId/like - Unlike Group Post[2m > [22mshould return 403 when user is not a member
[90mstdout[2m | tests/routes/groups.test.js[2m > [22m[2mGroups Routes - Unit Tests[2m > [22m[2mDELETE /:groupId/join - Cancel Join Request[2m > [22m[2mshould cancel join request successfully[22m[39m
Canceling join request for group: 68fe33a7985631f2a0889bbd

[90mstdout[2m | tests/routes/groups.test.js[2m > [22m[2mGroups Routes - Unit Tests[2m > [22m[2mDELETE /:groupId/join - Cancel Join Request[2m > [22m[2mshould cancel join request successfully[22m[39m
Group found: Private Baking Group

 [32mΓ£ף[39m tests/routes/users.test.js[2m > [22mUsers Routes - Unit Tests[2m > [22mGET /:userId/follow-status/:viewerId - Get Follow Status[2m > [22mshould return 404 when user not found
[90mstdout[2m | tests/routes/groups.test.js[2m > [22m[2mGroups Routes - Unit Tests[2m > [22m[2mDELETE /:groupId/join - Cancel Join Request[2m > [22m[2mshould cancel join request successfully[22m[39m
Join request canceled successfully

 [32mΓ£ף[39m tests/routes/auth.test.js[2m > [22mAuth Routes - Unit Tests[2m > [22mSecurity & Integration[2m > [22mshould prevent SQL injection in email field[33m 365[2mms[22m[39m
 [32mΓ£ף[39m tests/routes/groupChats.test.js[2m > [22mGroup Chats Routes - Unit Tests[2m > [22mPOST /:chatId/messages - Send Message[2m > [22mshould return 404 when chat not found[33m 370[2mms[22m[39m
 [32mΓ£ף[39m tests/routes/groups.test.js[2m > [22mGroups Routes - Unit Tests[2m > [22mDELETE /:groupId/join - Cancel Join Request[2m > [22mshould cancel join request successfully
 [32mΓ£ף[39m tests/routes/chats.test.js[2m > [22mChats Routes - Unit Tests[2m > [22mGET /unread-count - Get Unread Count[2m > [22mshould return 503 when database is not available
[90mstdout[2m | tests/routes/groupPosts.test.js[2m > [22m[2mGroup Posts Routes - Unit Tests[2m > [22m[2mDELETE /:groupId/posts/:postId/like - Unlike Group Post[2m > [22m[2mshould return 400 for invalid IDs[22m[39m
Unliking group post...

 [32mΓ£ף[39m tests/routes/groupPosts.test.js[2m > [22mGroup Posts Routes - Unit Tests[2m > [22mDELETE /:groupId/posts/:postId/like - Unlike Group Post[2m > [22mshould return 400 for invalid IDs
 [32mΓ£ף[39m tests/routes/users.test.js[2m > [22mUsers Routes - Unit Tests[2m > [22mGET /:userId/follow-status/:viewerId - Get Follow Status[2m > [22mshould return 503 when database is not available
[90mstdout[2m | tests/routes/groups.test.js[2m > [22m[2mGroups Routes - Unit Tests[2m > [22m[2mDELETE /:groupId/join - Cancel Join Request[2m > [22m[2mshould return 400 when already a member[22m[39m
Canceling join request for group: 68fe33a7985631f2a0889bd4

[90mstdout[2m | tests/routes/groups.test.js[2m > [22m[2mGroups Routes - Unit Tests[2m > [22m[2mDELETE /:groupId/join - Cancel Join Request[2m > [22m[2mshould return 400 when already a member[22m[39m
Group found: Private Baking Group

 [32mΓ£ף[39m tests/routes/groups.test.js[2m > [22mGroups Routes - Unit Tests[2m > [22mDELETE /:groupId/join - Cancel Join Request[2m > [22mshould return 400 when already a member
 [32mΓ£ף[39m tests/routes/chats.test.js[2m > [22mChats Routes - Unit Tests[2m > [22mGET /unread-count - Get Unread Count[2m > [22mshould return 0 on database error
[90mstdout[2m | tests/routes/groupPosts.test.js[2m > [22m[2mGroup Posts Routes - Unit Tests[2m > [22m[2mDELETE /:groupId/posts/:postId/like - Unlike Group Post[2m > [22m[2mshould return 404 when post not found[22m[39m
Unliking group post...

 [32mΓ£ף[39m tests/routes/groupChats.test.js[2m > [22mGroup Chats Routes - Unit Tests[2m > [22mPOST /:chatId/messages - Send Message[2m > [22mshould return 403 when user not participant[33m 357[2mms[22m[39m
[90mstdout[2m | tests/routes/users.test.js[2m > [22m[2mUsers Routes - Unit Tests[2m > [22m[2mGET /search - Search Users[2m > [22m[2mshould search users by name[22m[39m
Searching users with query: Alice

[90mstdout[2m | tests/routes/users.test.js[2m > [22m[2mUsers Routes - Unit Tests[2m > [22m[2mGET /search - Search Users[2m > [22m[2mshould search users by name[22m[39m
Found 1 users

 [32mΓ£ף[39m tests/routes/auth.test.js[2m > [22mAuth Routes - Unit Tests[2m > [22mSecurity & Integration[2m > [22mshould handle very long email addresses[33m 431[2mms[22m[39m
 [32mΓ£ף[39m tests/routes/groupPosts.test.js[2m > [22mGroup Posts Routes - Unit Tests[2m > [22mDELETE /:groupId/posts/:postId/like - Unlike Group Post[2m > [22mshould return 404 when post not found
 [32mΓ£ף[39m tests/routes/users.test.js[2m > [22mUsers Routes - Unit Tests[2m > [22mGET /search - Search Users[2m > [22mshould search users by name
[90mstdout[2m | tests/routes/groups.test.js[2m > [22m[2mGroups Routes - Unit Tests[2m > [22m[2mDELETE /:groupId/join - Cancel Join Request[2m > [22m[2mshould return 400 when no pending request[22m[39m
Canceling join request for group: 68fe33a8985631f2a0889bea

[90mstdout[2m | tests/routes/groups.test.js[2m > [22m[2mGroups Routes - Unit Tests[2m > [22m[2mDELETE /:groupId/join - Cancel Join Request[2m > [22m[2mshould return 400 when no pending request[22m[39m
Group found: Private Baking Group

[90mstdout[2m | tests/routes/chats.test.js[2m > [22m[2mChats Routes - Unit Tests[2m > [22m[2mGET /unread-count - Get Unread Count[2m > [22m[2mshould work with temp-user-id header[22m[39m
User temp-user-id has 0 unread messages

 [32mΓ£ף[39m tests/routes/groups.test.js[2m > [22mGroups Routes - Unit Tests[2m > [22mDELETE /:groupId/join - Cancel Join Request[2m > [22mshould return 400 when no pending request
 [32mΓ£ף[39m tests/routes/chats.test.js[2m > [22mChats Routes - Unit Tests[2m > [22mGET /unread-count - Get Unread Count[2m > [22mshould work with temp-user-id header
[90mstdout[2m | tests/routes/groupPosts.test.js[2m > [22m[2mGroup Posts Routes - Unit Tests[2m > [22m[2mDELETE /:groupId/posts/:postId/like - Unlike Group Post[2m > [22m[2mshould return 503 when database is not available[22m[39m
Unliking group post...

[90mstdout[2m | tests/routes/users.test.js[2m > [22m[2mUsers Routes - Unit Tests[2m > [22m[2mGET /search - Search Users[2m > [22m[2mshould search users by email[22m[39m
Searching users with query: bob@test.com

[90mstdout[2m | tests/routes/users.test.js[2m > [22m[2mUsers Routes - Unit Tests[2m > [22m[2mGET /search - Search Users[2m > [22m[2mshould search users by email[22m[39m
Found 1 users

 [32mΓ£ף[39m tests/routes/groupPosts.test.js[2m > [22mGroup Posts Routes - Unit Tests[2m > [22mDELETE /:groupId/posts/:postId/like - Unlike Group Post[2m > [22mshould return 503 when database is not available
 [32mΓ£ף[39m tests/routes/groupChats.test.js[2m > [22mGroup Chats Routes - Unit Tests[2m > [22mPOST /:chatId/messages - Send Message[2m > [22mshould return 503 when database is not available[33m 361[2mms[22m[39m
 [32mΓ£ף[39m tests/routes/users.test.js[2m > [22mUsers Routes - Unit Tests[2m > [22mGET /search - Search Users[2m > [22mshould search users by email
[90mstdout[2m | tests/routes/groups.test.js[2m > [22m[2mGroups Routes - Unit Tests[2m > [22m[2mDELETE /:groupId/join - Cancel Join Request[2m > [22m[2mshould return 400 when userId is missing[22m[39m
Canceling join request for group: 68fe33a8985631f2a0889bfe

[90mstdout[2m | tests/routes/chats.test.js[2m > [22m[2mChats Routes - Unit Tests[2m > [22m[2mIntegration Scenarios[2m > [22m[2mshould handle complete chat flow: create, send, read[22m[39m
=== Create/Get Private Chat ===
Looking for chat between 68fe33a8be48e2507c1a6570 and 68fe33a8be48e2507c1a6574

[90mstdout[2m | tests/routes/chats.test.js[2m > [22m[2mChats Routes - Unit Tests[2m > [22m[2mIntegration Scenarios[2m > [22m[2mshould handle complete chat flow: create, send, read[22m[39m
New private chat created: new ObjectId([32m'68fe33a8be48e2507c1a657d'[39m)

[90mstdout[2m | tests/routes/chats.test.js[2m > [22m[2mChats Routes - Unit Tests[2m > [22m[2mIntegration Scenarios[2m > [22m[2mshould handle complete chat flow: create, send, read[22m[39m
Sending message to chat 68fe33a8be48e2507c1a657d from Alice Johnson

[90mstdout[2m | tests/routes/chats.test.js[2m > [22m[2mChats Routes - Unit Tests[2m > [22m[2mIntegration Scenarios[2m > [22m[2mshould handle complete chat flow: create, send, read[22m[39m
Message sent successfully: new ObjectId([32m'68fe33a8be48e2507c1a6585'[39m)

[90mstdout[2m | tests/routes/chats.test.js[2m > [22m[2mChats Routes - Unit Tests[2m > [22m[2mIntegration Scenarios[2m > [22m[2mshould handle complete chat flow: create, send, read[22m[39m
Marking messages as read for user 68fe33a8be48e2507c1a6574 in chat 68fe33a8be48e2507c1a657d

 [32mΓ£ף[39m tests/routes/groups.test.js[2m > [22mGroups Routes - Unit Tests[2m > [22mDELETE /:groupId/join - Cancel Join Request[2m > [22mshould return 400 when userId is missing
 [32mΓ£ף[39m tests/routes/chats.test.js[2m > [22mChats Routes - Unit Tests[2m > [22mIntegration Scenarios[2m > [22mshould handle complete chat flow: create, send, read
[90mstdout[2m | tests/routes/groupPosts.test.js[2m > [22m[2mGroup Posts Routes - Unit Tests[2m > [22m[2mDELETE /:groupId/posts/:postId/like - Unlike Group Post[2m > [22m[2mshould return 500 on database error[22m[39m
Unliking group post...

[90mstderr[2m | tests/routes/groupPosts.test.js[2m > 
[22m[2mGroup Posts Routes - Unit Tests[2m > [22m[2mDELETE 
/:groupId/posts/:postId/like - Unlike Group Post[2m > 
[22m[2mshould return 500 on database error[22m[39m
Error unliking group post: Error: DB Error
    at [90mC:\Users\lirhe\Documents\FlavorWorldWebsite\server\[39mte
sts\routes\groupPosts.test.js:843:53
    at [90mfile:///C:/Users/lirhe/Documents/FlavorWorldWebsite/server
/[39mnode_modules/[4m@vitest[24m/runner/dist/index.js:135:14
    at [90mfile:///C:/Users/lirhe/Documents/FlavorWorldWebsite/server
/[39mnode_modules/[4m@vitest[24m/runner/dist/index.js:60:26
    at runTest [90m(file:///C:/Users/lirhe/Documents/FlavorWorldWebsi
te/server/[39mnode_modules/[4m@vitest[24m/runner/dist/index.js:781:
17[90m)[39m
[90m    at processTicksAndRejections 
(node:internal/process/task_queues:105:5)[39m
    at runSuite [90m(file:///C:/Users/lirhe/Documents/FlavorWorldWebs
ite/server/[39mnode_modules/[4m@vitest[24m/runner/dist/index.js:909
:15[90m)[39m
    at runSuite [90m(file:///C:/Users/lirhe/Documents/FlavorWorldWebs
ite/server/[39mnode_modules/[4m@vitest[24m/runner/dist/index.js:909
:15[90m)[39m
    at runSuite [90m(file:///C:/Users/lirhe/Documents/FlavorWorldWebs
ite/server/[39mnode_modules/[4m@vitest[24m/runner/dist/index.js:909
:15[90m)[39m
    at runFiles [90m(file:///C:/Users/lirhe/Documents/FlavorWorldWebs
ite/server/[39mnode_modules/[4m@vitest[24m/runner/dist/index.js:958
:5[90m)[39m
    at startTests [90m(file:///C:/Users/lirhe/Documents/FlavorWorldWe
bsite/server/[39mnode_modules/[4m@vitest[24m/runner/dist/index.js:9
67:3[90m)[39m

[90mstdout[2m | tests/routes/users.test.js[2m > [22m[2mUsers Routes - Unit Tests[2m > [22m[2mGET /search - Search Users[2m > [22m[2mshould be case insensitive[22m[39m
Searching users with query: ALICE

[90mstdout[2m | tests/routes/users.test.js[2m > [22m[2mUsers Routes - Unit Tests[2m > [22m[2mGET /search - Search Users[2m > [22m[2mshould be case insensitive[22m[39m
Found 1 users

 [32mΓ£ף[39m tests/routes/auth.test.js[2m > [22mAuth Routes - Unit Tests[2m > [22mSecurity & Integration[2m > [22mshould handle special characters in password[33m 509[2mms[22m[39m
 [32mΓ£ף[39m tests/routes/groupPosts.test.js[2m > [22mGroup Posts Routes - Unit Tests[2m > [22mDELETE /:groupId/posts/:postId/like - Unlike Group Post[2m > [22mshould return 500 on database error
 [32mΓ£ף[39m tests/routes/users.test.js[2m > [22mUsers Routes - Unit Tests[2m > [22mGET /search - Search Users[2m > [22mshould be case insensitive
[90mstdout[2m | tests/routes/groups.test.js[2m > [22m[2mGroups Routes - Unit Tests[2m > [22m[2mDELETE /:groupId/join - Cancel Join Request[2m > [22m[2mshould return 400 for invalid group ID[22m[39m
Canceling join request for group: invalid-id

[90mstdout[2m | tests/routes/chats.test.js[2m > [22m[2mChats Routes - Unit Tests[2m > [22m[2mIntegration Scenarios[2m > [22m[2mshould handle multiple messages between users[22m[39m
Sending message to chat 68fe33a8be48e2507c1a65a4 from Alice Johnson

[90mstdout[2m | tests/routes/chats.test.js[2m > [22m[2mChats Routes - Unit Tests[2m > [22m[2mIntegration Scenarios[2m > [22m[2mshould handle multiple messages between users[22m[39m
Message sent successfully: new ObjectId([32m'68fe33a8be48e2507c1a65ac'[39m)

[90mstdout[2m | tests/routes/chats.test.js[2m > [22m[2mChats Routes - Unit Tests[2m > [22m[2mIntegration Scenarios[2m > [22m[2mshould handle multiple messages between users[22m[39m
Sending message to chat 68fe33a8be48e2507c1a65a4 from Bob Smith

[90mstdout[2m | tests/routes/chats.test.js[2m > [22m[2mChats Routes - Unit Tests[2m > [22m[2mIntegration Scenarios[2m > [22m[2mshould handle multiple messages between users[22m[39m
Message sent successfully: new ObjectId([32m'68fe33a8be48e2507c1a65b4'[39m)

[90mstdout[2m | tests/routes/chats.test.js[2m > [22m[2mChats Routes - Unit Tests[2m > [22m[2mIntegration Scenarios[2m > [22m[2mshould handle multiple messages between users[22m[39m
Sending message to chat 68fe33a8be48e2507c1a65a4 from Alice Johnson

[90mstdout[2m | tests/routes/chats.test.js[2m > [22m[2mChats Routes - Unit Tests[2m > [22m[2mIntegration Scenarios[2m > [22m[2mshould handle multiple messages between users[22m[39m
Message sent successfully: new ObjectId([32m'68fe33a8be48e2507c1a65bc'[39m)

 [32mΓ£ף[39m tests/routes/groupChats.test.js[2m > [22mGroup Chats Routes - Unit Tests[2m > [22mPOST /:chatId/messages - Send Message[2m > [22mshould return 500 on database error[33m 362[2mms[22m[39m
[90mstdout[2m | tests/routes/chats.test.js[2m > [22m[2mChats Routes - Unit Tests[2m > [22m[2mIntegration Scenarios[2m > [22m[2mshould handle multiple messages between users[22m[39m
Sending message to chat 68fe33a8be48e2507c1a65a4 from Bob Smith

[90mstdout[2m | tests/routes/chats.test.js[2m > [22m[2mChats Routes - Unit Tests[2m > [22m[2mIntegration Scenarios[2m > [22m[2mshould handle multiple messages between users[22m[39m
Message sent successfully: new ObjectId([32m'68fe33a8be48e2507c1a65c4'[39m)

[90mstdout[2m | tests/routes/chats.test.js[2m > [22m[2mChats Routes - Unit Tests[2m > [22m[2mIntegration Scenarios[2m > [22m[2mshould handle multiple messages between users[22m[39m
Sending message to chat 68fe33a8be48e2507c1a65a4 from Alice Johnson

[90mstdout[2m | tests/routes/chats.test.js[2m > [22m[2mChats Routes - Unit Tests[2m > [22m[2mIntegration Scenarios[2m > [22m[2mshould handle multiple messages between users[22m[39m
Message sent successfully: new ObjectId([32m'68fe33a8be48e2507c1a65cc'[39m)

[90mstdout[2m | tests/routes/chats.test.js[2m > [22m[2mChats Routes - Unit Tests[2m > [22m[2mIntegration Scenarios[2m > [22m[2mshould handle multiple messages between users[22m[39m
Fetching messages for chat 68fe33a8be48e2507c1a65a4, page 1

[90mstdout[2m | tests/routes/chats.test.js[2m > [22m[2mChats Routes - Unit Tests[2m > [22m[2mIntegration Scenarios[2m > [22m[2mshould handle multiple messages between users[22m[39m
Found 5 messages

 [32mΓ£ף[39m tests/routes/groups.test.js[2m > [22mGroups Routes - Unit Tests[2m > [22mDELETE /:groupId/join - Cancel Join Request[2m > [22mshould return 400 for invalid group ID
[90mstdout[2m | tests/routes/groupPosts.test.js[2m > [22m[2mGroup Posts Routes - Unit Tests[2m > [22m[2mPOST /:groupId/posts/:postId/comments - Add Comment[2m > [22m[2mshould add comment successfully[22m[39m
Adding comment to group post...

[90mstdout[2m | tests/routes/users.test.js[2m > [22m[2mUsers Routes - Unit Tests[2m > [22m[2mGET /search - Search Users[2m > [22m[2mshould exclude current user from results[22m[39m
Searching users with query: Alice

[90mstdout[2m | tests/routes/users.test.js[2m > [22m[2mUsers Routes - Unit Tests[2m > [22m[2mGET /search - Search Users[2m > [22m[2mshould exclude current user from results[22m[39m
Found 0 users

[90mstdout[2m | tests/routes/groupPosts.test.js[2m > [22m[2mGroup Posts Routes - Unit Tests[2m > [22m[2mPOST /:groupId/posts/:postId/comments - Add Comment[2m > [22m[2mshould add comment successfully[22m[39m
Notification created: comment for user: 68fe33a80683ef8d8674617b
Group post comment notification created
Comment added to group post successfully

 [32mΓ£ף[39m tests/routes/chats.test.js[2m > [22mChats Routes - Unit Tests[2m > [22mIntegration Scenarios[2m > [22mshould handle multiple messages between users[33m 325[2mms[22m[39m
 [32mΓ£ף[39m tests/routes/users.test.js[2m > [22mUsers Routes - Unit Tests[2m > [22mGET /search - Search Users[2m > [22mshould exclude current user from results
 [32mΓ£ף[39m tests/routes/groupPosts.test.js[2m > [22mGroup Posts Routes - Unit Tests[2m > [22mPOST /:groupId/posts/:postId/comments - Add Comment[2m > [22mshould add comment successfully
[90mstdout[2m | tests/routes/groups.test.js[2m > [22m[2mGroups Routes - Unit Tests[2m > [22m[2mDELETE /:groupId/join - Cancel Join Request[2m > [22m[2mshould return 503 when database is not available[22m[39m
Canceling join request for group: 68fe33a9985631f2a0889c20

 [32mΓ£ף[39m tests/routes/auth.test.js[2m > [22mAuth Routes - Unit Tests[2m > [22mSecurity & Integration[2m > [22mshould handle unicode characters in full name[33m 424[2mms[22m[39m
[90mstdout[2m | tests/routes/chats.test.js[2m > [22m[2mChats Routes - Unit Tests[2m > [22m[2mIntegration Scenarios[2m > [22m[2mshould maintain separate unread counts per user[22m[39m
Sending message to chat 68fe33a9be48e2507c1a65e0 from Alice Johnson

 [32mΓ£ף[39m tests/routes/groups.test.js[2m > [22mGroups Routes - Unit Tests[2m > [22mDELETE /:groupId/join - Cancel Join Request[2m > [22mshould return 503 when database is not available
[90mstdout[2m | tests/routes/groupChats.test.js[2m > [22m[2mGroup Chats Routes - Unit Tests[2m > [22m[2mPOST /:chatId/participants - Add Participants[2m > [22m[2mshould add participants successfully[22m[39m
Added 1 participants to group chat

[90mstdout[2m | tests/routes/chats.test.js[2m > [22m[2mChats Routes - Unit Tests[2m > [22m[2mIntegration Scenarios[2m > [22m[2mshould maintain separate unread counts per user[22m[39m
Message sent successfully: new ObjectId([32m'68fe33a9be48e2507c1a65e8'[39m)

[90mstdout[2m | tests/routes/chats.test.js[2m > [22m[2mChats Routes - Unit Tests[2m > [22m[2mIntegration Scenarios[2m > [22m[2mshould maintain separate unread counts per user[22m[39m
Sending message to chat 68fe33a9be48e2507c1a65e0 from Alice Johnson

[90mstdout[2m | tests/routes/chats.test.js[2m > [22m[2mChats Routes - Unit Tests[2m > [22m[2mIntegration Scenarios[2m > [22m[2mshould maintain separate unread counts per user[22m[39m
Message sent successfully: new ObjectId([32m'68fe33a9be48e2507c1a65f0'[39m)

[90mstdout[2m | tests/routes/chats.test.js[2m > [22m[2mChats Routes - Unit Tests[2m > [22m[2mIntegration Scenarios[2m > [22m[2mshould maintain separate unread counts per user[22m[39m
Sending message to chat 68fe33a9be48e2507c1a65e0 from Alice Johnson

[90mstdout[2m | tests/routes/chats.test.js[2m > [22m[2mChats Routes - Unit Tests[2m > [22m[2mIntegration Scenarios[2m > [22m[2mshould maintain separate unread counts per user[22m[39m
Message sent successfully: new ObjectId([32m'68fe33a9be48e2507c1a65f8'[39m)

[90mstdout[2m | tests/routes/groupPosts.test.js[2m > [22m[2mGroup Posts Routes - Unit Tests[2m > [22m[2mPOST /:groupId/posts/:postId/comments - Add Comment[2m > [22m[2mshould enrich comment with user data[22m[39m
Adding comment to group post...

 [32mΓ£ף[39m tests/routes/groupChats.test.js[2m > [22mGroup Chats Routes - Unit Tests[2m > [22mPOST /:chatId/participants - Add Participants[2m > [22mshould add participants successfully[33m 410[2mms[22m[39m
[90mstdout[2m | tests/routes/groupPosts.test.js[2m > [22m[2mGroup Posts Routes - Unit Tests[2m > [22m[2mPOST /:groupId/posts/:postId/comments - Add Comment[2m > [22m[2mshould enrich comment with user data[22m[39m
Notification created: comment for user: 68fe33a80683ef8d8674619c
Group post comment notification created
Comment added to group post successfully

 [32mΓ£ף[39m tests/routes/chats.test.js[2m > [22mChats Routes - Unit Tests[2m > [22mIntegration Scenarios[2m > [22mshould maintain separate unread counts per user[33m 310[2mms[22m[39m
 [32mΓ£ף[39m tests/routes/users.test.js[2m > [22mUsers Routes - Unit Tests[2m > [22mGET /search - Search Users[2m > [22mshould return 400 when query is empty
 [32mΓ£ף[39m tests/routes/groupPosts.test.js[2m > [22mGroup Posts Routes - Unit Tests[2m > [22mPOST /:groupId/posts/:postId/comments - Add Comment[2m > [22mshould enrich comment with user data
[90mstdout[2m | tests/routes/groups.test.js[2m > [22m[2mGroups Routes - Unit Tests[2m > [22m[2mDELETE /:groupId/join - Cancel Join Request[2m > [22m[2mshould return 500 on database error[22m[39m
Canceling join request for group: 68fe33a9985631f2a0889c31

 [32mΓ£ף[39m tests/routes/groups.test.js[2m > [22mGroups Routes - Unit Tests[2m > [22mDELETE /:groupId/join - Cancel Join Request[2m > [22mshould return 500 on database error
[90mstdout[2m | tests/routes/chats.test.js[2m > [22m[2mChats Routes - Unit Tests[2m > [22m[2mIntegration Scenarios[2m > [22m[2mshould update lastMessage with each new message[22m[39m
Sending message to chat 68fe33a9be48e2507c1a660e from Alice Johnson

[90mstdout[2m | tests/routes/chats.test.js[2m > [22m[2mChats Routes - Unit Tests[2m > [22m[2mIntegration Scenarios[2m > [22m[2mshould update lastMessage with each new message[22m[39m
Message sent successfully: new ObjectId([32m'68fe33a9be48e2507c1a6616'[39m)

[90mstdout[2m | tests/routes/chats.test.js[2m > [22m[2mChats Routes - Unit Tests[2m > [22m[2mIntegration Scenarios[2m > [22m[2mshould update lastMessage with each new message[22m[39m
Sending message to chat 68fe33a9be48e2507c1a660e from Alice Johnson

[90mstdout[2m | tests/routes/chats.test.js[2m > [22m[2mChats Routes - Unit Tests[2m > [22m[2mIntegration Scenarios[2m > [22m[2mshould update lastMessage with each new message[22m[39m
Message sent successfully: new ObjectId([32m'68fe33a9be48e2507c1a6621'[39m)

[90mstdout[2m | tests/routes/chats.test.js[2m > [22m[2mChats Routes - Unit Tests[2m > [22m[2mIntegration Scenarios[2m > [22m[2mshould update lastMessage with each new message[22m[39m
Sending message to chat 68fe33a9be48e2507c1a660e from Alice Johnson

[90mstdout[2m | tests/routes/chats.test.js[2m > [22m[2mChats Routes - Unit Tests[2m > [22m[2mIntegration Scenarios[2m > [22m[2mshould update lastMessage with each new message[22m[39m
Message sent successfully: new ObjectId([32m'68fe33a9be48e2507c1a662c'[39m)

 [32mΓ£ף[39m tests/routes/auth.test.js[2m > [22mAuth Routes - Unit Tests[2m > [22mSecurity & Integration[2m > [22mshould not expose password in any response[33m 492[2mms[22m[39m
[90mstdout[2m | tests/routes/groupPosts.test.js[2m > [22m[2mGroup Posts Routes - Unit Tests[2m > [22m[2mPOST /:groupId/posts/:postId/comments - Add Comment[2m > [22m[2mshould trim comment text[22m[39m
Adding comment to group post...

[90mstdout[2m | tests/routes/groupChats.test.js[2m > [22m[2mGroup Chats Routes - Unit Tests[2m > [22m[2mPOST /:chatId/participants - Add Participants[2m > [22m[2mshould create system message[22m[39m
Added 1 participants to group chat

[90mstdout[2m | tests/routes/groupPosts.test.js[2m > [22m[2mGroup Posts Routes - Unit Tests[2m > [22m[2mPOST /:groupId/posts/:postId/comments - Add Comment[2m > [22m[2mshould trim comment text[22m[39m
Notification created: comment for user: 68fe33a90683ef8d867461bb
Group post comment notification created
Comment added to group post successfully

 [32mΓ£ף[39m tests/routes/users.test.js[2m > [22mUsers Routes - Unit Tests[2m > [22mGET /search - Search Users[2m > [22mshould return 400 when query is missing
 [32mΓ£ף[39m tests/routes/chats.test.js[2m > [22mChats Routes - Unit Tests[2m > [22mIntegration Scenarios[2m > [22mshould update lastMessage with each new message[33m 302[2mms[22m[39m
[90mstdout[2m | tests/routes/auth.test.js[22m[39m
Test DB disconnected

 [32mΓ£ף[39m tests/routes/groupChats.test.js[2m > [22mGroup Chats Routes - Unit Tests[2m > [22mPOST /:chatId/participants - Add Participants[2m > [22mshould create system message[33m 381[2mms[22m[39m
[90mstdout[2m | tests/routes/groups.test.js[2m > [22m[2mGroups Routes - Unit Tests[2m > [22m[2mDELETE /:id/members/:userId - Leave Group (Legacy)[2m > [22m[2mshould leave group successfully[22m[39m
group.creatorId: 68fe33a9985631f2a0889c39
userId: 68fe33a9985631f2a0889c3d
group.members before: [
  {
    userId: [32m'68fe33a9985631f2a0889c39'[39m,
    role: [32m'admin'[39m,
    joinedAt: [35m2025-10-26T14:43:53.570Z[39m,
    _id: new ObjectId([32m'68fe33a9985631f2a0889c40'[39m)
  },
  {
    userId: [32m'68fe33a9985631f2a0889c3d'[39m,
    role: [32m'member'[39m,
    joinedAt: [35m2025-10-26T14:43:53.576Z[39m,
    _id: new ObjectId([32m'68fe33a9985631f2a0889c45'[39m)
  }
]

 [32mΓ£ף[39m tests/routes/groupPosts.test.js[2m > [22mGroup Posts Routes - Unit Tests[2m > [22mPOST /:groupId/posts/:postId/comments - Add Comment[2m > [22mshould trim comment text
 [32mΓ£ף[39m tests/routes/groups.test.js[2m > [22mGroups Routes - Unit Tests[2m > [22mDELETE /:id/members/:userId - Leave Group (Legacy)[2m > [22mshould leave group successfully
[90mstdout[2m | tests/routes/chats.test.js[2m > [22m[2mChats Routes - Unit Tests[2m > [22m[2mIntegration Scenarios[2m > [22m[2mshould handle concurrent message sending[22m[39m
Sending message to chat 68fe33a9be48e2507c1a6642 from Alice Johnson
Sending message to chat 68fe33a9be48e2507c1a6642 from Alice Johnson

[90mstdout[2m | tests/routes/chats.test.js[2m > [22m[2mChats Routes - Unit Tests[2m > [22m[2mIntegration Scenarios[2m > [22m[2mshould handle concurrent message sending[22m[39m
Sending message to chat 68fe33a9be48e2507c1a6642 from Alice Johnson

[90mstdout[2m | tests/routes/chats.test.js[2m > [22m[2mChats Routes - Unit Tests[2m > [22m[2mIntegration Scenarios[2m > [22m[2mshould handle concurrent message sending[22m[39m
Message sent successfully: new ObjectId([32m'68fe33a9be48e2507c1a6652'[39m)
Message sent successfully: new ObjectId([32m'68fe33a9be48e2507c1a6655'[39m)
Message sent successfully: new ObjectId([32m'68fe33a9be48e2507c1a6658'[39m)

[90mstdout[2m | tests/routes/groupPosts.test.js[2m > [22m[2mGroup Posts Routes - Unit Tests[2m > [22m[2mPOST /:groupId/posts/:postId/comments - Add Comment[2m > [22m[2mshould return 400 when text is missing[22m[39m
Adding comment to group post...

 [32mΓ£ף[39m tests/routes/chats.test.js[2m > [22mChats Routes - Unit Tests[2m > [22mIntegration Scenarios[2m > [22mshould handle concurrent message sending[33m 309[2mms[22m[39m
[90mstdout[2m | tests/routes/groups.test.js[2m > [22m[2mGroups Routes - Unit Tests[2m > [22m[2mDELETE /:id/members/:userId - Leave Group (Legacy)[2m > [22m[2mshould return 400 when creator tries to leave[22m[39m
group.creatorId: 68fe33a9985631f2a0889c50
userId: 68fe33a9985631f2a0889c50
group.members before: [
  {
    userId: [32m'68fe33a9985631f2a0889c50'[39m,
    role: [32m'admin'[39m,
    joinedAt: [35m2025-10-26T14:43:53.850Z[39m,
    _id: new ObjectId([32m'68fe33a9985631f2a0889c57'[39m)
  },
  {
    userId: [32m'68fe33a9985631f2a0889c54'[39m,
    role: [32m'member'[39m,
    joinedAt: [35m2025-10-26T14:43:53.853Z[39m,
    _id: new ObjectId([32m'68fe33a9985631f2a0889c5c'[39m)
  }
]

 [32mΓ£ף[39m tests/routes/groupPosts.test.js[2m > [22mGroup Posts Routes - Unit Tests[2m > [22mPOST /:groupId/posts/:postId/comments - Add Comment[2m > [22mshould return 400 when text is missing
 [32mΓ£ף[39m tests/routes/groups.test.js[2m > [22mGroups Routes - Unit Tests[2m > [22mDELETE /:id/members/:userId - Leave Group (Legacy)[2m > [22mshould return 400 when creator tries to leave
[90mstdout[2m | tests/routes/groupPosts.test.js[2m > [22m[2mGroup Posts Routes - Unit Tests[2m > [22m[2mPOST /:groupId/posts/:postId/comments - Add Comment[2m > [22m[2mshould return 400 when text is empty[22m[39m
Adding comment to group post...

[90mstdout[2m | tests/routes/chats.test.js[2m > [22m[2mChats Routes - Unit Tests[2m > [22m[2mIntegration Scenarios[2m > [22m[2mshould handle pagination across multiple pages[22m[39m
Fetching messages for chat 68fe33aabe48e2507c1a6671, page 1

[90mstdout[2m | tests/routes/chats.test.js[2m > [22m[2mChats Routes - Unit Tests[2m > [22m[2mIntegration Scenarios[2m > [22m[2mshould handle pagination across multiple pages[22m[39m
Found 10 messages

[90mstdout[2m | tests/routes/groupChats.test.js[2m > [22m[2mGroup Chats Routes - Unit Tests[2m > [22m[2mPOST /:chatId/participants - Add Participants[2m > [22m[2mshould add multiple participants[22m[39m
Added 2 participants to group chat

[90mstdout[2m | tests/routes/chats.test.js[2m > [22m[2mChats Routes - Unit Tests[2m > [22m[2mIntegration Scenarios[2m > [22m[2mshould handle pagination across multiple pages[22m[39m
Fetching messages for chat 68fe33aabe48e2507c1a6671, page 2

[90mstdout[2m | tests/routes/chats.test.js[2m > [22m[2mChats Routes - Unit Tests[2m > [22m[2mIntegration Scenarios[2m > [22m[2mshould handle pagination across multiple pages[22m[39m
Found 10 messages

[90mstdout[2m | tests/routes/chats.test.js[2m > [22m[2mChats Routes - Unit Tests[2m > [22m[2mIntegration Scenarios[2m > [22m[2mshould handle pagination across multiple pages[22m[39m
Fetching messages for chat 68fe33aabe48e2507c1a6671, page 3
Found 5 messages

 [32mΓ£ף[39m tests/routes/groupChats.test.js[2m > [22mGroup Chats Routes - Unit Tests[2m > [22mPOST /:chatId/participants - Add Participants[2m > [22mshould add multiple participants[33m 562[2mms[22m[39m
 [32mΓ£ף[39m tests/routes/groupPosts.test.js[2m > [22mGroup Posts Routes - Unit Tests[2m > [22mPOST /:groupId/posts/:postId/comments - Add Comment[2m > [22mshould return 400 when text is empty
 [32mΓ£ף[39m tests/routes/chats.test.js[2m > [22mChats Routes - Unit Tests[2m > [22mIntegration Scenarios[2m > [22mshould handle pagination across multiple pages[33m 317[2mms[22m[39m
 [32mΓ£ף[39m tests/routes/groups.test.js[2m > [22mGroups Routes - Unit Tests[2m > [22mDELETE /:id/members/:userId - Leave Group (Legacy)[2m > [22mshould return 404 when group not found
[90mstdout[2m | tests/routes/groupPosts.test.js[2m > [22m[2mGroup Posts Routes - Unit Tests[2m > [22m[2mPOST /:groupId/posts/:postId/comments - Add Comment[2m > [22m[2mshould return 400 when userId is missing[22m[39m
Adding comment to group post...

[90mstdout[2m | tests/routes/chats.test.js[2m > [22m[2mChats Routes - Unit Tests[2m > [22m[2mEdge Cases[2m > [22m[2mshould handle very long message content[22m[39m
Sending message to chat 68fe33aabe48e2507c1a66b9 from Alice Johnson

[90mstdout[2m | tests/routes/chats.test.js[2m > [22m[2mChats Routes - Unit Tests[2m > [22m[2mEdge Cases[2m > [22m[2mshould handle very long message content[22m[39m
Message sent successfully: new ObjectId([32m'68fe33aabe48e2507c1a66c1'[39m)

 [32mΓ£ף[39m tests/routes/groupPosts.test.js[2m > [22mGroup Posts Routes - Unit Tests[2m > [22mPOST /:groupId/posts/:postId/comments - Add Comment[2m > [22mshould return 400 when userId is missing
 [32mΓ£ף[39m tests/routes/chats.test.js[2m > [22mChats Routes - Unit Tests[2m > [22mEdge Cases[2m > [22mshould handle very long message content
 [32mΓ£ף[39m tests/routes/groups.test.js[2m > [22mGroups Routes - Unit Tests[2m > [22mDELETE /:id/members/:userId - Leave Group (Legacy)[2m > [22mshould return 503 when database is not available
 [32mΓ£ף[39m tests/routes/groupChats.test.js[2m > [22mGroup Chats Routes - Unit Tests[2m > [22mPOST /:chatId/participants - Add Participants[2m > [22mshould return 403 when not admin[33m 350[2mms[22m[39m
[90mstdout[2m | tests/routes/groupPosts.test.js[2m > [22m[2mGroup Posts Routes - Unit Tests[2m > [22m[2mPOST /:groupId/posts/:postId/comments - Add Comment[2m > [22m[2mshould return 403 when user is not a member[22m[39m
Adding comment to group post...

[90mstdout[2m | tests/routes/chats.test.js[2m > [22m[2mChats Routes - Unit Tests[2m > [22m[2mEdge Cases[2m > [22m[2mshould handle special characters in message content[22m[39m
Sending message to chat 68fe33aabe48e2507c1a66d4 from Alice Johnson

[90mstdout[2m | tests/routes/chats.test.js[2m > [22m[2mChats Routes - Unit Tests[2m > [22m[2mEdge Cases[2m > [22m[2mshould handle special characters in message content[22m[39m
Message sent successfully: new ObjectId([32m'68fe33aabe48e2507c1a66dc'[39m)

 [32mΓ£ף[39m tests/routes/groupPosts.test.js[2m > [22mGroup Posts Routes - Unit Tests[2m > [22mPOST /:groupId/posts/:postId/comments - Add Comment[2m > [22mshould return 403 when user is not a member
 [32mΓ£ף[39m tests/routes/chats.test.js[2m > [22mChats Routes - Unit Tests[2m > [22mEdge Cases[2m > [22mshould handle special characters in message content
 [32mΓ£ף[39m tests/routes/groups.test.js[2m > [22mGroups Routes - Unit Tests[2m > [22mDELETE /:id/members/:userId - Leave Group (Legacy)[2m > [22mshould return 500 on database error
 [32mΓ£ף[39m tests/routes/groupChats.test.js[2m > [22mGroup Chats Routes - Unit Tests[2m > [22mPOST /:chatId/participants - Add Participants[2m > [22mshould return 400 when user already participant[33m 350[2mms[22m[39m
[90mstdout[2m | tests/routes/groupPosts.test.js[2m > [22m[2mGroup Posts Routes - Unit Tests[2m > [22m[2mPOST /:groupId/posts/:postId/comments - Add Comment[2m > [22m[2mshould return 400 for invalid IDs[22m[39m
Adding comment to group post...

 [32mΓ£ף[39m tests/routes/groupPosts.test.js[2m > [22mGroup Posts Routes - Unit Tests[2m > [22mPOST /:groupId/posts/:postId/comments - Add Comment[2m > [22mshould return 400 for invalid IDs
[90mstdout[2m | tests/routes/groups.test.js[2m > [22m[2mGroups Routes - Unit Tests[2m > [22m[2mDELETE /:groupId/leave/:userId - Leave Group[2m > [22m[2mshould leave group successfully[22m[39m
User leaving group

[90mstdout[2m | tests/routes/groups.test.js[2m > [22m[2mGroups Routes - Unit Tests[2m > [22m[2mDELETE /:groupId/leave/:userId - Leave Group[2m > [22m[2mshould leave group successfully[22m[39m
User left group successfully

 [32mΓ£ף[39m tests/routes/chats.test.js[2m > [22mChats Routes - Unit Tests[2m > [22mEdge Cases[2m > [22mshould handle null/undefined values gracefully
 [32mΓ£ף[39m tests/routes/groups.test.js[2m > [22mGroups Routes - Unit Tests[2m > [22mDELETE /:groupId/leave/:userId - Leave Group[2m > [22mshould leave group successfully
[90mstdout[2m | tests/routes/groupPosts.test.js[2m > [22m[2mGroup Posts Routes - Unit Tests[2m > [22m[2mPOST /:groupId/posts/:postId/comments - Add Comment[2m > [22m[2mshould return 404 when post not found[22m[39m
Adding comment to group post...

[90mstdout[2m | tests/routes/chats.test.js[2m > [22m[2mChats Routes - Unit Tests[2m > [22m[2mEdge Cases[2m > [22m[2mshould fail when x-user-id header is missing[22m[39m
=== Create/Get Private Chat ===
Looking for chat between temp-user-id and 68fe33aabe48e2507c1a66fe

 [32mΓ£ף[39m tests/routes/groupChats.test.js[2m > [22mGroup Chats Routes - Unit Tests[2m > [22mPOST /:chatId/participants - Add Participants[2m > [22mshould return 400 when userIds is missing[33m 334[2mms[22m[39m
 [32mΓ£ף[39m tests/routes/groupPosts.test.js[2m > [22mGroup Posts Routes - Unit Tests[2m > [22mPOST /:groupId/posts/:postId/comments - Add Comment[2m > [22mshould return 404 when post not found
[90mstdout[2m | tests/routes/groups.test.js[2m > [22m[2mGroups Routes - Unit Tests[2m > [22m[2mDELETE /:groupId/leave/:userId - Leave Group[2m > [22m[2mshould update members count[22m[39m
User leaving group

[90mstdout[2m | tests/routes/groups.test.js[2m > [22m[2mGroups Routes - Unit Tests[2m > [22m[2mDELETE /:groupId/leave/:userId - Leave Group[2m > [22m[2mshould update members count[22m[39m
User left group successfully

 [32mΓ£ף[39m tests/routes/chats.test.js[2m > [22mChats Routes - Unit Tests[2m > [22mEdge Cases[2m > [22mshould fail when x-user-id header is missing
 [32mΓ£ף[39m tests/routes/groups.test.js[2m > [22mGroups Routes - Unit Tests[2m > [22mDELETE /:groupId/leave/:userId - Leave Group[2m > [22mshould update members count
[90mstdout[2m | tests/routes/groupPosts.test.js[2m > [22m[2mGroup Posts Routes - Unit Tests[2m > [22m[2mPOST /:groupId/posts/:postId/comments - Add Comment[2m > [22m[2mshould return 503 when database is not available[22m[39m
Adding comment to group post...

[90mstdout[2m | tests/routes/chats.test.js[2m > [22m[2mChats Routes - Unit Tests[2m > [22m[2mEdge Cases[2m > [22m[2mshould handle chat with deleted user[22m[39m
Fetching chats for user: 68fe33abbe48e2507c1a6710

[90mstdout[2m | tests/routes/chats.test.js[2m > [22m[2mChats Routes - Unit Tests[2m > [22m[2mEdge Cases[2m > [22m[2mshould handle chat with deleted user[22m[39m
Found 1 chats for user

 [32mΓ£ף[39m tests/routes/groupPosts.test.js[2m > [22mGroup Posts Routes - Unit Tests[2m > [22mPOST /:groupId/posts/:postId/comments - Add Comment[2m > [22mshould return 503 when database is not available
[90mstdout[2m | tests/routes/groups.test.js[2m > [22m[2mGroups Routes - Unit Tests[2m > [22m[2mDELETE /:groupId/leave/:userId - Leave Group[2m > [22m[2mshould return 400 when creator tries to leave[22m[39m
User leaving group

 [32mΓ£ף[39m tests/routes/chats.test.js[2m > [22mChats Routes - Unit Tests[2m > [22mEdge Cases[2m > [22mshould handle chat with deleted user
 [32mΓ£ף[39m tests/routes/groupChats.test.js[2m > [22mGroup Chats Routes - Unit Tests[2m > [22mPOST /:chatId/participants - Add Participants[2m > [22mshould return 404 when chat not found[33m 344[2mms[22m[39m
 [32mΓ£ף[39m tests/routes/groups.test.js[2m > [22mGroups Routes - Unit Tests[2m > [22mDELETE /:groupId/leave/:userId - Leave Group[2m > [22mshould return 400 when creator tries to leave
[90mstdout[2m | tests/routes/groupPosts.test.js[2m > [22m[2mGroup Posts Routes - Unit Tests[2m > [22m[2mPOST /:groupId/posts/:postId/comments - Add Comment[2m > [22m[2mshould return 500 on database error[22m[39m
Adding comment to group post...

[90mstderr[2m | tests/routes/groupPosts.test.js[2m > 
[22m[2mGroup Posts Routes - Unit Tests[2m > [22m[2mPOST 
/:groupId/posts/:postId/comments - Add Comment[2m > [22m[2mshould 
return 500 on database error[22m[39m
Error adding comment to group post: Error: DB Error
    at [90mC:\Users\lirhe\Documents\FlavorWorldWebsite\server\[39mte
sts\routes\groupPosts.test.js:995:53
    at [90mfile:///C:/Users/lirhe/Documents/FlavorWorldWebsite/server
/[39mnode_modules/[4m@vitest[24m/runner/dist/index.js:135:14
    at [90mfile:///C:/Users/lirhe/Documents/FlavorWorldWebsite/server
/[39mnode_modules/[4m@vitest[24m/runner/dist/index.js:60:26
    at runTest [90m(file:///C:/Users/lirhe/Documents/FlavorWorldWebsi
te/server/[39mnode_modules/[4m@vitest[24m/runner/dist/index.js:781:
17[90m)[39m
[90m    at processTicksAndRejections 
(node:internal/process/task_queues:105:5)[39m
    at runSuite [90m(file:///C:/Users/lirhe/Documents/FlavorWorldWebs
ite/server/[39mnode_modules/[4m@vitest[24m/runner/dist/index.js:909
:15[90m)[39m
    at runSuite [90m(file:///C:/Users/lirhe/Documents/FlavorWorldWebs
ite/server/[39mnode_modules/[4m@vitest[24m/runner/dist/index.js:909
:15[90m)[39m
    at runSuite [90m(file:///C:/Users/lirhe/Documents/FlavorWorldWebs
ite/server/[39mnode_modules/[4m@vitest[24m/runner/dist/index.js:909
:15[90m)[39m
    at runFiles [90m(file:///C:/Users/lirhe/Documents/FlavorWorldWebs
ite/server/[39mnode_modules/[4m@vitest[24m/runner/dist/index.js:958
:5[90m)[39m
    at startTests [90m(file:///C:/Users/lirhe/Documents/FlavorWorldWe
bsite/server/[39mnode_modules/[4m@vitest[24m/runner/dist/index.js:9
67:3[90m)[39m

[90mstdout[2m | tests/routes/chats.test.js[2m > [22m[2mChats Routes - Unit Tests[2m > [22m[2mEdge Cases[2m > [22m[2mshould handle simultaneous read operations[22m[39m
Marking messages as read for user 68fe33abbe48e2507c1a6727 in chat 68fe33abbe48e2507c1a672d
Marking messages as read for user 68fe33abbe48e2507c1a6727 in chat 68fe33abbe48e2507c1a672d

 [32mΓ£ף[39m tests/routes/groupPosts.test.js[2m > [22mGroup Posts Routes - Unit Tests[2m > [22mPOST /:groupId/posts/:postId/comments - Add Comment[2m > [22mshould return 500 on database error
[90mstdout[2m | tests/routes/groups.test.js[2m > [22m[2mGroups Routes - Unit Tests[2m > [22m[2mDELETE /:groupId/leave/:userId - Leave Group[2m > [22m[2mshould return 400 for invalid group ID[22m[39m
User leaving group

 [32mΓ£ף[39m tests/routes/chats.test.js[2m > [22mChats Routes - Unit Tests[2m > [22mEdge Cases[2m > [22mshould handle simultaneous read operations
 [32mΓ£ף[39m tests/routes/groups.test.js[2m > [22mGroups Routes - Unit Tests[2m > [22mDELETE /:groupId/leave/:userId - Leave Group[2m > [22mshould return 400 for invalid group ID
[90mstdout[2m | tests/routes/users.test.js[2m > [22m[2mUsers Routes - Unit Tests[2m > [22m[2mGET /search - Search Users[2m > [22m[2mshould limit results to 20 users[22m[39m
Searching users with query: Test

[90mstdout[2m | tests/routes/users.test.js[2m > [22m[2mUsers Routes - Unit Tests[2m > [22m[2mGET /search - Search Users[2m > [22m[2mshould limit results to 20 users[22m[39m
Found 20 users

 [32mΓ£ף[39m tests/routes/groupChats.test.js[2m > [22mGroup Chats Routes - Unit Tests[2m > [22mPOST /:chatId/participants - Add Participants[2m > [22mshould return 503 when database is not available[33m 349[2mms[22m[39m
[90mstdout[2m | tests/routes/groupPosts.test.js[2m > [22m[2mGroup Posts Routes - Unit Tests[2m > [22m[2mDELETE /:groupId/posts/:postId/comments/:commentId - Delete Comment[2m > [22m[2mshould delete own comment successfully[22m[39m
Deleting comment from group post...

[90mstdout[2m | tests/routes/groupPosts.test.js[2m > [22m[2mGroup Posts Routes - Unit Tests[2m > [22m[2mDELETE /:groupId/posts/:postId/comments/:commentId - Delete Comment[2m > [22m[2mshould delete own comment successfully[22m[39m
Comment deleted from group post successfully

 [32mΓ£ף[39m tests/routes/users.test.js[2m > [22mUsers Routes - Unit Tests[2m > [22mGET /search - Search Users[2m > [22mshould limit results to 20 users[33m 2378[2mms[22m[39m
 [32mΓ£ף[39m tests/routes/groupPosts.test.js[2m > [22mGroup Posts Routes - Unit Tests[2m > [22mDELETE /:groupId/posts/:postId/comments/:commentId - Delete Comment[2m > [22mshould delete own comment successfully
 [32mΓ£ף[39m tests/routes/chats.test.js[2m > [22mChats Routes - Unit Tests[2m > [22mEdge Cases[2m > [22mshould handle empty message after trim
[90mstdout[2m | tests/routes/groups.test.js[2m > [22m[2mGroups Routes - Unit Tests[2m > [22m[2mDELETE /:groupId/leave/:userId - Leave Group[2m > [22m[2mshould return 404 when user not found in group[22m[39m
User leaving group

[90mstdout[2m | tests/routes/users.test.js[2m > [22m[2mUsers Routes - Unit Tests[2m > [22m[2mGET /search - Search Users[2m > [22m[2mshould return empty array when no matches[22m[39m
Searching users with query: NonExistentUser12345

[90mstdout[2m | tests/routes/users.test.js[2m > [22m[2mUsers Routes - Unit Tests[2m > [22m[2mGET /search - Search Users[2m > [22m[2mshould return empty array when no matches[22m[39m
Found 0 users

[90mstdout[2m | tests/routes/groupPosts.test.js[2m > [22m[2mGroup Posts Routes - Unit Tests[2m > [22m[2mDELETE /:groupId/posts/:postId/comments/:commentId - Delete Comment[2m > [22m[2mshould allow admin to delete any comment[22m[39m
Deleting comment from group post...

 [32mΓ£ף[39m tests/routes/groups.test.js[2m > [22mGroups Routes - Unit Tests[2m > [22mDELETE /:groupId/leave/:userId - Leave Group[2m > [22mshould return 404 when user not found in group[33m 356[2mms[22m[39m
[90mstdout[2m | tests/routes/groupPosts.test.js[2m > [22m[2mGroup Posts Routes - Unit Tests[2m > [22m[2mDELETE /:groupId/posts/:postId/comments/:commentId - Delete Comment[2m > [22m[2mshould allow admin to delete any comment[22m[39m
Comment deleted from group post successfully

 [32mΓ£ף[39m tests/routes/users.test.js[2m > [22mUsers Routes - Unit Tests[2m > [22mGET /search - Search Users[2m > [22mshould return empty array when no matches
 [32mΓ£ף[39m tests/routes/groupChats.test.js[2m > [22mGroup Chats Routes - Unit Tests[2m > [22mPOST /:chatId/participants - Add Participants[2m > [22mshould return 500 on database error[33m 354[2mms[22m[39m
 [32mΓ£ף[39m tests/routes/groupPosts.test.js[2m > [22mGroup Posts Routes - Unit Tests[2m > [22mDELETE /:groupId/posts/:postId/comments/:commentId - Delete Comment[2m > [22mshould allow admin to delete any comment
 [32mΓ£ף[39m tests/routes/chats.test.js[2m > [22mChats Routes - Unit Tests[2m > [22mEdge Cases[2m > [22mshould handle malformed ObjectId gracefully
[90mstdout[2m | tests/routes/groups.test.js[2m > [22m[2mGroups Routes - Unit Tests[2m > [22m[2mDELETE /:groupId/leave/:userId - Leave Group[2m > [22m[2mshould return 503 when database is not available[22m[39m
User leaving group

[90mstdout[2m | tests/routes/groupPosts.test.js[2m > [22m[2mGroup Posts Routes - Unit Tests[2m > [22m[2mDELETE /:groupId/posts/:postId/comments/:commentId - Delete Comment[2m > [22m[2mshould allow creator to delete any comment[22m[39m
Deleting comment from group post...

 [32mΓ£ף[39m tests/routes/users.test.js[2m > [22mUsers Routes - Unit Tests[2m > [22mGET /search - Search Users[2m > [22mshould return 503 when database is not available
 [32mΓ£ף[39m tests/routes/groups.test.js[2m > [22mGroups Routes - Unit Tests[2m > [22mDELETE /:groupId/leave/:userId - Leave Group[2m > [22mshould return 503 when database is not available
[90mstdout[2m | tests/routes/groupPosts.test.js[2m > [22m[2mGroup Posts Routes - Unit Tests[2m > [22m[2mDELETE /:groupId/posts/:postId/comments/:commentId - Delete Comment[2m > [22m[2mshould allow creator to delete any comment[22m[39m
Comment deleted from group post successfully

[90mstdout[2m | tests/routes/chats.test.js[2m > [22m[2mChats Routes - Unit Tests[2m > [22m[2mEdge Cases[2m > [22m[2mshould handle zero page number[22m[39m
Fetching messages for chat 68fe33acbe48e2507c1a6776, page 1

[90mstdout[2m | tests/routes/chats.test.js[2m > [22m[2mChats Routes - Unit Tests[2m > [22m[2mEdge Cases[2m > [22m[2mshould handle zero page number[22m[39m
Found 0 messages

[90mstdout[2m | tests/routes/groupChats.test.js[2m > [22m[2mGroup Chats Routes - Unit Tests[2m > [22m[2mDELETE /:chatId/participants/:userId - Remove Participant[2m > [22m[2mshould remove participant successfully[22m[39m
Removed participant Bob Smith from group chat

 [32mΓ£ף[39m tests/routes/groupPosts.test.js[2m > [22mGroup Posts Routes - Unit Tests[2m > [22mDELETE /:groupId/posts/:postId/comments/:commentId - Delete Comment[2m > [22mshould allow creator to delete any comment
 [32mΓ£ף[39m tests/routes/chats.test.js[2m > [22mChats Routes - Unit Tests[2m > [22mEdge Cases[2m > [22mshould handle zero page number
 [32mΓ£ף[39m tests/routes/groupChats.test.js[2m > [22mGroup Chats Routes - Unit Tests[2m > [22mDELETE /:chatId/participants/:userId - Remove Participant[2m > [22mshould remove participant successfully[33m 349[2mms[22m[39m
[90mstdout[2m | tests/routes/users.test.js[2m > [22m[2mUsers Routes - Unit Tests[2m > [22m[2mGET /search - Search Users[2m > [22m[2mshould return 500 on database error[22m[39m
Searching users with query: Alice

[90mstdout[2m | tests/routes/groups.test.js[2m > [22m[2mGroups Routes - Unit Tests[2m > [22m[2mDELETE /:groupId/leave/:userId - Leave Group[2m > [22m[2mshould return 500 on database error[22m[39m
User leaving group

 [32mΓ£ף[39m tests/routes/groups.test.js[2m > [22mGroups Routes - Unit Tests[2m > [22mDELETE /:groupId/leave/:userId - Leave Group[2m > [22mshould return 500 on database error
 [32mΓ£ף[39m tests/routes/users.test.js[2m > [22mUsers Routes - Unit Tests[2m > [22mGET /search - Search Users[2m > [22mshould return 500 on database error
[90mstdout[2m | tests/routes/groupPosts.test.js[2m > [22m[2mGroup Posts Routes - Unit Tests[2m > [22m[2mDELETE /:groupId/posts/:postId/comments/:commentId - Delete Comment[2m > [22m[2mshould return 403 when not owner/admin/creator[22m[39m
Deleting comment from group post...

[90mstdout[2m | tests/routes/chats.test.js[2m > [22m[2mChats Routes - Unit Tests[2m > [22m[2mEdge Cases[2m > [22m[2mshould handle negative limit[22m[39m
Fetching messages for chat 68fe33acbe48e2507c1a678a, page 1

[90mstdout[2m | tests/routes/chats.test.js[2m > [22m[2mChats Routes - Unit Tests[2m > [22m[2mEdge Cases[2m > [22m[2mshould handle negative limit[22m[39m
Found 0 messages

 [32mΓ£ף[39m tests/routes/groupPosts.test.js[2m > [22mGroup Posts Routes - Unit Tests[2m > [22mDELETE /:groupId/posts/:postId/comments/:commentId - Delete Comment[2m > [22mshould return 403 when not owner/admin/creator
 [32mΓ£ף[39m tests/routes/chats.test.js[2m > [22mChats Routes - Unit Tests[2m > [22mEdge Cases[2m > [22mshould handle negative limit
[90mstdout[2m | tests/routes/groupChats.test.js[2m > [22m[2mGroup Chats Routes - Unit Tests[2m > [22m[2mDELETE /:chatId/participants/:userId - Remove Participant[2m > [22m[2mshould create system message[22m[39m
Removed participant Bob Smith from group chat

[90mstdout[2m | tests/routes/users.test.js[2m > [22m[2mUsers Routes - Unit Tests[2m > [22m[2mDELETE /delete - Delete User[2m > [22m[2mshould delete user successfully[22m[39m
User delete endpoint called - redirecting to main endpoint

[90mstdout[2m | tests/routes/groups.test.js[2m > [22m[2mGroups Routes - Unit Tests[2m > [22m[2mPUT /:id - Update Group[2m > [22m[2mshould update group name and description[22m[39m
Updating group: 68fe33ac985631f2a0889d2a
Updated by: 68fe33ac985631f2a0889d24
Request body: {
  name: [32m'Updated Group Name'[39m,
  description: [32m'Updated description'[39m,
  updatedBy: [32m'68fe33ac985631f2a0889d24'[39m
}

[90mstdout[2m | tests/routes/groups.test.js[2m > [22m[2mGroups Routes - Unit Tests[2m > [22m[2mPUT /:id - Update Group[2m > [22m[2mshould update group name and description[22m[39m
Group found: Public Cooking Group
Permission check: {
  isCreator: [33mtrue[39m,
  isAdmin: [33mtrue[39m,
  creatorId: [32m'68fe33ac985631f2a0889d24'[39m,
  updatedBy: [32m'68fe33ac985631f2a0889d24'[39m
}
Permission granted

[90mstdout[2m | tests/routes/groups.test.js[2m > [22m[2mGroups Routes - Unit Tests[2m > [22m[2mPUT /:id - Update Group[2m > [22m[2mshould update group name and description[22m[39m
Group updated successfully

 [32mΓ£ף[39m tests/routes/groupChats.test.js[2m > [22mGroup Chats Routes - Unit Tests[2m > [22mDELETE /:chatId/participants/:userId - Remove Participant[2m > [22mshould create system message[33m 347[2mms[22m[39m
 [32mΓ£ף[39m tests/routes/users.test.js[2m > [22mUsers Routes - Unit Tests[2m > [22mDELETE /delete - Delete User[2m > [22mshould delete user successfully
 [32mΓ£ף[39m tests/routes/groups.test.js[2m > [22mGroups Routes - Unit Tests[2m > [22mPUT /:id - Update Group[2m > [22mshould update group name and description
[90mstdout[2m | tests/routes/groupPosts.test.js[2m > [22m[2mGroup Posts Routes - Unit Tests[2m > [22m[2mDELETE /:groupId/posts/:postId/comments/:commentId - Delete Comment[2m > [22m[2mshould return 400 when userId is missing[22m[39m
Deleting comment from group post...

 [32mΓ£ף[39m tests/routes/groupPosts.test.js[2m > [22mGroup Posts Routes - Unit Tests[2m > [22mDELETE /:groupId/posts/:postId/comments/:commentId - Delete Comment[2m > [22mshould return 400 when userId is missing
[90mstdout[2m | tests/routes/chats.test.js[2m > [22m[2mChats Routes - Unit Tests[2m > [22m[2mPerformance Considerations[2m > [22m[2mshould handle chat with many messages efficiently[22m[39m
Fetching messages for chat 68fe33acbe48e2507c1a679e, page 1

[90mstdout[2m | tests/routes/chats.test.js[2m > [22m[2mChats Routes - Unit Tests[2m > [22m[2mPerformance Considerations[2m > [22m[2mshould handle chat with many messages efficiently[22m[39m
Found 50 messages

[90mstdout[2m | tests/routes/users.test.js[2m > [22m[2mUsers Routes - Unit Tests[2m > [22m[2mDELETE /delete - Delete User[2m > [22m[2mshould return 400 when userId is missing[22m[39m
User delete endpoint called - redirecting to main endpoint

[90mstdout[2m | tests/routes/groups.test.js[2m > [22m[2mGroups Routes - Unit Tests[2m > [22m[2mPUT /:id - Update Group[2m > [22m[2mshould update group settings[22m[39m
Updating group: 68fe33ad985631f2a0889d3c
Updated by: 68fe33ac985631f2a0889d36
Request body: {
  allowMemberPosts: [32m'false'[39m,
  requireApproval: [32m'true'[39m,
  allowInvites: [32m'false'[39m,
  updatedBy: [32m'68fe33ac985631f2a0889d36'[39m
}

[90mstdout[2m | tests/routes/groups.test.js[2m > [22m[2mGroups Routes - Unit Tests[2m > [22m[2mPUT /:id - Update Group[2m > [22m[2mshould update group settings[22m[39m
Group found: Public Cooking Group
Permission check: {
  isCreator: [33mtrue[39m,
  isAdmin: [33mtrue[39m,
  creatorId: [32m'68fe33ac985631f2a0889d36'[39m,
  updatedBy: [32m'68fe33ac985631f2a0889d36'[39m
}
Permission granted

[90mstdout[2m | tests/routes/groups.test.js[2m > [22m[2mGroups Routes - Unit Tests[2m > [22m[2mPUT /:id - Update Group[2m > [22m[2mshould update group settings[22m[39m
Group updated successfully

 [32mΓ£ף[39m tests/routes/chats.test.js[2m > [22mChats Routes - Unit Tests[2m > [22mPerformance Considerations[2m > [22mshould handle chat with many messages efficiently[33m 349[2mms[22m[39m
[90mstdout[2m | tests/routes/groupChats.test.js[2m > [22m[2mGroup Chats Routes - Unit Tests[2m > [22m[2mDELETE /:chatId/participants/:userId - Remove Participant[2m > [22m[2mshould remove from unreadCount map[22m[39m
Removed participant Bob Smith from group chat

 [32mΓ£ף[39m tests/routes/users.test.js[2m > [22mUsers Routes - Unit Tests[2m > [22mDELETE /delete - Delete User[2m > [22mshould return 400 when userId is missing
 [32mΓ£ף[39m tests/routes/groups.test.js[2m > [22mGroups Routes - Unit Tests[2m > [22mPUT /:id - Update Group[2m > [22mshould update group settings
[90mstdout[2m | tests/routes/groupPosts.test.js[2m > [22m[2mGroup Posts Routes - Unit Tests[2m > [22m[2mDELETE /:groupId/posts/:postId/comments/:commentId - Delete Comment[2m > [22m[2mshould return 403 when user is not a member[22m[39m
Deleting comment from group post...

 [32mΓ£ף[39m tests/routes/groupChats.test.js[2m > [22mGroup Chats Routes - Unit Tests[2m > [22mDELETE /:chatId/participants/:userId - Remove Participant[2m > [22mshould remove from unreadCount map[33m 359[2mms[22m[39m
 [32mΓ£ף[39m tests/routes/groupPosts.test.js[2m > [22mGroup Posts Routes - Unit Tests[2m > [22mDELETE /:groupId/posts/:postId/comments/:commentId - Delete Comment[2m > [22mshould return 403 when user is not a member
[90mstdout[2m | tests/routes/users.test.js[2m > [22m[2mUsers Routes - Unit Tests[2m > [22m[2mDELETE /delete - Delete User[2m > [22m[2mshould return 400 for invalid userId[22m[39m
User delete endpoint called - redirecting to main endpoint

[90mstdout[2m | tests/routes/groups.test.js[2m > [22m[2mGroups Routes - Unit Tests[2m > [22m[2mPUT /:id - Update Group[2m > [22m[2mshould update isPrivate status[22m[39m
Updating group: 68fe33ad985631f2a0889d4e
Updated by: 68fe33ad985631f2a0889d48
Request body: { isPrivate: [32m'true'[39m, updatedBy: [32m'68fe33ad985631f2a0889d48'[39m }

[90mstdout[2m | tests/routes/groups.test.js[2m > [22m[2mGroups Routes - Unit Tests[2m > [22m[2mPUT /:id - Update Group[2m > [22m[2mshould update isPrivate status[22m[39m
Group found: Public Cooking Group
Permission check: {
  isCreator: [33mtrue[39m,
  isAdmin: [33mtrue[39m,
  creatorId: [32m'68fe33ad985631f2a0889d48'[39m,
  updatedBy: [32m'68fe33ad985631f2a0889d48'[39m
}
Permission granted

[90mstdout[2m | tests/routes/groups.test.js[2m > [22m[2mGroups Routes - Unit Tests[2m > [22m[2mPUT /:id - Update Group[2m > [22m[2mshould update isPrivate status[22m[39m
Group updated successfully

 [32mΓ£ף[39m tests/routes/users.test.js[2m > [22mUsers Routes - Unit Tests[2m > [22mDELETE /delete - Delete User[2m > [22mshould return 400 for invalid userId
 [32mΓ£ף[39m tests/routes/groups.test.js[2m > [22mGroups Routes - Unit Tests[2m > [22mPUT /:id - Update Group[2m > [22mshould update isPrivate status
[90mstdout[2m | tests/routes/groupPosts.test.js[2m > [22m[2mGroup Posts Routes - Unit Tests[2m > [22m[2mDELETE /:groupId/posts/:postId/comments/:commentId - Delete Comment[2m > [22m[2mshould return 400 for invalid IDs[22m[39m
Deleting comment from group post...

 [32mΓ£ף[39m tests/routes/groupPosts.test.js[2m > [22mGroup Posts Routes - Unit Tests[2m > [22mDELETE /:groupId/posts/:postId/comments/:commentId - Delete Comment[2m > [22mshould return 400 for invalid IDs
 [32mΓ£ף[39m tests/routes/groupChats.test.js[2m > [22mGroup Chats Routes - Unit Tests[2m > [22mDELETE /:chatId/participants/:userId - Remove Participant[2m > [22mshould return 403 when not admin[33m 357[2mms[22m[39m
[90mstdout[2m | tests/routes/users.test.js[2m > [22m[2mUsers Routes - Unit Tests[2m > [22m[2mDELETE /delete - Delete User[2m > [22m[2mshould return 404 when user not found[22m[39m
User delete endpoint called - redirecting to main endpoint

[90mstdout[2m | tests/routes/groups.test.js[2m > [22m[2mGroups Routes - Unit Tests[2m > [22m[2mPUT /:id - Update Group[2m > [22m[2mshould update category and rules[22m[39m
Updating group: 68fe33ad985631f2a0889d60
Updated by: 68fe33ad985631f2a0889d5a
Request body: {
  category: [32m'Baking'[39m,
  rules: [32m'New group rules'[39m,
  updatedBy: [32m'68fe33ad985631f2a0889d5a'[39m
}
Group found: Public Cooking Group
Permission check: {
  isCreator: [33mtrue[39m,
  isAdmin: [33mtrue[39m,
  creatorId: [32m'68fe33ad985631f2a0889d5a'[39m,
  updatedBy: [32m'68fe33ad985631f2a0889d5a'[39m
}
Permission granted

[90mstdout[2m | tests/routes/groups.test.js[2m > [22m[2mGroups Routes - Unit Tests[2m > [22m[2mPUT /:id - Update Group[2m > [22m[2mshould update category and rules[22m[39m
Group updated successfully

 [32mΓ£ף[39m tests/routes/users.test.js[2m > [22mUsers Routes - Unit Tests[2m > [22mDELETE /delete - Delete User[2m > [22mshould return 404 when user not found
 [32mΓ£ף[39m tests/routes/groups.test.js[2m > [22mGroups Routes - Unit Tests[2m > [22mPUT /:id - Update Group[2m > [22mshould update category and rules
[90mstdout[2m | tests/routes/groupPosts.test.js[2m > [22m[2mGroup Posts Routes - Unit Tests[2m > [22m[2mDELETE /:groupId/posts/:postId/comments/:commentId - Delete Comment[2m > [22m[2mshould return 404 when comment not found[22m[39m
Deleting comment from group post...

 [32mΓ£ף[39m tests/routes/groupPosts.test.js[2m > [22mGroup Posts Routes - Unit Tests[2m > [22mDELETE /:groupId/posts/:postId/comments/:commentId - Delete Comment[2m > [22mshould return 404 when comment not found
[90mstdout[2m | tests/routes/users.test.js[2m > [22m[2mUsers Routes - Unit Tests[2m > [22m[2mDELETE /delete - Delete User[2m > [22m[2mshould return 500 on database error[22m[39m
User delete endpoint called - redirecting to main endpoint

[90mstdout[2m | tests/routes/groups.test.js[2m > [22m[2mGroups Routes - Unit Tests[2m > [22m[2mPUT /:id - Update Group[2m > [22m[2mshould allow admin to update[22m[39m
Updating group: 68fe33ad985631f2a0889d72
Updated by: 68fe33ad985631f2a0889d6e
Request body: { name: [32m'Admin Updated'[39m, updatedBy: [32m'68fe33ad985631f2a0889d6e'[39m }

[90mstdout[2m | tests/routes/groups.test.js[2m > [22m[2mGroups Routes - Unit Tests[2m > [22m[2mPUT /:id - Update Group[2m > [22m[2mshould allow admin to update[22m[39m
Group found: Public Cooking Group
Permission check: {
  isCreator: [33mfalse[39m,
  isAdmin: [33mtrue[39m,
  creatorId: [32m'68fe33ad985631f2a0889d6c'[39m,
  updatedBy: [32m'68fe33ad985631f2a0889d6e'[39m
}
Permission granted

[90mstdout[2m | tests/routes/groups.test.js[2m > [22m[2mGroups Routes - Unit Tests[2m > [22m[2mPUT /:id - Update Group[2m > [22m[2mshould allow admin to update[22m[39m
Group updated successfully

 [32mΓ£ף[39m tests/routes/users.test.js[2m > [22mUsers Routes - Unit Tests[2m > [22mDELETE /delete - Delete User[2m > [22mshould return 500 on database error
 [32mΓ£ף[39m tests/routes/groupChats.test.js[2m > [22mGroup Chats Routes - Unit Tests[2m > [22mDELETE /:chatId/participants/:userId - Remove Participant[2m > [22mshould return 400 when admin tries to remove themselves[33m 357[2mms[22m[39m
 [32mΓ£ף[39m tests/routes/groups.test.js[2m > [22mGroups Routes - Unit Tests[2m > [22mPUT /:id - Update Group[2m > [22mshould allow admin to update
[90mstdout[2m | tests/routes/groupPosts.test.js[2m > [22m[2mGroup Posts Routes - Unit Tests[2m > [22m[2mDELETE /:groupId/posts/:postId/comments/:commentId - Delete Comment[2m > [22m[2mshould return 404 when post not found[22m[39m
Deleting comment from group post...

 [32mΓ£ף[39m tests/routes/groupPosts.test.js[2m > [22mGroup Posts Routes - Unit Tests[2m > [22mDELETE /:groupId/posts/:postId/comments/:commentId - Delete Comment[2m > [22mshould return 404 when post not found
[90mstdout[2m | tests/routes/users.test.js[2m > [22m[2mUsers Routes - Unit Tests[2m > [22m[2mIntegration & Edge Cases[2m > [22m[2mshould handle follow/unfollow cycle[22m[39m
Following user...

[90mstdout[2m | tests/routes/users.test.js[2m > [22m[2mUsers Routes - Unit Tests[2m > [22m[2mIntegration & Edge Cases[2m > [22m[2mshould handle follow/unfollow cycle[22m[39m
Notification created: follow for user: 68fe33ad5105c32ee4ceb9bc
User followed successfully

[90mstdout[2m | tests/routes/users.test.js[2m > [22m[2mUsers Routes - Unit Tests[2m > [22m[2mIntegration & Edge Cases[2m > [22m[2mshould handle follow/unfollow cycle[22m[39m
 Unfollowing user...

[90mstdout[2m | tests/routes/users.test.js[2m > [22m[2mUsers Routes - Unit Tests[2m > [22m[2mIntegration & Edge Cases[2m > [22m[2mshould handle follow/unfollow cycle[22m[39m
User unfollowed successfully

[90mstdout[2m | tests/routes/users.test.js[2m > [22m[2mUsers Routes - Unit Tests[2m > [22m[2mIntegration & Edge Cases[2m > [22m[2mshould handle follow/unfollow cycle[22m[39m
Following user...

[90mstdout[2m | tests/routes/users.test.js[2m > [22m[2mUsers Routes - Unit Tests[2m > [22m[2mIntegration & Edge Cases[2m > [22m[2mshould handle follow/unfollow cycle[22m[39m
Similar notification already exists, skipping
User followed successfully

[90mstdout[2m | tests/routes/groups.test.js[2m > [22m[2mGroups Routes - Unit Tests[2m > [22m[2mPUT /:id - Update Group[2m > [22m[2mshould return 403 when not admin or creator[22m[39m
Updating group: 68fe33ae985631f2a0889d87
Updated by: 68fe33ae985631f2a0889d85
Request body: { name: [32m'Unauthorized Update'[39m, updatedBy: [32m'68fe33ae985631f2a0889d85'[39m }
Group found: Public Cooking Group
Permission check: {
  isCreator: [33mfalse[39m,
  isAdmin: [33mfalse[39m,
  creatorId: [32m'68fe33ad985631f2a0889d81'[39m,
  updatedBy: [32m'68fe33ae985631f2a0889d85'[39m
}
Permission denied

 [32mΓ£ף[39m tests/routes/users.test.js[2m > [22mUsers Routes - Unit Tests[2m > [22mIntegration & Edge Cases[2m > [22mshould handle follow/unfollow cycle
 [32mΓ£ף[39m tests/routes/groups.test.js[2m > [22mGroups Routes - Unit Tests[2m > [22mPUT /:id - Update Group[2m > [22mshould return 403 when not admin or creator
[90mstdout[2m | tests/routes/groupPosts.test.js[2m > [22m[2mGroup Posts Routes - Unit Tests[2m > [22m[2mDELETE /:groupId/posts/:postId/comments/:commentId - Delete Comment[2m > [22m[2mshould return 503 when database is not available[22m[39m
Deleting comment from group post...

 [32mΓ£ף[39m tests/routes/groupChats.test.js[2m > [22mGroup Chats Routes - Unit Tests[2m > [22mDELETE /:chatId/participants/:userId - Remove Participant[2m > [22mshould return 404 when participant not found[33m 336[2mms[22m[39m
 [32mΓ£ף[39m tests/routes/groupPosts.test.js[2m > [22mGroup Posts Routes - Unit Tests[2m > [22mDELETE /:groupId/posts/:postId/comments/:commentId - Delete Comment[2m > [22mshould return 503 when database is not available
[90mstdout[2m | tests/routes/users.test.js[2m > [22m[2mUsers Routes - Unit Tests[2m > [22m[2mIntegration & Edge Cases[2m > [22m[2mshould handle updating profile multiple times[22m[39m
=== Profile Update Debug ===
Request body: { userId: [32m'68fe33ae5105c32ee4ceb9d2'[39m, fullName: [32m'Update 1'[39m }
MongoDB connected: [33mtrue[39m

[90mstdout[2m | tests/routes/users.test.js[2m > [22m[2mUsers Routes - Unit Tests[2m > [22m[2mIntegration & Edge Cases[2m > [22m[2mshould handle updating profile multiple times[22m[39m
Found user: alice@test.com
Updating user profile: {
  userId: [32m'68fe33ae5105c32ee4ceb9d2'[39m,
  fullName: [32m'Update 1'[39m,
  email: [90mundefined[39m,
  bio: [90mundefined[39m,
  hasAvatar: [33mfalse[39m,
  avatarLength: [33m0[39m
}
Profile updated successfully

[90mstdout[2m | tests/routes/users.test.js[2m > [22m[2mUsers Routes - Unit Tests[2m > [22m[2mIntegration & Edge Cases[2m > [22m[2mshould handle updating profile multiple times[22m[39m
=== Profile Update Debug ===
Request body: { userId: [32m'68fe33ae5105c32ee4ceb9d2'[39m, fullName: [32m'Update 2'[39m }
MongoDB connected: [33mtrue[39m

[90mstdout[2m | tests/routes/users.test.js[2m > [22m[2mUsers Routes - Unit Tests[2m > [22m[2mIntegration & Edge Cases[2m > [22m[2mshould handle updating profile multiple times[22m[39m
Found user: alice@test.com
Updating user profile: {
  userId: [32m'68fe33ae5105c32ee4ceb9d2'[39m,
  fullName: [32m'Update 2'[39m,
  email: [90mundefined[39m,
  bio: [90mundefined[39m,
  hasAvatar: [33mfalse[39m,
  avatarLength: [33m0[39m
}

[90mstdout[2m | tests/routes/users.test.js[2m > [22m[2mUsers Routes - Unit Tests[2m > [22m[2mIntegration & Edge Cases[2m > [22m[2mshould handle updating profile multiple times[22m[39m
Profile updated successfully

[90mstdout[2m | tests/routes/users.test.js[2m > [22m[2mUsers Routes - Unit Tests[2m > [22m[2mIntegration & Edge Cases[2m > [22m[2mshould handle updating profile multiple times[22m[39m
=== Profile Update Debug ===
Request body: { userId: [32m'68fe33ae5105c32ee4ceb9d2'[39m, fullName: [32m'Final Update'[39m }
MongoDB connected: [33mtrue[39m
Found user: alice@test.com
Updating user profile: {
  userId: [32m'68fe33ae5105c32ee4ceb9d2'[39m,
  fullName: [32m'Final Update'[39m,
  email: [90mundefined[39m,
  bio: [90mundefined[39m,
  hasAvatar: [33mfalse[39m,
  avatarLength: [33m0[39m
}

[90mstdout[2m | tests/routes/users.test.js[2m > [22m[2mUsers Routes - Unit Tests[2m > [22m[2mIntegration & Edge Cases[2m > [22m[2mshould handle updating profile multiple times[22m[39m
Profile updated successfully

[90mstdout[2m | tests/routes/groups.test.js[2m > [22m[2mGroups Routes - Unit Tests[2m > [22m[2mPUT /:id - Update Group[2m > [22m[2mshould return 404 when group not found[22m[39m
Updating group: 68fe33ae985631f2a0889d9e
Updated by: 68fe33ae985631f2a0889d92
Request body: { name: [32m'Updated'[39m, updatedBy: [32m'68fe33ae985631f2a0889d92'[39m }
Group not found: 68fe33ae985631f2a0889d9e

 [32mΓ£ף[39m tests/routes/users.test.js[2m > [22mUsers Routes - Unit Tests[2m > [22mIntegration & Edge Cases[2m > [22mshould handle updating profile multiple times
 [32mΓ£ף[39m tests/routes/groups.test.js[2m > [22mGroups Routes - Unit Tests[2m > [22mPUT /:id - Update Group[2m > [22mshould return 404 when group not found
[90mstdout[2m | tests/routes/groupPosts.test.js[2m > [22m[2mGroup Posts Routes - Unit Tests[2m > [22m[2mDELETE /:groupId/posts/:postId/comments/:commentId - Delete Comment[2m > [22m[2mshould return 500 on database error[22m[39m
Deleting comment from group post...

 [32mΓ£ף[39m tests/routes/groupPosts.test.js[2m > [22mGroup Posts Routes - Unit Tests[2m > [22mDELETE /:groupId/posts/:postId/comments/:commentId - Delete Comment[2m > [22mshould return 500 on database error
 [32mΓ£ף[39m tests/routes/groupChats.test.js[2m > [22mGroup Chats Routes - Unit Tests[2m > [22mDELETE /:chatId/participants/:userId - Remove Participant[2m > [22mshould return 503 when database is not available[33m 347[2mms[22m[39m
[90mstdout[2m | tests/routes/users.test.js[2m > [22m[2mUsers Routes - Unit Tests[2m > [22m[2mIntegration & Edge Cases[2m > [22m[2mshould handle very long bio[22m[39m
=== Profile Update Debug ===
Request body: {
  userId: [32m'68fe33ae5105c32ee4ceb9e0'[39m,
  bio: [32m'aaaaaaaaaaaaaaaaaaaaaaaaaaaaaaaaaaaaaaaaaaaaaaaaaaaaaaaaaaaaaaaaaaaaaaaaaaaaaaaaaaaaaaaaaaaaaaaaaaaaaaaaaaaaaaaaaaaaaaaaaaaaaaaaaaaaaaaaaaaaaaaaaaaaaaaaaaaaaaaaaaaaaaaaaaaaaaaaaaaaaaaaaaaaaaaaaaaaaaaaaaaaaaaaaaaaaaaaaaaaaaaaaaaaaaaaaaaaaaaaaaaaaaaaaaaaaaaaaaaaaaaaaaaaaaaaaaaaaaaaaaaaaaaaaaaaaaaaaaaaaaaaaaaaaaaaaaaaaaaaaaaaaaaaaaaaaaaaaaaaaaaaaaaaaaaaaaaaaaaaaaaaaaaaaaaaaaaaaaaaaaaaaaaaaaaaaaaaaaaaaaaaaaaaaaaaaaaaaaaaaaaaaaaaaaaaaaaaaaaaaaaaaaaaaaaaaaaaaaaaaaaaaaaaaaaaaaaaaaaaaaaaaaaaaaaaaaaaaaaaaaaaaaaaaaaaaaaaaaaaaaaaaaaaaaaaaaaaaaaaaaaaaaaaaaaaaaaaaaaaaaaaaaaaaaaaaaaaaaaaaaaaaaaaaaaaaaaaaaaaaaaaaaaaaaaaaaaaaaaaaaaaaaaaaaaaaaaaaaaaaaaaaaaaaaaaaaaaaaaaaaaaaaaaaaaaaaaaaaaaaaaaaaaaaaaaaaaaaaaaaaaaaaaaaaaaaaaaaaaaaaaaaaaaaaaaaaaaaaaaaaaaaaaaaaaaaaaaaaaaaaaaaaaaaaaaaaaaaaaaaaaaaaaaaaaaaaaaaaaaaaaaaaaaaaaaaaaaaaaaaaaaaaaaaaaaaaaaaaaaaaaaaaaaaaaaaaaaaaaaaaaaaaaaaaaaaaaaaaaaaaaaaaaaaaaaaaaaaaaaaaaaaaaaaaaaaaaaaaaaaaaaaaaaaaaaaaaaaaaaaaaaaaaaaaaaaaaaaaaaaaaaaaaaaaaaaaaaaaaaaaaaaaaaaaaaaaaaaaaa'[39m
}
MongoDB connected: [33mtrue[39m
Found user: alice@test.com
Updating user profile: {
  userId: [32m'68fe33ae5105c32ee4ceb9e0'[39m,
  fullName: [90mundefined[39m,
  email: [90mundefined[39m,
  bio: [32m'aaaaaaaaaaaaaaaaaaaaaaaaaaaaaaaaaaaaaaaaaaaaaaaaaaaaaaaaaaaaaaaaaaaaaaaaaaaaaaaaaaaaaaaaaaaaaaaaaaaaaaaaaaaaaaaaaaaaaaaaaaaaaaaaaaaaaaaaaaaaaaaaaaaaaaaaaaaaaaaaaaaaaaaaaaaaaaaaaaaaaaaaaaaaaaaaaaaaaaaaaaaaaaaaaaaaaaaaaaaaaaaaaaaaaaaaaaaaaaaaaaaaaaaaaaaaaaaaaaaaaaaaaaaaaaaaaaaaaaaaaaaaaaaaaaaaaaaaaaaaaaaaaaaaaaaaaaaaaaaaaaaaaaaaaaaaaaaaaaaaaaaaaaaaaaaaaaaaaaaaaaaaaaaaaaaaaaaaaaaaaaaaaaaaaaaaaaaaaaaaaaaaaaaaaaaaaaaaaaaaaaaaaaaaaaaaaaaaaaaaaaaaaaaaaaaaaaaaaaaaaaaaaaaaaaaaaaaaaaaaaaaaaaaaaaaaaaaaaaaaaaaaaaaaaaaaaaaaaaaaaaaaaaaaaaaaaaaaaaaaaaaaaaaaaaaaaaaaaaaaaaaaaaaaaaaaaaaaaaaaaaaaaaaaaaaaaaaaaaaaaaaaaaaaaaaaaaaaaaaaaaaaaaaaaaaaaaaaaaaaaaaaaaaaaaaaaaaaaaaaaaaaaaaaaaaaaaaaaaaaaaaaaaaaaaaaaaaaaaaaaaaaaaaaaaaaaaaaaaaaaaaaaaaaaaaaaaaaaaaaaaaaaaaaaaaaaaaaaaaaaaaaaaaaaaaaaaaaaaaaaaaaaaaaaaaaaaaaaaaaaaaaaaaaaaaaaaaaaaaaaaaaaaaaaaaaaaaaaaaaaaaaaaaaaaaaaaaaaaaaaaaaaaaaaaaaaaaaaaaaaaaaaaaaaaaaaaaaaaaaaaaaaaaaaaaaaaaaaaaaaaaaaaaaaaaaaaaaaaaaaaaaaaaaaaaaaaaaaaaaaaaaaaaaaaaaaaaaaaaaaaaaaaaaaaaaaaaaaaaa'[39m,
  hasAvatar: [33mfalse[39m,
  avatarLength: [33m0[39m
}

 [32mΓ£ף[39m tests/routes/users.test.js[2m > [22mUsers Routes - Unit Tests[2m > [22mIntegration & Edge Cases[2m > [22mshould handle very long bio
 [32mΓ£ף[39m tests/routes/groups.test.js[2m > [22mGroups Routes - Unit Tests[2m > [22mPUT /:id - Update Group[2m > [22mshould return 503 when database is not available
[90mstdout[2m | tests/routes/groupPosts.test.js[2m > [22m[2mGroup Posts Routes - Unit Tests[2m > [22m[2mIntegration & Edge Cases[2m > [22m[2mshould handle complete post lifecycle[22m[39m
=== Group Post Creation Debug ===
Group ID: 68fe33ae0683ef8d867463b6
MongoDB connected: [33mtrue[39m

[90mstdout[2m | tests/routes/groupPosts.test.js[2m > [22m[2mGroup Posts Routes - Unit Tests[2m > [22m[2mIntegration & Edge Cases[2m > [22m[2mshould handle complete post lifecycle[22m[39m
Group post data received: { title: [32m'Lifecycle Post'[39m, userId: [32m'68fe33ae0683ef8d867463b2'[39m }
Membership check: {
  userId: [32m'68fe33ae0683ef8d867463b2'[39m,
  isMember: [33mtrue[39m,
  membersCount: [33m2[39m,
  memberUserIds: [ [32m'68fe33ae0683ef8d867463b0'[39m, [32m'68fe33ae0683ef8d867463b2'[39m ]
}
 Post permission check: {
  allowMemberPosts: [33mtrue[39m,
  hasSettings: [33mtrue[39m,
  settingsAllowMemberPosts: [33mtrue[39m,
  directAllowMemberPosts: [90mundefined[39m
}
 Creating post with approval status: {
  requireApproval: [33mfalse[39m,
  isCreator: [33mfalse[39m,
  isAdmin: [33mfalse[39m,
  autoApprove: [33mtrue[39m,
  finalApprovalStatus: [33mtrue[39m,
  userId: [32m'68fe33ae0683ef8d867463b2'[39m,
  creatorId: [32m'68fe33ae0683ef8d867463b0'[39m
}

[90mstdout[2m | tests/routes/groupPosts.test.js[2m > [22m[2mGroup Posts Routes - Unit Tests[2m > [22m[2mIntegration & Edge Cases[2m > [22m[2mshould handle complete post lifecycle[22m[39m
Group post saved successfully: new ObjectId([32m'68fe33ae0683ef8d867463c4'[39m)

[90mstdout[2m | tests/routes/groupPosts.test.js[2m > [22m[2mGroup Posts Routes - Unit Tests[2m > [22m[2mIntegration & Edge Cases[2m > [22m[2mshould handle complete post lifecycle[22m[39m
Liking group post...

[90mstdout[2m | tests/routes/groupPosts.test.js[2m > [22m[2mGroup Posts Routes - Unit Tests[2m > [22m[2mIntegration & Edge Cases[2m > [22m[2mshould handle complete post lifecycle[22m[39m
Notification created: like for user: 68fe33ae0683ef8d867463b2
Group post like notification created
Group post liked successfully

[90mstdout[2m | tests/routes/groupPosts.test.js[2m > [22m[2mGroup Posts Routes - Unit Tests[2m > [22m[2mIntegration & Edge Cases[2m > [22m[2mshould handle complete post lifecycle[22m[39m
Adding comment to group post...

[90mstdout[2m | tests/routes/groupPosts.test.js[2m > [22m[2mGroup Posts Routes - Unit Tests[2m > [22m[2mIntegration & Edge Cases[2m > [22m[2mshould handle complete post lifecycle[22m[39m
Notification created: comment for user: 68fe33ae0683ef8d867463b2
Group post comment notification created
Comment added to group post successfully

[90mstdout[2m | tests/routes/groupPosts.test.js[2m > [22m[2mGroup Posts Routes - Unit Tests[2m > [22m[2mIntegration & Edge Cases[2m > [22m[2mshould handle complete post lifecycle[22m[39m
Deleting comment from group post...

[90mstdout[2m | tests/routes/groupPosts.test.js[2m > [22m[2mGroup Posts Routes - Unit Tests[2m > [22m[2mIntegration & Edge Cases[2m > [22m[2mshould handle complete post lifecycle[22m[39m
Comment deleted from group post successfully

[90mstdout[2m | tests/routes/groupPosts.test.js[2m > [22m[2mGroup Posts Routes - Unit Tests[2m > [22m[2mIntegration & Edge Cases[2m > [22m[2mshould handle complete post lifecycle[22m[39m
Unliking group post...

[90mstdout[2m | tests/routes/groupPosts.test.js[2m > [22m[2mGroup Posts Routes - Unit Tests[2m > [22m[2mIntegration & Edge Cases[2m > [22m[2mshould handle complete post lifecycle[22m[39m
Group post unliked successfully

[90mstdout[2m | tests/routes/users.test.js[2m > [22m[2mUsers Routes - Unit Tests[2m > [22m[2mIntegration & Edge Cases[2m > [22m[2mshould handle special characters in name[22m[39m
=== Profile Update Debug ===
Request body: {
  userId: [32m'68fe33ae5105c32ee4ceb9e9'[39m,
  fullName: [32m`σ╝áΣ╝ƒ O'Brien-Smith <script>alert("xss")</script>`[39m
}
MongoDB connected: [33mtrue[39m
Found user: alice@test.com
Updating user profile: {
  userId: [32m'68fe33ae5105c32ee4ceb9e9'[39m,
  fullName: [32m`σ╝áΣ╝ƒ O'Brien-Smith <script>alert("xss")</script>`[39m,
  email: [90mundefined[39m,
  bio: [90mundefined[39m,
  hasAvatar: [33mfalse[39m,
  avatarLength: [33m0[39m
}

[90mstdout[2m | tests/routes/users.test.js[2m > [22m[2mUsers Routes - Unit Tests[2m > [22m[2mIntegration & Edge Cases[2m > [22m[2mshould handle special characters in name[22m[39m
Profile updated successfully

 [32mΓ£ף[39m tests/routes/groupPosts.test.js[2m > [22mGroup Posts Routes - Unit Tests[2m > [22mIntegration & Edge Cases[2m > [22mshould handle complete post lifecycle[33m 325[2mms[22m[39m
[90mstdout[2m | tests/routes/groups.test.js[2m > [22m[2mGroups Routes - Unit Tests[2m > [22m[2mPUT /:id - Update Group[2m > [22m[2mshould return 500 on database error[22m[39m
Updating group: 68fe33ae985631f2a0889db8
Updated by: 68fe33ae985631f2a0889db2
Request body: { name: [32m'Updated'[39m, updatedBy: [32m'68fe33ae985631f2a0889db2'[39m }

[90mstderr[2m | tests/routes/groups.test.js[2m > [22m[2mGroups 
Routes - Unit Tests[2m > [22m[2mPUT /:id - Update Group[2m > 
[22m[2mshould return 500 on database error[22m[39m
Update group error: Error: DB Error
    at [90mC:\Users\lirhe\Documents\FlavorWorldWebsite\server\[39mte
sts\routes\groups.test.js:1192:53
    at [90mfile:///C:/Users/lirhe/Documents/FlavorWorldWebsite/server
/[39mnode_modules/[4m@vitest[24m/runner/dist/index.js:135:14
    at [90mfile:///C:/Users/lirhe/Documents/FlavorWorldWebsite/server
/[39mnode_modules/[4m@vitest[24m/runner/dist/index.js:60:26
    at runTest [90m(file:///C:/Users/lirhe/Documents/FlavorWorldWebsi
te/server/[39mnode_modules/[4m@vitest[24m/runner/dist/index.js:781:
17[90m)[39m
[90m    at processTicksAndRejections 
(node:internal/process/task_queues:105:5)[39m
    at runSuite [90m(file:///C:/Users/lirhe/Documents/FlavorWorldWebs
ite/server/[39mnode_modules/[4m@vitest[24m/runner/dist/index.js:909
:15[90m)[39m
    at runSuite [90m(file:///C:/Users/lirhe/Documents/FlavorWorldWebs
ite/server/[39mnode_modules/[4m@vitest[24m/runner/dist/index.js:909
:15[90m)[39m
    at runSuite [90m(file:///C:/Users/lirhe/Documents/FlavorWorldWebs
ite/server/[39mnode_modules/[4m@vitest[24m/runner/dist/index.js:909
:15[90m)[39m
    at runFiles [90m(file:///C:/Users/lirhe/Documents/FlavorWorldWebs
ite/server/[39mnode_modules/[4m@vitest[24m/runner/dist/index.js:958
:5[90m)[39m
    at startTests [90m(file:///C:/Users/lirhe/Documents/FlavorWorldWe
bsite/server/[39mnode_modules/[4m@vitest[24m/runner/dist/index.js:9
67:3[90m)[39m

 [32mΓ£ף[39m tests/routes/groupChats.test.js[2m > [22mGroup Chats Routes - Unit Tests[2m > [22mDELETE /:chatId/participants/:userId - Remove Participant[2m > [22mshould return 500 on database error[33m 345[2mms[22m[39m
 [32mΓ£ף[39m tests/routes/users.test.js[2m > [22mUsers Routes - Unit Tests[2m > [22mIntegration & Edge Cases[2m > [22mshould handle special characters in name
[90mstdout[2m | tests/routes/chats.test.js[2m > [22m[2mChats Routes - Unit Tests[2m > [22m[2mPerformance Considerations[2m > [22m[2mshould handle user with many chats[22m[39m
Fetching chats for user: 68fe33adbe48e2507c1a6874

[90mstdout[2m | tests/routes/chats.test.js[2m > [22m[2mChats Routes - Unit Tests[2m > [22m[2mPerformance Considerations[2m > [22m[2mshould handle user with many chats[22m[39m
Found 21 chats for user

 [32mΓ£ף[39m tests/routes/groups.test.js[2m > [22mGroups Routes - Unit Tests[2m > [22mPUT /:id - Update Group[2m > [22mshould return 500 on database error
 [32mΓ£ף[39m tests/routes/chats.test.js[2m > [22mChats Routes - Unit Tests[2m > [22mPerformance Considerations[2m > [22mshould handle user with many chats[33m 2001[2mms[22m[39m
[90mstdout[2m | tests/routes/chats.test.js[22m[39m
Test DB disconnected

[90mstdout[2m | tests/routes/groupPosts.test.js[2m > [22m[2mGroup Posts Routes - Unit Tests[2m > [22m[2mIntegration & Edge Cases[2m > [22m[2mshould handle approval flow for private group[22m[39m
=== Group Post Creation Debug ===
Group ID: 68fe33af0683ef8d86746404
MongoDB connected: [33mtrue[39m

[90mstdout[2m | tests/routes/groupPosts.test.js[2m > [22m[2mGroup Posts Routes - Unit Tests[2m > [22m[2mIntegration & Edge Cases[2m > [22m[2mshould handle approval flow for private group[22m[39m
Group post data received: { title: [32m'Pending Post'[39m, userId: [32m'68fe33af0683ef8d867463fe'[39m }
Membership check: {
  userId: [32m'68fe33af0683ef8d867463fe'[39m,
  isMember: [33mtrue[39m,
  membersCount: [33m2[39m,
  memberUserIds: [ [32m'68fe33ae0683ef8d867463fc'[39m, [32m'68fe33af0683ef8d867463fe'[39m ]
}
 Post permission check: {
  allowMemberPosts: [33mtrue[39m,
  hasSettings: [33mtrue[39m,
  settingsAllowMemberPosts: [33mtrue[39m,
  directAllowMemberPosts: [90mundefined[39m
}
 Creating post with approval status: {
  requireApproval: [33mtrue[39m,
  isCreator: [33mfalse[39m,
  isAdmin: [33mfalse[39m,
  autoApprove: [33mfalse[39m,
  finalApprovalStatus: [33mfalse[39m,
  userId: [32m'68fe33af0683ef8d867463fe'[39m,
  creatorId: [32m'68fe33ae0683ef8d867463fc'[39m
}

[90mstdout[2m | tests/routes/groupPosts.test.js[2m > [22m[2mGroup Posts Routes - Unit Tests[2m > [22m[2mIntegration & Edge Cases[2m > [22m[2mshould handle approval flow for private group[22m[39m
Group post saved successfully: new ObjectId([32m'68fe33af0683ef8d86746410'[39m)

[90mstdout[2m | tests/routes/groupPosts.test.js[2m > [22m[2mGroup Posts Routes - Unit Tests[2m > [22m[2mIntegration & Edge Cases[2m > [22m[2mshould handle approval flow for private group[22m[39m
GET group posts request: {
  groupId: [32m'68fe33af0683ef8d86746404'[39m,
  userId: [32m'68fe33af0683ef8d867463fe'[39m
}

[90mstdout[2m | tests/routes/groupPosts.test.js[2m > [22m[2mGroup Posts Routes - Unit Tests[2m > [22m[2mIntegration & Edge Cases[2m > [22m[2mshould handle approval flow for private group[22m[39m
Group found: { name: [32m'Private Baking Group'[39m, isPrivate: [33mtrue[39m, membersCount: [33m2[39m }
User permissions: {
  userId: [32m'68fe33af0683ef8d867463fe'[39m,
  isMember: [33mtrue[39m,
  isAdmin: [33mfalse[39m,
  isCreator: [33mfalse[39m,
  isPrivate: [33mtrue[39m
}
Member - showing approved posts + own pending posts
Posts query result: {
  totalPosts: [33m1[39m,
  query: {
    groupId: [32m'68fe33af0683ef8d86746404'[39m,
    [32m'$or'[39m: [ [36m[Object][39m, [36m[Object][39m ]
  },
  groupId: [32m'68fe33af0683ef8d86746404'[39m
}
Returning 1 posts for group Private Baking Group

[90mstdout[2m | tests/routes/groupPosts.test.js[2m > [22m[2mGroup Posts Routes - Unit Tests[2m > [22m[2mIntegration & Edge Cases[2m > [22m[2mshould handle approval flow for private group[22m[39m
GET group posts request: {
  groupId: [32m'68fe33af0683ef8d86746404'[39m,
  userId: [32m'68fe33ae0683ef8d867463fc'[39m
}

[90mstdout[2m | tests/routes/groupPosts.test.js[2m > [22m[2mGroup Posts Routes - Unit Tests[2m > [22m[2mIntegration & Edge Cases[2m > [22m[2mshould handle approval flow for private group[22m[39m
Group found: { name: [32m'Private Baking Group'[39m, isPrivate: [33mtrue[39m, membersCount: [33m2[39m }
User permissions: {
  userId: [32m'68fe33ae0683ef8d867463fc'[39m,
  isMember: [33mtrue[39m,
  isAdmin: [33mtrue[39m,
  isCreator: [33mtrue[39m,
  isPrivate: [33mtrue[39m
}
Admin/Creator - showing all posts

[90mstdout[2m | tests/routes/groupPosts.test.js[2m > [22m[2mGroup Posts Routes - Unit Tests[2m > [22m[2mIntegration & Edge Cases[2m > [22m[2mshould handle approval flow for private group[22m[39m
Posts query result: {
  totalPosts: [33m1[39m,
  query: { groupId: [32m'68fe33af0683ef8d86746404'[39m },
  groupId: [32m'68fe33af0683ef8d86746404'[39m
}

[90mstdout[2m | tests/routes/groupPosts.test.js[2m > [22m[2mGroup Posts Routes - Unit Tests[2m > [22m[2mIntegration & Edge Cases[2m > [22m[2mshould handle approval flow for private group[22m[39m
Returning 1 posts for group Private Baking Group

[90mstdout[2m | tests/routes/users.test.js[2m > [22m[2mUsers Routes - Unit Tests[2m > [22m[2mIntegration & Edge Cases[2m > [22m[2mshould handle concurrent follows from multiple users[22m[39m
Following user...
Following user...

[90mstdout[2m | tests/routes/users.test.js[2m > [22m[2mUsers Routes - Unit Tests[2m > [22m[2mIntegration & Edge Cases[2m > [22m[2mshould handle concurrent follows from multiple users[22m[39m
Notification created: follow for user: 68fe33ae5105c32ee4ceb9f3
User followed successfully

[90mstdout[2m | tests/routes/users.test.js[2m > [22m[2mUsers Routes - Unit Tests[2m > [22m[2mIntegration & Edge Cases[2m > [22m[2mshould handle concurrent follows from multiple users[22m[39m
Notification created: follow for user: 68fe33ae5105c32ee4ceb9f3
User followed successfully

 [32mΓ£ף[39m tests/routes/groupPosts.test.js[2m > [22mGroup Posts Routes - Unit Tests[2m > [22mIntegration & Edge Cases[2m > [22mshould handle approval flow for private group[33m 305[2mms[22m[39m
[90mstdout[2m | tests/routes/groupChats.test.js[2m > [22m[2mGroup Chats Routes - Unit Tests[2m > [22m[2mDELETE /:chatId/leave - Leave Group Chat[2m > [22m[2mshould leave group chat successfully[22m[39m
User Bob Smith left group chat

 [32mΓ£ף[39m tests/routes/users.test.js[2m > [22mUsers Routes - Unit Tests[2m > [22mIntegration & Edge Cases[2m > [22mshould handle concurrent follows from multiple users
 [32mΓ£ף[39m tests/routes/groups.test.js[2m > [22mGroups Routes - Unit Tests[2m > [22mDELETE /:id - Delete Group[2m > [22mshould delete group successfully
 [32mΓ£ף[39m tests/routes/groupChats.test.js[2m > [22mGroup Chats Routes - Unit Tests[2m > [22mDELETE /:chatId/leave - Leave Group Chat[2m > [22mshould leave group chat successfully[33m 370[2mms[22m[39m
[90mstdout[2m | tests/routes/groupPosts.test.js[2m > [22m[2mGroup Posts Routes - Unit Tests[2m > [22m[2mIntegration & Edge Cases[2m > [22m[2mshould handle multiple likes and comments[22m[39m
Liking group post...

[90mstdout[2m | tests/routes/groupPosts.test.js[2m > [22m[2mGroup Posts Routes - Unit Tests[2m > [22m[2mIntegration & Edge Cases[2m > [22m[2mshould handle multiple likes and comments[22m[39m
Group post liked successfully

[90mstdout[2m | tests/routes/groupPosts.test.js[2m > [22m[2mGroup Posts Routes - Unit Tests[2m > [22m[2mIntegration & Edge Cases[2m > [22m[2mshould handle multiple likes and comments[22m[39m
Liking group post...

[90mstdout[2m | tests/routes/groupPosts.test.js[2m > [22m[2mGroup Posts Routes - Unit Tests[2m > [22m[2mIntegration & Edge Cases[2m > [22m[2mshould handle multiple likes and comments[22m[39m
Notification created: like for user: 68fe33af0683ef8d86746421
Group post like notification created
Group post liked successfully

[90mstdout[2m | tests/routes/groupPosts.test.js[2m > [22m[2mGroup Posts Routes - Unit Tests[2m > [22m[2mIntegration & Edge Cases[2m > [22m[2mshould handle multiple likes and comments[22m[39m
Adding comment to group post...

[90mstdout[2m | tests/routes/groupPosts.test.js[2m > [22m[2mGroup Posts Routes - Unit Tests[2m > [22m[2mIntegration & Edge Cases[2m > [22m[2mshould handle multiple likes and comments[22m[39m
Comment added to group post successfully

[90mstdout[2m | tests/routes/groupPosts.test.js[2m > [22m[2mGroup Posts Routes - Unit Tests[2m > [22m[2mIntegration & Edge Cases[2m > [22m[2mshould handle multiple likes and comments[22m[39m
Adding comment to group post...

[90mstdout[2m | tests/routes/groupPosts.test.js[2m > [22m[2mGroup Posts Routes - Unit Tests[2m > [22m[2mIntegration & Edge Cases[2m > [22m[2mshould handle multiple likes and comments[22m[39m
Notification created: comment for user: 68fe33af0683ef8d86746421
Group post comment notification created
Comment added to group post successfully

[90mstdout[2m | tests/routes/users.test.js[2m > [22m[2mUsers Routes - Unit Tests[2m > [22m[2mIntegration & Edge Cases[2m > [22m[2mshould maintain data integrity when user not found in follow[22m[39m
Following user...

 [32mΓ£ף[39m tests/routes/groupPosts.test.js[2m > [22mGroup Posts Routes - Unit Tests[2m > [22mIntegration & Edge Cases[2m > [22mshould handle multiple likes and comments[33m 330[2mms[22m[39m
 [32mΓ£ף[39m tests/routes/users.test.js[2m > [22mUsers Routes - Unit Tests[2m > [22mIntegration & Edge Cases[2m > [22mshould maintain data integrity when user not found in follow
 [32mΓ£ף[39m tests/routes/groups.test.js[2m > [22mGroups Routes - Unit Tests[2m > [22mDELETE /:id - Delete Group[2m > [22mshould delete all group posts
[90mstdout[2m | tests/routes/groupChats.test.js[2m > [22m[2mGroup Chats Routes - Unit Tests[2m > [22m[2mDELETE /:chatId/leave - Leave Group Chat[2m > [22m[2mshould create system message[22m[39m
User Bob Smith left group chat

 [32mΓ£ף[39m tests/routes/groupChats.test.js[2m > [22mGroup Chats Routes - Unit Tests[2m > [22mDELETE /:chatId/leave - Leave Group Chat[2m > [22mshould create system message[33m 352[2mms[22m[39m
[90mstdout[2m | tests/routes/users.test.js[2m > [22m[2mUsers Routes - Unit Tests[2m > [22m[2mIntegration & Edge Cases[2m > [22m[2mshould handle searching with special regex characters[22m[39m
Searching users with query: Alice.*+?[]{}()

[90mstdout[2m | tests/routes/groupPosts.test.js[2m > [22m[2mGroup Posts Routes - Unit Tests[2m > [22m[2mIntegration & Edge Cases[2m > [22m[2mshould handle very long comment text[22m[39m
Adding comment to group post...

[90mstdout[2m | tests/routes/groupPosts.test.js[2m > [22m[2mGroup Posts Routes - Unit Tests[2m > [22m[2mIntegration & Edge Cases[2m > [22m[2mshould handle very long comment text[22m[39m
Notification created: comment for user: 68fe33af0683ef8d8674645d
Group post comment notification created
Comment added to group post successfully

 [32mΓ£ף[39m tests/routes/users.test.js[2m > [22mUsers Routes - Unit Tests[2m > [22mIntegration & Edge Cases[2m > [22mshould handle searching with special regex characters
 [32mΓ£ף[39m tests/routes/groupPosts.test.js[2m > [22mGroup Posts Routes - Unit Tests[2m > [22mIntegration & Edge Cases[2m > [22mshould handle very long comment text
 [32mΓ£ף[39m tests/routes/groups.test.js[2m > [22mGroups Routes - Unit Tests[2m > [22mDELETE /:id - Delete Group[2m > [22mshould return 403 when not creator
[90mstdout[2m | tests/routes/groupChats.test.js[2m > [22m[2mGroup Chats Routes - Unit Tests[2m > [22m[2mDELETE /:chatId/leave - Leave Group Chat[2m > [22m[2mshould transfer admin when admin leaves[22m[39m
Admin left, new admin is: Charlie Brown

[90mstdout[2m | tests/routes/groupChats.test.js[2m > [22m[2mGroup Chats Routes - Unit Tests[2m > [22m[2mDELETE /:chatId/leave - Leave Group Chat[2m > [22m[2mshould transfer admin when admin leaves[22m[39m
User Alice Johnson left group chat

[90mstdout[2m | tests/routes/users.test.js[2m > [22m[2mUsers Routes - Unit Tests[2m > [22m[2mIntegration & Edge Cases[2m > [22m[2mshould not expose sensitive data in search results[22m[39m
Searching users with query: Alice

[90mstdout[2m | tests/routes/users.test.js[2m > [22m[2mUsers Routes - Unit Tests[2m > [22m[2mIntegration & Edge Cases[2m > [22m[2mshould not expose sensitive data in search results[22m[39m
Found 1 users

[90mstdout[2m | tests/routes/groupPosts.test.js[2m > [22m[2mGroup Posts Routes - Unit Tests[2m > [22m[2mIntegration & Edge Cases[2m > [22m[2mshould handle special characters in post title[22m[39m
=== Group Post Creation Debug ===
Group ID: 68fe33b00683ef8d86746482
MongoDB connected: [33mtrue[39m
Group post data received: {
  title: [32m'Recipe with ├⌐mojis ≡ƒםץ≡ƒם░ & sp├½cial ├ºhars!'[39m,
  userId: [32m'68fe33af0683ef8d8674647e'[39m
}
Membership check: {
  userId: [32m'68fe33af0683ef8d8674647e'[39m,
  isMember: [33mtrue[39m,
  membersCount: [33m2[39m,
  memberUserIds: [ [32m'68fe33af0683ef8d8674647c'[39m, [32m'68fe33af0683ef8d8674647e'[39m ]
}
 Post permission check: {
  allowMemberPosts: [33mtrue[39m,
  hasSettings: [33mtrue[39m,
  settingsAllowMemberPosts: [33mtrue[39m,
  directAllowMemberPosts: [90mundefined[39m
}
 Creating post with approval status: {
  requireApproval: [33mfalse[39m,
  isCreator: [33mfalse[39m,
  isAdmin: [33mfalse[39m,
  autoApprove: [33mtrue[39m,
  finalApprovalStatus: [33mtrue[39m,
  userId: [32m'68fe33af0683ef8d8674647e'[39m,
  creatorId: [32m'68fe33af0683ef8d8674647c'[39m
}

[90mstdout[2m | tests/routes/groupPosts.test.js[2m > [22m[2mGroup Posts Routes - Unit Tests[2m > [22m[2mIntegration & Edge Cases[2m > [22m[2mshould handle special characters in post title[22m[39m
Group post saved successfully: new ObjectId([32m'68fe33b00683ef8d86746490'[39m)

 [32mΓ£ף[39m tests/routes/groupChats.test.js[2m > [22mGroup Chats Routes - Unit Tests[2m > [22mDELETE /:chatId/leave - Leave Group Chat[2m > [22mshould transfer admin when admin leaves[33m 357[2mms[22m[39m
 [32mΓ£ף[39m tests/routes/users.test.js[2m > [22mUsers Routes - Unit Tests[2m > [22mIntegration & Edge Cases[2m > [22mshould not expose sensitive data in search results
 [32mΓ£ף[39m tests/routes/groupPosts.test.js[2m > [22mGroup Posts Routes - Unit Tests[2m > [22mIntegration & Edge Cases[2m > [22mshould handle special characters in post title
 [32mΓ£ף[39m tests/routes/groups.test.js[2m > [22mGroups Routes - Unit Tests[2m > [22mDELETE /:id - Delete Group[2m > [22mshould return 404 when group not found
[90mstdout[2m | tests/routes/users.test.js[2m > [22m[2mUsers Routes - Unit Tests[2m > [22m[2mIntegration & Edge Cases[2m > [22m[2mshould handle temp-user-id in search[22m[39m
Searching users with query: Alice

 [32mΓ£ף[39m tests/routes/users.test.js[2m > [22mUsers Routes - Unit Tests[2m > [22mIntegration & Edge Cases[2m > [22mshould handle temp-user-id in search
[90mstdout[2m | tests/routes/groupPosts.test.js[2m > [22m[2mGroup Posts Routes - Unit Tests[2m > [22m[2mIntegration & Edge Cases[2m > [22m[2mshould maintain data consistency during operations[22m[39m
Liking group post...

[90mstdout[2m | tests/routes/groupPosts.test.js[2m > [22m[2mGroup Posts Routes - Unit Tests[2m > [22m[2mIntegration & Edge Cases[2m > [22m[2mshould maintain data consistency during operations[22m[39m
Notification created: like for user: 68fe33b00683ef8d86746497
Group post like notification created
Group post liked successfully

[90mstdout[2m | tests/routes/groupPosts.test.js[2m > [22m[2mGroup Posts Routes - Unit Tests[2m > [22m[2mIntegration & Edge Cases[2m > [22m[2mshould maintain data consistency during operations[22m[39m
Adding comment to group post...

[90mstdout[2m | tests/routes/groupPosts.test.js[2m > [22m[2mGroup Posts Routes - Unit Tests[2m > [22m[2mIntegration & Edge Cases[2m > [22m[2mshould maintain data consistency during operations[22m[39m
Notification created: comment for user: 68fe33b00683ef8d86746497
Group post comment notification created
Comment added to group post successfully

[90mstdout[2m | tests/routes/users.test.js[22m[39m
Test DB disconnected

[90mstdout[2m | tests/routes/groupChats.test.js[2m > [22m[2mGroup Chats Routes - Unit Tests[2m > [22m[2mDELETE /:chatId/leave - Leave Group Chat[2m > [22m[2mshould create admin change message[22m[39m
Admin left, new admin is: Bob Smith

[90mstdout[2m | tests/routes/groupChats.test.js[2m > [22m[2mGroup Chats Routes - Unit Tests[2m > [22m[2mDELETE /:chatId/leave - Leave Group Chat[2m > [22m[2mshould create admin change message[22m[39m
User Alice Johnson left group chat

 [32mΓ£ף[39m tests/routes/groupPosts.test.js[2m > [22mGroup Posts Routes - Unit Tests[2m > [22mIntegration & Edge Cases[2m > [22mshould maintain data consistency during operations
 [32mΓ£ף[39m tests/routes/groups.test.js[2m > [22mGroups Routes - Unit Tests[2m > [22mDELETE /:id - Delete Group[2m > [22mshould return 503 when database is not available
 [32mΓ£ף[39m tests/routes/groupChats.test.js[2m > [22mGroup Chats Routes - Unit Tests[2m > [22mDELETE /:chatId/leave - Leave Group Chat[2m > [22mshould create admin change message[33m 336[2mms[22m[39m
[90mstdout[2m | tests/routes/groupPosts.test.js[2m > [22m[2mGroup Posts Routes - Unit Tests[2m > [22m[2mIntegration & Edge Cases[2m > [22m[2mshould handle concurrent likes[22m[39m
Liking group post...
Liking group post...

[90mstdout[2m | tests/routes/groupPosts.test.js[2m > [22m[2mGroup Posts Routes - Unit Tests[2m > [22m[2mIntegration & Edge Cases[2m > [22m[2mshould handle concurrent likes[22m[39m
Group post liked successfully

[90mstdout[2m | tests/routes/groupPosts.test.js[2m > [22m[2mGroup Posts Routes - Unit Tests[2m > [22m[2mIntegration & Edge Cases[2m > [22m[2mshould handle concurrent likes[22m[39m
Notification created: like for user: 68fe33b00683ef8d867464c2
Group post like notification created
Group post liked successfully

 [32mΓ£ף[39m tests/routes/groups.test.js[2m > [22mGroups Routes - Unit Tests[2m > [22mDELETE /:id - Delete Group[2m > [22mshould return 500 on database error
 [32mΓ£ף[39m tests/routes/groupPosts.test.js[2m > [22mGroup Posts Routes - Unit Tests[2m > [22mIntegration & Edge Cases[2m > [22mshould handle concurrent likes
[90mstdout[2m | tests/routes/groupChats.test.js[2m > [22m[2mGroup Chats Routes - Unit Tests[2m > [22m[2mDELETE /:chatId/leave - Leave Group Chat[2m > [22m[2mshould delete chat when last participant leaves[22m[39m
Removed participant Bob Smith from group chat

[90mstdout[2m | tests/routes/groupChats.test.js[2m > [22m[2mGroup Chats Routes - Unit Tests[2m > [22m[2mDELETE /:chatId/leave - Leave Group Chat[2m > [22m[2mshould delete chat when last participant leaves[22m[39m
Removed participant Charlie Brown from group chat

[90mstdout[2m | tests/routes/groupChats.test.js[2m > [22m[2mGroup Chats Routes - Unit Tests[2m > [22m[2mDELETE /:chatId/leave - Leave Group Chat[2m > [22m[2mshould delete chat when last participant leaves[22m[39m
Group chat deleted - no participants left

 [32mΓ£ף[39m tests/routes/groupChats.test.js[2m > [22mGroup Chats Routes - Unit Tests[2m > [22mDELETE /:chatId/leave - Leave Group Chat[2m > [22mshould delete chat when last participant leaves[33m 339[2mms[22m[39m
[90mstdout[2m | tests/routes/groups.test.js[2m > [22m[2mGroups Routes - Unit Tests[2m > [22m[2mGET /:groupId/members - Get Members[2m > [22m[2mshould get all members with details[22m[39m
Fetching group with full member details

[90mstdout[2m | tests/routes/groups.test.js[2m > [22m[2mGroups Routes - Unit Tests[2m > [22m[2mGET /:groupId/members - Get Members[2m > [22m[2mshould get all members with details[22m[39m
Group with enriched members fetched successfully

[90mstdout[2m | tests/routes/groupPosts.test.js[2m > [22m[2mGroup Posts Routes - Unit Tests[2m > [22m[2mIntegration & Edge Cases[2m > [22m[2mshould handle post without optional fields[22m[39m
=== Group Post Creation Debug ===
Group ID: 68fe33b00683ef8d867464ec
MongoDB connected: [33mtrue[39m
Group post data received: { title: [32m'Minimal Post'[39m, userId: [32m'68fe33b00683ef8d867464e8'[39m }
Membership check: {
  userId: [32m'68fe33b00683ef8d867464e8'[39m,
  isMember: [33mtrue[39m,
  membersCount: [33m2[39m,
  memberUserIds: [ [32m'68fe33b00683ef8d867464e6'[39m, [32m'68fe33b00683ef8d867464e8'[39m ]
}
 Post permission check: {
  allowMemberPosts: [33mtrue[39m,
  hasSettings: [33mtrue[39m,
  settingsAllowMemberPosts: [33mtrue[39m,
  directAllowMemberPosts: [90mundefined[39m
}
 Creating post with approval status: {
  requireApproval: [33mfalse[39m,
  isCreator: [33mfalse[39m,
  isAdmin: [33mfalse[39m,
  autoApprove: [33mtrue[39m,
  finalApprovalStatus: [33mtrue[39m,
  userId: [32m'68fe33b00683ef8d867464e8'[39m,
  creatorId: [32m'68fe33b00683ef8d867464e6'[39m
}

[90mstdout[2m | tests/routes/groupPosts.test.js[2m > [22m[2mGroup Posts Routes - Unit Tests[2m > [22m[2mIntegration & Edge Cases[2m > [22m[2mshould handle post without optional fields[22m[39m
Group post saved successfully: new ObjectId([32m'68fe33b00683ef8d867464fa'[39m)

 [32mΓ£ף[39m tests/routes/groupPosts.test.js[2m > [22mGroup Posts Routes - Unit Tests[2m > [22mIntegration & Edge Cases[2m > [22mshould handle post without optional fields
 [32mΓ£ף[39m tests/routes/groups.test.js[2m > [22mGroups Routes - Unit Tests[2m > [22mGET /:groupId/members - Get Members[2m > [22mshould get all members with details
[90mstdout[2m | tests/routes/groupPosts.test.js[22m[39m
Test DB disconnected

[90mstdout[2m | tests/routes/groups.test.js[2m > [22m[2mGroups Routes - Unit Tests[2m > [22m[2mGET /:groupId/members - Get Members[2m > [22m[2mshould enrich members with user data[22m[39m
Fetching group with full member details

[90mstdout[2m | tests/routes/groups.test.js[2m > [22m[2mGroups Routes - Unit Tests[2m > [22m[2mGET /:groupId/members - Get Members[2m > [22m[2mshould enrich members with user data[22m[39m
Group with enriched members fetched successfully

 [32mΓ£ף[39m tests/routes/groupChats.test.js[2m > [22mGroup Chats Routes - Unit Tests[2m > [22mDELETE /:chatId/leave - Leave Group Chat[2m > [22mshould return 404 when user not participant[33m 324[2mms[22m[39m
 [32mΓ£ף[39m tests/routes/groups.test.js[2m > [22mGroups Routes - Unit Tests[2m > [22mGET /:groupId/members - Get Members[2m > [22mshould enrich members with user data
[90mstdout[2m | tests/routes/groups.test.js[2m > [22m[2mGroups Routes - Unit Tests[2m > [22m[2mGET /:groupId/members - Get Members[2m > [22m[2mshould sort members by role[22m[39m
Fetching group with full member details

[90mstdout[2m | tests/routes/groups.test.js[2m > [22m[2mGroups Routes - Unit Tests[2m > [22m[2mGET /:groupId/members - Get Members[2m > [22m[2mshould sort members by role[22m[39m
Group with enriched members fetched successfully

 [32mΓ£ף[39m tests/routes/groups.test.js[2m > [22mGroups Routes - Unit Tests[2m > [22mGET /:groupId/members - Get Members[2m > [22mshould sort members by role
 [32mΓ£ף[39m tests/routes/groupChats.test.js[2m > [22mGroup Chats Routes - Unit Tests[2m > [22mDELETE /:chatId/leave - Leave Group Chat[2m > [22mshould return 404 when chat not found
[90mstdout[2m | tests/routes/groups.test.js[2m > [22m[2mGroups Routes - Unit Tests[2m > [22m[2mGET /:groupId/members - Get Members[2m > [22m[2mshould return 400 for invalid group ID[22m[39m
Fetching group with full member details

 [32mΓ£ף[39m tests/routes/groups.test.js[2m > [22mGroups Routes - Unit Tests[2m > [22mGET /:groupId/members - Get Members[2m > [22mshould return 400 for invalid group ID
 [32mΓ£ף[39m tests/routes/groupChats.test.js[2m > [22mGroup Chats Routes - Unit Tests[2m > [22mDELETE /:chatId/leave - Leave Group Chat[2m > [22mshould return 503 when database is not available
[90mstdout[2m | tests/routes/groups.test.js[2m > [22m[2mGroups Routes - Unit Tests[2m > [22m[2mGET /:groupId/members - Get Members[2m > [22m[2mshould return 404 when group not found[22m[39m
Fetching group with full member details

 [32mΓ£ף[39m tests/routes/groups.test.js[2m > [22mGroups Routes - Unit Tests[2m > [22mGET /:groupId/members - Get Members[2m > [22mshould return 404 when group not found[33m 310[2mms[22m[39m
 [32mΓ£ף[39m tests/routes/groupChats.test.js[2m > [22mGroup Chats Routes - Unit Tests[2m > [22mDELETE /:chatId/leave - Leave Group Chat[2m > [22mshould return 500 on database error[33m 319[2mms[22m[39m
[90mstdout[2m | tests/routes/groups.test.js[2m > [22m[2mGroups Routes - Unit Tests[2m > [22m[2mGET /:groupId/members - Get Members[2m > [22m[2mshould return 503 when database is not available[22m[39m
Fetching group with full member details

 [32mΓ£ף[39m tests/routes/groups.test.js[2m > [22mGroups Routes - Unit Tests[2m > [22mGET /:groupId/members - Get Members[2m > [22mshould return 503 when database is not available
[90mstdout[2m | tests/routes/groupChats.test.js[2m > [22m[2mGroup Chats Routes - Unit Tests[2m > [22m[2mPUT /:chatId - Update Group Chat[2m > [22m[2mshould update name successfully[22m[39m
Updating group chat: 68fe33b2369661bdc7c8ae5a
Requested by: 68fe33b1369661bdc7c8ae4f
Update fields: [ [32m'name'[39m ]

[90mstdout[2m | tests/routes/groupChats.test.js[2m > [22m[2mGroup Chats Routes - Unit Tests[2m > [22m[2mPUT /:chatId - Update Group Chat[2m > [22m[2mshould update name successfully[22m[39m
User permissions: { isAdmin: [33mtrue[39m, participantRole: [32m'admin'[39m }
Name updated: Updated Group Name

[90mstdout[2m | tests/routes/groupChats.test.js[2m > [22m[2mGroup Chats Routes - Unit Tests[2m > [22m[2mPUT /:chatId - Update Group Chat[2m > [22m[2mshould update name successfully[22m[39m
Group chat saved successfully

[90mstdout[2m | tests/routes/groupChats.test.js[2m > [22m[2mGroup Chats Routes - Unit Tests[2m > [22m[2mPUT /:chatId - Update Group Chat[2m > [22m[2mshould update name successfully[22m[39m
System message created
Group chat updated successfully: name changed from "Test Group Chat" to "Updated Group Name"

[90mstdout[2m | tests/routes/groups.test.js[2m > [22m[2mGroups Routes - Unit Tests[2m > [22m[2mGET /:groupId/members - Get Members[2m > [22m[2mshould return 500 on database error[22m[39m
Fetching group with full member details

 [32mΓ£ף[39m tests/routes/groupChats.test.js[2m > [22mGroup Chats Routes - Unit Tests[2m > [22mPUT /:chatId - Update Group Chat[2m > [22mshould update name successfully[33m 302[2mms[22m[39m
 [32mΓ£ף[39m tests/routes/groups.test.js[2m > [22mGroups Routes - Unit Tests[2m > [22mGET /:groupId/members - Get Members[2m > [22mshould return 500 on database error
[90mstdout[2m | tests/routes/groups.test.js[2m > [22m[2mGroups Routes - Unit Tests[2m > [22m[2mPUT /:groupId/members/:memberUserId/role - Change Member Role[2m > [22m[2mshould change member to admin[22m[39m
Updating member role

[90mstdout[2m | tests/routes/groups.test.js[2m > [22m[2mGroups Routes - Unit Tests[2m > [22m[2mPUT /:groupId/members/:memberUserId/role - Change Member Role[2m > [22m[2mshould change member to admin[22m[39m
Member role updated successfully

[90mstdout[2m | tests/routes/groupChats.test.js[2m > [22m[2mGroup Chats Routes - Unit Tests[2m > [22m[2mPUT /:chatId - Update Group Chat[2m > [22m[2mshould update description[22m[39m
Updating group chat: 68fe33b2369661bdc7c8ae78
Requested by: 68fe33b2369661bdc7c8ae6d
Update fields: [ [32m'description'[39m ]
User permissions: { isAdmin: [33mtrue[39m, participantRole: [32m'admin'[39m }
Description updated

[90mstdout[2m | tests/routes/groupChats.test.js[2m > [22m[2mGroup Chats Routes - Unit Tests[2m > [22m[2mPUT /:chatId - Update Group Chat[2m > [22m[2mshould update description[22m[39m
Group chat saved successfully

[90mstdout[2m | tests/routes/groupChats.test.js[2m > [22m[2mGroup Chats Routes - Unit Tests[2m > [22m[2mPUT /:chatId - Update Group Chat[2m > [22m[2mshould update description[22m[39m
System message created
Group chat updated successfully: description updated

 [32mΓ£ף[39m tests/routes/groups.test.js[2m > [22mGroups Routes - Unit Tests[2m > [22mPUT /:groupId/members/:memberUserId/role - Change Member Role[2m > [22mshould change member to admin
 [32mΓ£ף[39m tests/routes/groupChats.test.js[2m > [22mGroup Chats Routes - Unit Tests[2m > [22mPUT /:chatId - Update Group Chat[2m > [22mshould update description
[90mstdout[2m | tests/routes/groups.test.js[2m > [22m[2mGroups Routes - Unit Tests[2m > [22m[2mPUT /:groupId/members/:memberUserId/role - Change Member Role[2m > [22m[2mshould change admin to member[22m[39m
Updating member role

[90mstdout[2m | tests/routes/groups.test.js[2m > [22m[2mGroups Routes - Unit Tests[2m > [22m[2mPUT /:groupId/members/:memberUserId/role - Change Member Role[2m > [22m[2mshould change admin to member[22m[39m
Member role updated successfully

[90mstdout[2m | tests/routes/groupChats.test.js[2m > [22m[2mGroup Chats Routes - Unit Tests[2m > [22m[2mPUT /:chatId - Update Group Chat[2m > [22m[2mshould update image[22m[39m
Updating group chat: 68fe33b2369661bdc7c8ae96
Requested by: 68fe33b2369661bdc7c8ae8b
Update fields: [ [32m'image'[39m ]
User permissions: { isAdmin: [33mtrue[39m, participantRole: [32m'admin'[39m }
Image updated: new image set

[90mstdout[2m | tests/routes/groupChats.test.js[2m > [22m[2mGroup Chats Routes - Unit Tests[2m > [22m[2mPUT /:chatId - Update Group Chat[2m > [22m[2mshould update image[22m[39m
Group chat saved successfully

 [32mΓ£ף[39m tests/routes/groups.test.js[2m > [22mGroups Routes - Unit Tests[2m > [22mPUT /:groupId/members/:memberUserId/role - Change Member Role[2m > [22mshould change admin to member
[90mstdout[2m | tests/routes/groupChats.test.js[2m > [22m[2mGroup Chats Routes - Unit Tests[2m > [22m[2mPUT /:chatId - Update Group Chat[2m > [22m[2mshould update image[22m[39m
System message created
Group chat updated successfully: image updated

 [32mΓ£ף[39m tests/routes/groupChats.test.js[2m > [22mGroup Chats Routes - Unit Tests[2m > [22mPUT /:chatId - Update Group Chat[2m > [22mshould update image
[90mstdout[2m | tests/routes/groups.test.js[2m > [22m[2mGroups Routes - Unit Tests[2m > [22m[2mPUT /:groupId/members/:memberUserId/role - Change Member Role[2m > [22m[2mshould enrich response with user data[22m[39m
Updating member role

[90mstdout[2m | tests/routes/groups.test.js[2m > [22m[2mGroups Routes - Unit Tests[2m > [22m[2mPUT /:groupId/members/:memberUserId/role - Change Member Role[2m > [22m[2mshould enrich response with user data[22m[39m
Member role updated successfully

 [32mΓ£ף[39m tests/routes/groups.test.js[2m > [22mGroups Routes - Unit Tests[2m > [22mPUT /:groupId/members/:memberUserId/role - Change Member Role[2m > [22mshould enrich response with user data
[90mstdout[2m | tests/routes/groupChats.test.js[2m > [22m[2mGroup Chats Routes - Unit Tests[2m > [22m[2mPUT /:chatId - Update Group Chat[2m > [22m[2mshould update settings (admin only)[22m[39m
Updating group chat: 68fe33b3369661bdc7c8aeb4
Requested by: 68fe33b2369661bdc7c8aea9
Update fields: [ [32m'allowNameChange'[39m, [32m'allowMemberInvites'[39m ]

[90mstdout[2m | tests/routes/groupChats.test.js[2m > [22m[2mGroup Chats Routes - Unit Tests[2m > [22m[2mPUT /:chatId - Update Group Chat[2m > [22m[2mshould update settings (admin only)[22m[39m
User permissions: { isAdmin: [33mtrue[39m, participantRole: [32m'admin'[39m }
allowNameChange updated: [33mfalse[39m
allowMemberInvites updated: [33mtrue[39m

[90mstdout[2m | tests/routes/groupChats.test.js[2m > [22m[2mGroup Chats Routes - Unit Tests[2m > [22m[2mPUT /:chatId - Update Group Chat[2m > [22m[2mshould update settings (admin only)[22m[39m
Group chat saved successfully
System message created
Group chat updated successfully: member name editing disabled, member invites enabled

 [32mΓ£ף[39m tests/routes/groupChats.test.js[2m > [22mGroup Chats Routes - Unit Tests[2m > [22mPUT /:chatId - Update Group Chat[2m > [22mshould update settings (admin only)
[90mstdout[2m | tests/routes/groups.test.js[2m > [22m[2mGroups Routes - Unit Tests[2m > [22m[2mPUT /:groupId/members/:memberUserId/role - Change Member Role[2m > [22m[2mshould return 403 when not creator[22m[39m
Updating member role

 [32mΓ£ף[39m tests/routes/groups.test.js[2m > [22mGroups Routes - Unit Tests[2m > [22mPUT /:groupId/members/:memberUserId/role - Change Member Role[2m > [22mshould return 403 when not creator
[90mstdout[2m | tests/routes/groupChats.test.js[2m > [22m[2mGroup Chats Routes - Unit Tests[2m > [22m[2mPUT /:chatId - Update Group Chat[2m > [22m[2mshould create system message[22m[39m
Updating group chat: 68fe33b3369661bdc7c8aed2
Requested by: 68fe33b3369661bdc7c8aec7
Update fields: [ [32m'name'[39m ]
User permissions: { isAdmin: [33mtrue[39m, participantRole: [32m'admin'[39m }
Name updated: New Name
Group chat saved successfully

[90mstdout[2m | tests/routes/groupChats.test.js[2m > [22m[2mGroup Chats Routes - Unit Tests[2m > [22m[2mPUT /:chatId - Update Group Chat[2m > [22m[2mshould create system message[22m[39m
System message created
Group chat updated successfully: name changed from "Test Group Chat" to "New Name"

[90mstdout[2m | tests/routes/groups.test.js[2m > [22m[2mGroups Routes - Unit Tests[2m > [22m[2mPUT /:groupId/members/:memberUserId/role - Change Member Role[2m > [22m[2mshould return 400 for invalid role[22m[39m
Updating member role

 [32mΓ£ף[39m tests/routes/groupChats.test.js[2m > [22mGroup Chats Routes - Unit Tests[2m > [22mPUT /:chatId - Update Group Chat[2m > [22mshould create system message
 [32mΓ£ף[39m tests/routes/groups.test.js[2m > [22mGroups Routes - Unit Tests[2m > [22mPUT /:groupId/members/:memberUserId/role - Change Member Role[2m > [22mshould return 400 for invalid role
[90mstdout[2m | tests/routes/groups.test.js[2m > [22m[2mGroups Routes - Unit Tests[2m > [22m[2mPUT /:groupId/members/:memberUserId/role - Change Member Role[2m > [22m[2mshould not allow changing creator role[22m[39m
Updating member role

[90mstdout[2m | tests/routes/groups.test.js[2m > [22m[2mGroups Routes - Unit Tests[2m > [22m[2mPUT /:groupId/members/:memberUserId/role - Change Member Role[2m > [22m[2mshould not allow changing creator role[22m[39m
Member role updated successfully

[90mstdout[2m | tests/routes/groupChats.test.js[2m > [22m[2mGroup Chats Routes - Unit Tests[2m > [22m[2mPUT /:chatId - Update Group Chat[2m > [22m[2mshould return 400 when member tries to change settings only[22m[39m
Updating group chat: 68fe33b3369661bdc7c8aef4
Requested by: 68fe33b3369661bdc7c8aeeb
Update fields: [ [32m'allowNameChange'[39m ]
User permissions: { isAdmin: [33mfalse[39m, participantRole: [32m'member'[39m }
No changes to apply

 [32mΓ£ף[39m tests/routes/groups.test.js[2m > [22mGroups Routes - Unit Tests[2m > [22mPUT /:groupId/members/:memberUserId/role - Change Member Role[2m > [22mshould not allow changing creator role
 [32mΓ£ף[39m tests/routes/groupChats.test.js[2m > [22mGroup Chats Routes - Unit Tests[2m > [22mPUT /:chatId - Update Group Chat[2m > [22mshould return 400 when member tries to change settings only
[90mstdout[2m | tests/routes/groups.test.js[2m > [22m[2mGroups Routes - Unit Tests[2m > [22m[2mPUT /:groupId/members/:memberUserId/role - Change Member Role[2m > [22m[2mshould return 404 when member not found[22m[39m
Updating member role

[90mstdout[2m | tests/routes/groupChats.test.js[2m > [22m[2mGroup Chats Routes - Unit Tests[2m > [22m[2mPUT /:chatId - Update Group Chat[2m > [22m[2mshould return 400 when no changes provided[22m[39m
Updating group chat: 68fe33b3369661bdc7c8af10
Requested by: 68fe33b3369661bdc7c8af05
Update fields: []

 [32mΓ£ף[39m tests/routes/groups.test.js[2m > [22mGroups Routes - Unit Tests[2m > [22mPUT /:groupId/members/:memberUserId/role - Change Member Role[2m > [22mshould return 404 when member not found
[90mstdout[2m | tests/routes/groupChats.test.js[2m > [22m[2mGroup Chats Routes - Unit Tests[2m > [22m[2mPUT /:chatId - Update Group Chat[2m > [22m[2mshould return 400 when no changes provided[22m[39m
User permissions: { isAdmin: [33mtrue[39m, participantRole: [32m'admin'[39m }
No changes to apply

 [32mΓ£ף[39m tests/routes/groupChats.test.js[2m > [22mGroup Chats Routes - Unit Tests[2m > [22mPUT /:chatId - Update Group Chat[2m > [22mshould return 400 when no changes provided
[90mstdout[2m | tests/routes/groups.test.js[2m > [22m[2mGroups Routes - Unit Tests[2m > [22m[2mPUT /:groupId/members/:memberUserId/role - Change Member Role[2m > [22m[2mshould return 503 when database is not available[22m[39m
Updating member role

 [32mΓ£ף[39m tests/routes/groups.test.js[2m > [22mGroups Routes - Unit Tests[2m > [22mPUT /:groupId/members/:memberUserId/role - Change Member Role[2m > [22mshould return 503 when database is not available
[90mstdout[2m | tests/routes/groupChats.test.js[2m > [22m[2mGroup Chats Routes - Unit Tests[2m > [22m[2mPUT /:chatId - Update Group Chat[2m > [22m[2mshould return 404 when chat not found[22m[39m
Updating group chat: 68fe33b4369661bdc7c8af2d
Requested by: 68fe33b3369661bdc7c8af1d
Update fields: [ [32m'name'[39m ]
Group chat not found

 [32mΓ£ף[39m tests/routes/groupChats.test.js[2m > [22mGroup Chats Routes - Unit Tests[2m > [22mPUT /:chatId - Update Group Chat[2m > [22mshould return 404 when chat not found
[90mstdout[2m | tests/routes/groups.test.js[2m > [22m[2mGroups Routes - Unit Tests[2m > [22m[2mPUT /:groupId/members/:memberUserId/role - Change Member Role[2m > [22m[2mshould return 500 on database error[22m[39m
Updating member role

 [32mΓ£ף[39m tests/routes/groups.test.js[2m > [22mGroups Routes - Unit Tests[2m > [22mPUT /:groupId/members/:memberUserId/role - Change Member Role[2m > [22mshould return 500 on database error
[90mstdout[2m | tests/routes/groupChats.test.js[2m > [22m[2mGroup Chats Routes - Unit Tests[2m > [22m[2mPUT /:chatId - Update Group Chat[2m > [22m[2mshould return 403 when user not participant[22m[39m
Updating group chat: 68fe33b4369661bdc7c8af3e
Requested by: 68fe33b4369661bdc7c8af39
Update fields: [ [32m'name'[39m ]

[90mstdout[2m | tests/routes/groupChats.test.js[2m > [22m[2mGroup Chats Routes - Unit Tests[2m > [22m[2mPUT /:chatId - Update Group Chat[2m > [22m[2mshould return 403 when user not participant[22m[39m
User not authorized - not a participant

[90mstdout[2m | tests/routes/groups.test.js[2m > [22m[2mGroups Routes - Unit Tests[2m > [22m[2mDELETE /:groupId/members/:memberUserId - Remove Member[2m > [22m[2mshould remove member successfully (legacy endpoint)[22m[39m
group.creatorId: 68fe33b4985631f2a0889f83
userId: 68fe33b4985631f2a0889f87
group.members before: [
  {
    userId: [32m'68fe33b4985631f2a0889f83'[39m,
    role: [32m'admin'[39m,
    joinedAt: [35m2025-10-26T14:44:04.451Z[39m,
    _id: new ObjectId([32m'68fe33b4985631f2a0889f8a'[39m)
  },
  {
    userId: [32m'68fe33b4985631f2a0889f87'[39m,
    role: [32m'member'[39m,
    joinedAt: [35m2025-10-26T14:44:04.454Z[39m,
    _id: new ObjectId([32m'68fe33b4985631f2a0889f8f'[39m)
  }
]

 [32mΓ£ף[39m tests/routes/groupChats.test.js[2m > [22mGroup Chats Routes - Unit Tests[2m > [22mPUT /:chatId - Update Group Chat[2m > [22mshould return 403 when user not participant
 [32mΓ£ף[39m tests/routes/groups.test.js[2m > [22mGroups Routes - Unit Tests[2m > [22mDELETE /:groupId/members/:memberUserId - Remove Member[2m > [22mshould remove member successfully (legacy endpoint)
[90mstdout[2m | tests/routes/groups.test.js[2m > [22m[2mGroups Routes - Unit Tests[2m > [22m[2mDELETE /:groupId/members/:memberUserId - Remove Member[2m > [22m[2mshould handle legacy endpoint without adminId[22m[39m
group.creatorId: 68fe33b4985631f2a0889f9a
userId: 68fe33b4985631f2a0889f9e
group.members before: [
  {
    userId: [32m'68fe33b4985631f2a0889f9a'[39m,
    role: [32m'admin'[39m,
    joinedAt: [35m2025-10-26T14:44:04.671Z[39m,
    _id: new ObjectId([32m'68fe33b4985631f2a0889fa1'[39m)
  },
  {
    userId: [32m'68fe33b4985631f2a0889f9e'[39m,
    role: [32m'member'[39m,
    joinedAt: [35m2025-10-26T14:44:04.674Z[39m,
    _id: new ObjectId([32m'68fe33b4985631f2a0889fa6'[39m)
  }
]

 [32mΓ£ף[39m tests/routes/groups.test.js[2m > [22mGroups Routes - Unit Tests[2m > [22mDELETE /:groupId/members/:memberUserId - Remove Member[2m > [22mshould handle legacy endpoint without adminId
 [32mΓ£ף[39m tests/routes/groupChats.test.js[2m > [22mGroup Chats Routes - Unit Tests[2m > [22mPUT /:chatId - Update Group Chat[2m > [22mshould return 503 when database is not available
[90mstdout[2m | tests/routes/groups.test.js[2m > [22m[2mGroups Routes - Unit Tests[2m > [22m[2mDELETE /:groupId/members/:memberUserId - Remove Member[2m > [22m[2mshould allow admin to remove member (legacy)[22m[39m
group.creatorId: 68fe33b4985631f2a0889faf
userId: 68fe33b4985631f2a0889fb3
group.members before: [
  {
    userId: [32m'68fe33b4985631f2a0889faf'[39m,
    role: [32m'admin'[39m,
    joinedAt: [35m2025-10-26T14:44:04.879Z[39m,
    _id: new ObjectId([32m'68fe33b4985631f2a0889fb6'[39m)
  },
  {
    userId: [32m'68fe33b4985631f2a0889fb3'[39m,
    role: [32m'member'[39m,
    joinedAt: [35m2025-10-26T14:44:04.882Z[39m,
    _id: new ObjectId([32m'68fe33b4985631f2a0889fbb'[39m)
  },
  {
    userId: [32m'68fe33b4985631f2a0889fb1'[39m,
    role: [32m'admin'[39m,
    joinedAt: [35m2025-10-26T14:44:04.883Z[39m,
    _id: new ObjectId([32m'68fe33b4985631f2a0889fbd'[39m)
  }
]

 [32mΓ£ף[39m tests/routes/groups.test.js[2m > [22mGroups Routes - Unit Tests[2m > [22mDELETE /:groupId/members/:memberUserId - Remove Member[2m > [22mshould allow admin to remove member (legacy)
[90mstdout[2m | tests/routes/groupChats.test.js[2m > [22m[2mGroup Chats Routes - Unit Tests[2m > [22m[2mPUT /:chatId - Update Group Chat[2m > [22m[2mshould return 500 on database error[22m[39m
Updating group chat: 68fe33b4369661bdc7c8af6a
Requested by: 68fe33b4369661bdc7c8af5f
Update fields: [ [32m'name'[39m ]

 [32mΓ£ף[39m tests/routes/groupChats.test.js[2m > [22mGroup Chats Routes - Unit Tests[2m > [22mPUT /:chatId - Update Group Chat[2m > [22mshould return 500 on database error
[90mstdout[2m | tests/routes/groups.test.js[2m > [22m[2mGroups Routes - Unit Tests[2m > [22m[2mDELETE /:groupId/members/:memberUserId - Remove Member[2m > [22m[2mshould return 400 when creator tries to leave (legacy)[22m[39m
group.creatorId: 68fe33b4985631f2a0889fc7
userId: 68fe33b4985631f2a0889fc7
group.members before: [
  {
    userId: [32m'68fe33b4985631f2a0889fc7'[39m,
    role: [32m'admin'[39m,
    joinedAt: [35m2025-10-26T14:44:05.081Z[39m,
    _id: new ObjectId([32m'68fe33b5985631f2a0889fce'[39m)
  },
  {
    userId: [32m'68fe33b5985631f2a0889fcb'[39m,
    role: [32m'member'[39m,
    joinedAt: [35m2025-10-26T14:44:05.083Z[39m,
    _id: new ObjectId([32m'68fe33b5985631f2a0889fd3'[39m)
  }
]

 [32mΓ£ף[39m tests/routes/groups.test.js[2m > [22mGroups Routes - Unit Tests[2m > [22mDELETE /:groupId/members/:memberUserId - Remove Member[2m > [22mshould return 400 when creator tries to leave (legacy)
[90mstdout[2m | tests/routes/groupChats.test.js[2m > [22m[2mGroup Chats Routes - Unit Tests[2m > [22m[2mPUT /:chatId/read - Mark as Read[2m > [22m[2mshould mark messages as read[22m[39m
Marking group chat messages as read for user 68fe33b4369661bdc7c8af73 in chat 68fe33b5369661bdc7c8af7e

 [32mΓ£ף[39m tests/routes/groupChats.test.js[2m > [22mGroup Chats Routes - Unit Tests[2m > [22mPUT /:chatId/read - Mark as Read[2m > [22mshould mark messages as read
[90mstdout[2m | tests/routes/groups.test.js[2m > [22m[2mGroups Routes - Unit Tests[2m > [22m[2mDELETE /:groupId/members/:memberUserId - Remove Member[2m > [22m[2mshould handle non-existent member (legacy)[22m[39m
group.creatorId: 68fe33b5985631f2a0889fdb
userId: 68fe33b5985631f2a0889fe9
group.members before: [
  {
    userId: [32m'68fe33b5985631f2a0889fdb'[39m,
    role: [32m'admin'[39m,
    joinedAt: [35m2025-10-26T14:44:05.278Z[39m,
    _id: new ObjectId([32m'68fe33b5985631f2a0889fe2'[39m)
  },
  {
    userId: [32m'68fe33b5985631f2a0889fdf'[39m,
    role: [32m'member'[39m,
    joinedAt: [35m2025-10-26T14:44:05.280Z[39m,
    _id: new ObjectId([32m'68fe33b5985631f2a0889fe7'[39m)
  }
]

 [32mΓ£ף[39m tests/routes/groups.test.js[2m > [22mGroups Routes - Unit Tests[2m > [22mDELETE /:groupId/members/:memberUserId - Remove Member[2m > [22mshould handle non-existent member (legacy)
[90mstdout[2m | tests/routes/groupChats.test.js[2m > [22m[2mGroup Chats Routes - Unit Tests[2m > [22m[2mPUT /:chatId/read - Mark as Read[2m > [22m[2mshould reset unread count[22m[39m
Marking group chat messages as read for user 68fe33b5369661bdc7c8af96 in chat 68fe33b5369661bdc7c8afa1

 [32mΓ£ף[39m tests/routes/groupChats.test.js[2m > [22mGroup Chats Routes - Unit Tests[2m > [22mPUT /:chatId/read - Mark as Read[2m > [22mshould reset unread count
 [32mΓ£ף[39m tests/routes/groups.test.js[2m > [22mGroups Routes - Unit Tests[2m > [22mDELETE /:groupId/members/:memberUserId - Remove Member[2m > [22mshould return 503 when database is not available
 [32mΓ£ף[39m tests/routes/groups.test.js[2m > [22mGroups Routes - Unit Tests[2m > [22mDELETE /:groupId/members/:memberUserId - Remove Member[2m > [22mshould return 500 on database error
 [32mΓ£ף[39m tests/routes/groupChats.test.js[2m > [22mGroup Chats Routes - Unit Tests[2m > [22mPUT /:chatId/read - Mark as Read[2m > [22mshould return 400 for invalid chat ID
[90mstdout[2m | tests/routes/groups.test.js[2m > [22m[2mGroups Routes - Unit Tests[2m > [22m[2mIntegration & Edge Cases[2m > [22m[2mshould handle complete group lifecycle[22m[39m
=== Create Group Debug ===
MongoDB connected: [33mtrue[39m
Group data received: { name: [32m'Lifecycle Group'[39m, creatorId: [32m'68fe33b5985631f2a088a014'[39m }
Group created successfully: new ObjectId([32m'68fe33b5985631f2a088a020'[39m)

[90mstdout[2m | tests/routes/groups.test.js[2m > [22m[2mGroups Routes - Unit Tests[2m > [22m[2mIntegration & Edge Cases[2m > [22m[2mshould handle complete group lifecycle[22m[39m
Join group request: 68fe33b5985631f2a088a020

[90mstdout[2m | tests/routes/groups.test.js[2m > [22m[2mGroups Routes - Unit Tests[2m > [22m[2mIntegration & Edge Cases[2m > [22m[2mshould handle complete group lifecycle[22m[39m
Group found: Lifecycle Group

[90mstdout[2m | tests/routes/groups.test.js[2m > [22m[2mGroups Routes - Unit Tests[2m > [22m[2mIntegration & Edge Cases[2m > [22m[2mshould handle complete group lifecycle[22m[39m
User added directly to group (public group)

[90mstdout[2m | tests/routes/groups.test.js[2m > [22m[2mGroups Routes - Unit Tests[2m > [22m[2mIntegration & Edge Cases[2m > [22m[2mshould handle complete group lifecycle[22m[39m
Updating group: 68fe33b5985631f2a088a020
Updated by: 68fe33b5985631f2a088a014
Request body: { allowMemberPosts: [32m'false'[39m, updatedBy: [32m'68fe33b5985631f2a088a014'[39m }
Group found: Lifecycle Group
Permission check: {
  isCreator: [33mtrue[39m,
  isAdmin: [33mtrue[39m,
  creatorId: [32m'68fe33b5985631f2a088a014'[39m,
  updatedBy: [32m'68fe33b5985631f2a088a014'[39m
}
Permission granted
Group updated successfully

[90mstdout[2m | tests/routes/groups.test.js[2m > [22m[2mGroups Routes - Unit Tests[2m > [22m[2mIntegration & Edge Cases[2m > [22m[2mshould handle complete group lifecycle[22m[39m
Updating member role

[90mstdout[2m | tests/routes/groups.test.js[2m > [22m[2mGroups Routes - Unit Tests[2m > [22m[2mIntegration & Edge Cases[2m > [22m[2mshould handle complete group lifecycle[22m[39m
Member role updated successfully

 [32mΓ£ף[39m tests/routes/groups.test.js[2m > [22mGroups Routes - Unit Tests[2m > [22mIntegration & Edge Cases[2m > [22mshould handle complete group lifecycle
 [32mΓ£ף[39m tests/routes/groupChats.test.js[2m > [22mGroup Chats Routes - Unit Tests[2m > [22mPUT /:chatId/read - Mark as Read[2m > [22mshould return 503 when database is not available
[90mstdout[2m | tests/routes/groups.test.js[2m > [22m[2mGroups Routes - Unit Tests[2m > [22m[2mIntegration & Edge Cases[2m > [22m[2mshould handle pending request flow[22m[39m
Join group request: 68fe33b6985631f2a088a044
Group found: Private Baking Group

[90mstdout[2m | tests/routes/groups.test.js[2m > [22m[2mGroups Routes - Unit Tests[2m > [22m[2mIntegration & Edge Cases[2m > [22m[2mshould handle pending request flow[22m[39m
Join request added to pending list

[90mstdout[2m | tests/routes/groups.test.js[2m > [22m[2mGroups Routes - Unit Tests[2m > [22m[2mIntegration & Edge Cases[2m > [22m[2mshould handle pending request flow[22m[39m
Get single group request: 68fe33b6985631f2a088a044
Group found: Private Baking Group

[90mstdout[2m | tests/routes/groups.test.js[2m > [22m[2mGroups Routes - Unit Tests[2m > [22m[2mIntegration & Edge Cases[2m > [22m[2mshould handle pending request flow[22m[39m
Processing pending requests: [33m1[39m
Fetching user details for request: 68fe33b6985631f2a088a03f
Found user for request: Charlie Brown
Pending requests details processed: { totalRequests: [33m1[39m, usersFound: [33m1[39m, unknownUsers: [33m0[39m }
Group enriched successfully: {
  name: [32m'Private Baking Group'[39m,
  membersCount: [33m1[39m,
  postsCount: [33m0[39m,
  pendingRequestsCount: [33m1[39m,
  pendingRequestsWithDetails: [33m1[39m
}

[90mstdout[2m | tests/routes/groups.test.js[2m > [22m[2mGroups Routes - Unit Tests[2m > [22m[2mIntegration & Edge Cases[2m > [22m[2mshould handle pending request flow[22m[39m
Get single group request: 68fe33b6985631f2a088a044

[90mstdout[2m | tests/routes/groups.test.js[2m > [22m[2mGroups Routes - Unit Tests[2m > [22m[2mIntegration & Edge Cases[2m > [22m[2mshould handle pending request flow[22m[39m
Group found: Private Baking Group

[90mstdout[2m | tests/routes/groups.test.js[2m > [22m[2mGroups Routes - Unit Tests[2m > [22m[2mIntegration & Edge Cases[2m > [22m[2mshould handle pending request flow[22m[39m
Processing pending requests: [33m0[39m
Pending requests details processed: { totalRequests: [33m0[39m, usersFound: [33m0[39m, unknownUsers: [33m0[39m }
Group enriched successfully: {
  name: [32m'Private Baking Group'[39m,
  membersCount: [33m2[39m,
  postsCount: [33m0[39m,
  pendingRequestsCount: [33m0[39m,
  pendingRequestsWithDetails: [33m0[39m
}

 [32mΓ£ף[39m tests/routes/groups.test.js[2m > [22mGroups Routes - Unit Tests[2m > [22mIntegration & Edge Cases[2m > [22mshould handle pending request flow
[90mstdout[2m | tests/routes/groupChats.test.js[2m > [22m[2mGroup Chats Routes - Unit Tests[2m > [22m[2mPUT /:chatId/read - Mark as Read[2m > [22m[2mshould return 500 on database error[22m[39m
Marking group chat messages as read for user 68fe33b6369661bdc7c8afec in chat 68fe33b6369661bdc7c8aff7

[90mstdout[2m | tests/routes/groups.test.js[2m > [22m[2mGroups Routes - Unit Tests[2m > [22m[2mIntegration & Edge Cases[2m > [22m[2mshould handle role changes correctly[22m[39m
Updating member role

[90mstdout[2m | tests/routes/groups.test.js[2m > [22m[2mGroups Routes - Unit Tests[2m > [22m[2mIntegration & Edge Cases[2m > [22m[2mshould handle role changes correctly[22m[39m
Member role updated successfully

[90mstdout[2m | tests/routes/groups.test.js[2m > [22m[2mGroups Routes - Unit Tests[2m > [22m[2mIntegration & Edge Cases[2m > [22m[2mshould handle role changes correctly[22m[39m
Updating member role

[90mstdout[2m | tests/routes/groups.test.js[2m > [22m[2mGroups Routes - Unit Tests[2m > [22m[2mIntegration & Edge Cases[2m > [22m[2mshould handle role changes correctly[22m[39m
Member role updated successfully

 [32mΓ£ף[39m tests/routes/groupChats.test.js[2m > [22mGroup Chats Routes - Unit Tests[2m > [22mPUT /:chatId/read - Mark as Read[2m > [22mshould return 500 on database error
 [32mΓ£ף[39m tests/routes/groups.test.js[2m > [22mGroups Routes - Unit Tests[2m > [22mIntegration & Edge Cases[2m > [22mshould handle role changes correctly
[90mstdout[2m | tests/routes/groupChats.test.js[2m > [22m[2mGroup Chats Routes - Unit Tests[2m > [22m[2mIntegration & Edge Cases[2m > [22m[2mshould handle complete flow: create, send, read[22m[39m
=== Creating Group Chat ===
Creating group chat: Flow Test with [33m1[39m participants

[90mstdout[2m | tests/routes/groupChats.test.js[2m > [22m[2mGroup Chats Routes - Unit Tests[2m > [22m[2mIntegration & Edge Cases[2m > [22m[2mshould handle complete flow: create, send, read[22m[39m
Group chat created successfully: new ObjectId([32m'68fe33b6369661bdc7c8b017'[39m)

[90mstdout[2m | tests/routes/groupChats.test.js[2m > [22m[2mGroup Chats Routes - Unit Tests[2m > [22m[2mIntegration & Edge Cases[2m > [22m[2mshould handle complete flow: create, send, read[22m[39m
Sending message to group chat 68fe33b6369661bdc7c8b017 from Alice Johnson

[90mstdout[2m | tests/routes/groupChats.test.js[2m > [22m[2mGroup Chats Routes - Unit Tests[2m > [22m[2mIntegration & Edge Cases[2m > [22m[2mshould handle complete flow: create, send, read[22m[39m
Message sent successfully to group chat: new ObjectId([32m'68fe33b6369661bdc7c8b022'[39m)

[90mstdout[2m | tests/routes/groupChats.test.js[2m > [22m[2mGroup Chats Routes - Unit Tests[2m > [22m[2mIntegration & Edge Cases[2m > [22m[2mshould handle complete flow: create, send, read[22m[39m
Marking group chat messages as read for user 68fe33b6369661bdc7c8b007 in chat 68fe33b6369661bdc7c8b017

[90mstdout[2m | tests/routes/groups.test.js[2m > [22m[2mGroups Routes - Unit Tests[2m > [22m[2mIntegration & Edge Cases[2m > [22m[2mshould handle multiple members joining[22m[39m
Join group request: 68fe33b6985631f2a088a082

 [32mΓ£ף[39m tests/routes/groupChats.test.js[2m > [22mGroup Chats Routes - Unit Tests[2m > [22mIntegration & Edge Cases[2m > [22mshould handle complete flow: create, send, read
[90mstdout[2m | tests/routes/groups.test.js[2m > [22m[2mGroups Routes - Unit Tests[2m > [22m[2mIntegration & Edge Cases[2m > [22m[2mshould handle multiple members joining[22m[39m
Group found: Public Cooking Group
User added directly to group (public group)

[90mstdout[2m | tests/routes/groups.test.js[2m > [22m[2mGroups Routes - Unit Tests[2m > [22m[2mIntegration & Edge Cases[2m > [22m[2mshould handle multiple members joining[22m[39m
Join group request: 68fe33b6985631f2a088a082

[90mstdout[2m | tests/routes/groups.test.js[2m > [22m[2mGroups Routes - Unit Tests[2m > [22m[2mIntegration & Edge Cases[2m > [22m[2mshould handle multiple members joining[22m[39m
Group found: Public Cooking Group

[90mstdout[2m | tests/routes/groups.test.js[2m > [22m[2mGroups Routes - Unit Tests[2m > [22m[2mIntegration & Edge Cases[2m > [22m[2mshould handle multiple members joining[22m[39m
User added directly to group (public group)

[90mstdout[2m | tests/routes/groups.test.js[2m > [22m[2mGroups Routes - Unit Tests[2m > [22m[2mIntegration & Edge Cases[2m > [22m[2mshould handle multiple members joining[22m[39m
Join group request: 68fe33b6985631f2a088a082
Group found: Public Cooking Group

[90mstdout[2m | tests/routes/groups.test.js[2m > [22m[2mGroups Routes - Unit Tests[2m > [22m[2mIntegration & Edge Cases[2m > [22m[2mshould handle multiple members joining[22m[39m
User added directly to group (public group)

[90mstdout[2m | tests/routes/groups.test.js[2m > [22m[2mGroups Routes - Unit Tests[2m > [22m[2mIntegration & Edge Cases[2m > [22m[2mshould handle multiple members joining[22m[39m
Join group request: 68fe33b6985631f2a088a082

[90mstdout[2m | tests/routes/groups.test.js[2m > [22m[2mGroups Routes - Unit Tests[2m > [22m[2mIntegration & Edge Cases[2m > [22m[2mshould handle multiple members joining[22m[39m
Group found: Public Cooking Group

[90mstdout[2m | tests/routes/groupChats.test.js[2m > [22m[2mGroup Chats Routes - Unit Tests[2m > [22m[2mIntegration & Edge Cases[2m > [22m[2mshould handle adding and removing participants[22m[39m
Added 1 participants to group chat

[90mstdout[2m | tests/routes/groupChats.test.js[2m > [22m[2mGroup Chats Routes - Unit Tests[2m > [22m[2mIntegration & Edge Cases[2m > [22m[2mshould handle adding and removing participants[22m[39m
Removed participant Diana Prince from group chat

[90mstdout[2m | tests/routes/groups.test.js[2m > [22m[2mGroups Routes - Unit Tests[2m > [22m[2mIntegration & Edge Cases[2m > [22m[2mshould handle multiple members joining[22m[39m
User added directly to group (public group)

[90mstdout[2m | tests/routes/groups.test.js[2m > [22m[2mGroups Routes - Unit Tests[2m > [22m[2mIntegration & Edge Cases[2m > [22m[2mshould handle multiple members joining[22m[39m
Join group request: 68fe33b6985631f2a088a082
Group found: Public Cooking Group

[90mstdout[2m | tests/routes/groups.test.js[2m > [22m[2mGroups Routes - Unit Tests[2m > [22m[2mIntegration & Edge Cases[2m > [22m[2mshould handle multiple members joining[22m[39m
User added directly to group (public group)

[90mstdout[2m | tests/routes/groups.test.js[2m > [22m[2mGroups Routes - Unit Tests[2m > [22m[2mIntegration & Edge Cases[2m > [22m[2mshould handle multiple members joining[22m[39m
Fetching group with full member details

[90mstdout[2m | tests/routes/groups.test.js[2m > [22m[2mGroups Routes - Unit Tests[2m > [22m[2mIntegration & Edge Cases[2m > [22m[2mshould handle multiple members joining[22m[39m
Group with enriched members fetched successfully

 [32mΓ£ף[39m tests/routes/groupChats.test.js[2m > [22mGroup Chats Routes - Unit Tests[2m > [22mIntegration & Edge Cases[2m > [22mshould handle adding and removing participants
 [32mΓ£ף[39m tests/routes/groups.test.js[2m > [22mGroups Routes - Unit Tests[2m > [22mIntegration & Edge Cases[2m > [22mshould handle multiple members joining[33m 567[2mms[22m[39m
[90mstdout[2m | tests/routes/groups.test.js[2m > [22m[2mGroups Routes - Unit Tests[2m > [22m[2mIntegration & Edge Cases[2m > [22m[2mshould handle special characters in group name[22m[39m
=== Create Group Debug ===
MongoDB connected: [33mtrue[39m
Group data received: {
  name: [32m'Group with ├⌐mojis ≡ƒםץ≡ƒם░ & sp├½cial ├ºhars!'[39m,
  creatorId: [32m'68fe33b6985631f2a088a0c1'[39m
}

[90mstdout[2m | tests/routes/groups.test.js[2m > [22m[2mGroups Routes - Unit Tests[2m > [22m[2mIntegration & Edge Cases[2m > [22m[2mshould handle special characters in group name[22m[39m
Group created successfully: new ObjectId([32m'68fe33b7985631f2a088a0cd'[39m)

[90mstdout[2m | tests/routes/groupChats.test.js[2m > [22m[2mGroup Chats Routes - Unit Tests[2m > [22m[2mIntegration & Edge Cases[2m > [22m[2mshould handle concurrent message sending[22m[39m
Sending message to group chat 68fe33b7369661bdc7c8b076 from Alice Johnson
Sending message to group chat 68fe33b7369661bdc7c8b076 from Alice Johnson

[90mstdout[2m | tests/routes/groupChats.test.js[2m > [22m[2mGroup Chats Routes - Unit Tests[2m > [22m[2mIntegration & Edge Cases[2m > [22m[2mshould handle concurrent message sending[22m[39m
Sending message to group chat 68fe33b7369661bdc7c8b076 from Alice Johnson

[90mstdout[2m | tests/routes/groupChats.test.js[2m > [22m[2mGroup Chats Routes - Unit Tests[2m > [22m[2mIntegration & Edge Cases[2m > [22m[2mshould handle concurrent message sending[22m[39m
Message sent successfully to group chat: new ObjectId([32m'68fe33b7369661bdc7c8b081'[39m)
Message sent successfully to group chat: new ObjectId([32m'68fe33b7369661bdc7c8b087'[39m)
Message sent successfully to group chat: new ObjectId([32m'68fe33b7369661bdc7c8b08d'[39m)

 [32mΓ£ף[39m tests/routes/groups.test.js[2m > [22mGroups Routes - Unit Tests[2m > [22mIntegration & Edge Cases[2m > [22mshould handle special characters in group name
 [32mΓ£ף[39m tests/routes/groupChats.test.js[2m > [22mGroup Chats Routes - Unit Tests[2m > [22mIntegration & Edge Cases[2m > [22mshould handle concurrent message sending
[90mstdout[2m | tests/routes/groups.test.js[2m > [22m[2mGroups Routes - Unit Tests[2m > [22m[2mIntegration & Edge Cases[2m > [22m[2mshould prevent access to private group content[22m[39m
Groups search request: [Object: null prototype] {
  q: [32m'Private'[39m,
  userId: [32m'68fe33b7985631f2a088a0d8'[39m
}
Searching groups with query: "Private"
Search conditions: {
  "$and": [
    {
      "$or": [
        {
          "name": {
            "$regex": "Private",
            "$options": "i"
          }
        },
        {
          "description": {
            "$regex": "Private",
            "$options": "i"
          }
        },
        {
          "category": {
            "$regex": "Private",
            "$options": "i"
          }
        }
      ]
    },
    {
      "$or": [
        {
          "isPrivate": {
            "$ne": true
          }
        },
        {
          "members.userId": "68fe33b7985631f2a088a0d8"
        }
      ]
    }
  ]
}

[90mstdout[2m | tests/routes/groups.test.js[2m > [22m[2mGroups Routes - Unit Tests[2m > [22m[2mIntegration & Edge Cases[2m > [22m[2mshould prevent access to private group content[22m[39m
Found 0 groups matching search
Returning 0 groups for search query: "Private"

 [32mΓ£ף[39m tests/routes/groups.test.js[2m > [22mGroups Routes - Unit Tests[2m > [22mIntegration & Edge Cases[2m > [22mshould prevent access to private group content
[90mstdout[2m | tests/routes/groupChats.test.js[2m > [22m[2mGroup Chats Routes - Unit Tests[2m > [22m[2mIntegration & Edge Cases[2m > [22m[2mshould handle admin transfer on leave[22m[39m
Admin left, new admin is: Bob Smith

[90mstdout[2m | tests/routes/groupChats.test.js[2m > [22m[2mGroup Chats Routes - Unit Tests[2m > [22m[2mIntegration & Edge Cases[2m > [22m[2mshould handle admin transfer on leave[22m[39m
User Alice Johnson left group chat

 [32mΓ£ף[39m tests/routes/groupChats.test.js[2m > [22mGroup Chats Routes - Unit Tests[2m > [22mIntegration & Edge Cases[2m > [22mshould handle admin transfer on leave
[90mstdout[2m | tests/routes/groups.test.js[2m > [22m[2mGroups Routes - Unit Tests[2m > [22m[2mIntegration & Edge Cases[2m > [22m[2mshould handle concurrent join requests[22m[39m
Join group request: 68fe33b7985631f2a088a0ed
Join group request: 68fe33b7985631f2a088a0ed
Join group request: 68fe33b7985631f2a088a0ed
Group found: Private Baking Group
Group found: Private Baking Group

[90mstdout[2m | tests/routes/groups.test.js[2m > [22m[2mGroups Routes - Unit Tests[2m > [22m[2mIntegration & Edge Cases[2m > [22m[2mshould handle concurrent join requests[22m[39m
Group found: Private Baking Group
Join request added to pending list
Join request added to pending list
Join request added to pending list

 [32mΓ£ף[39m tests/routes/groups.test.js[2m > [22mGroups Routes - Unit Tests[2m > [22mIntegration & Edge Cases[2m > [22mshould handle concurrent join requests[33m 416[2mms[22m[39m
[90mstdout[2m | tests/routes/groups.test.js[2m > [22m[2mGroups Routes - Unit Tests[2m > [22m[2mIntegration & Edge Cases[2m > [22m[2mshould maintain data integrity during operations[22m[39m
group.creatorId: 68fe33b7985631f2a088a10a
userId: 68fe33b7985631f2a088a10e
group.members before: [
  {
    userId: [32m'68fe33b7985631f2a088a10a'[39m,
    role: [32m'admin'[39m,
    joinedAt: [35m2025-10-26T14:44:08.044Z[39m,
    _id: new ObjectId([32m'68fe33b8985631f2a088a111'[39m)
  },
  {
    userId: [32m'68fe33b7985631f2a088a10c'[39m,
    role: [32m'member'[39m,
    joinedAt: [35m2025-10-26T14:44:08.048Z[39m,
    _id: new ObjectId([32m'68fe33b8985631f2a088a116'[39m)
  },
  {
    userId: [32m'68fe33b7985631f2a088a10e'[39m,
    role: [32m'member'[39m,
    joinedAt: [35m2025-10-26T14:44:08.048Z[39m,
    _id: new ObjectId([32m'68fe33b8985631f2a088a117'[39m)
  }
]

 [32mΓ£ף[39m tests/routes/groups.test.js[2m > [22mGroups Routes - Unit Tests[2m > [22mIntegration & Edge Cases[2m > [22mshould maintain data integrity during operations
[90mstdout[2m | tests/routes/groups.test.js[2m > [22m[2mGroups Routes - Unit Tests[2m > [22m[2mIntegration & Edge Cases[2m > [22m[2mshould handle very long group names[22m[39m
=== Create Group Debug ===
MongoDB connected: [33mtrue[39m
Group data received: {
  name: [32m'AAAAAAAAAAAAAAAAAAAAAAAAAAAAAAAAAAAAAAAAAAAAAAAAAAAAAAAAAAAAAAAAAAAAAAAAAAAAAAAAAAAAAAAAAAAAAAAAAAAA'[39m,
  creatorId: [32m'68fe33b8985631f2a088a124'[39m
}

[90mstdout[2m | tests/routes/groups.test.js[2m > [22m[2mGroups Routes - Unit Tests[2m > [22m[2mIntegration & Edge Cases[2m > [22m[2mshould handle very long group names[22m[39m
Group created successfully: new ObjectId([32m'68fe33b8985631f2a088a130'[39m)

 [32mΓ£ף[39m tests/routes/groups.test.js[2m > [22mGroups Routes - Unit Tests[2m > [22mIntegration & Edge Cases[2m > [22mshould handle very long group names
[90mstdout[2m | tests/routes/groups.test.js[2m > [22m[2mGroups Routes - Unit Tests[2m > [22m[2mIntegration & Edge Cases[2m > [22m[2mshould handle cancel and rejoin flow[22m[39m
Join group request: 68fe33b8985631f2a088a140

[90mstdout[2m | tests/routes/groups.test.js[2m > [22m[2mGroups Routes - Unit Tests[2m > [22m[2mIntegration & Edge Cases[2m > [22m[2mshould handle cancel and rejoin flow[22m[39m
Group found: Private Baking Group

[90mstdout[2m | tests/routes/groups.test.js[2m > [22m[2mGroups Routes - Unit Tests[2m > [22m[2mIntegration & Edge Cases[2m > [22m[2mshould handle cancel and rejoin flow[22m[39m
Join request added to pending list

[90mstdout[2m | tests/routes/groups.test.js[2m > [22m[2mGroups Routes - Unit Tests[2m > [22m[2mIntegration & Edge Cases[2m > [22m[2mshould handle cancel and rejoin flow[22m[39m
Canceling join request for group: 68fe33b8985631f2a088a140
Group found: Private Baking Group

[90mstdout[2m | tests/routes/groups.test.js[2m > [22m[2mGroups Routes - Unit Tests[2m > [22m[2mIntegration & Edge Cases[2m > [22m[2mshould handle cancel and rejoin flow[22m[39m
Join request canceled successfully

[90mstdout[2m | tests/routes/groups.test.js[2m > [22m[2mGroups Routes - Unit Tests[2m > [22m[2mIntegration & Edge Cases[2m > [22m[2mshould handle cancel and rejoin flow[22m[39m
Join group request: 68fe33b8985631f2a088a140

[90mstdout[2m | tests/routes/groups.test.js[2m > [22m[2mGroups Routes - Unit Tests[2m > [22m[2mIntegration & Edge Cases[2m > [22m[2mshould handle cancel and rejoin flow[22m[39m
Group found: Private Baking Group

[90mstdout[2m | tests/routes/groups.test.js[2m > [22m[2mGroups Routes - Unit Tests[2m > [22m[2mIntegration & Edge Cases[2m > [22m[2mshould handle cancel and rejoin flow[22m[39m
Join request added to pending list

 [32mΓ£ף[39m tests/routes/groups.test.js[2m > [22mGroups Routes - Unit Tests[2m > [22mIntegration & Edge Cases[2m > [22mshould handle cancel and rejoin flow
[90mstdout[2m | tests/routes/groups.test.js[2m > [22m[2mGroups Routes - Unit Tests[2m > [22m[2mIntegration & Edge Cases[2m > [22m[2mshould handle settings changes correctly[22m[39m
Updating group: 68fe33b8985631f2a088a158
Updated by: 68fe33b8985631f2a088a152
Request body: {
  isPrivate: [32m'true'[39m,
  requireApproval: [32m'true'[39m,
  updatedBy: [32m'68fe33b8985631f2a088a152'[39m
}
Group found: Public Cooking Group
Permission check: {
  isCreator: [33mtrue[39m,
  isAdmin: [33mtrue[39m,
  creatorId: [32m'68fe33b8985631f2a088a152'[39m,
  updatedBy: [32m'68fe33b8985631f2a088a152'[39m
}
Permission granted

[90mstdout[2m | tests/routes/groups.test.js[2m > [22m[2mGroups Routes - Unit Tests[2m > [22m[2mIntegration & Edge Cases[2m > [22m[2mshould handle settings changes correctly[22m[39m
Group updated successfully

[90mstdout[2m | tests/routes/groups.test.js[2m > [22m[2mGroups Routes - Unit Tests[2m > [22m[2mIntegration & Edge Cases[2m > [22m[2mshould handle settings changes correctly[22m[39m
Join group request: 68fe33b8985631f2a088a158
Group found: Public Cooking Group

[90mstdout[2m | tests/routes/groups.test.js[2m > [22m[2mGroups Routes - Unit Tests[2m > [22m[2mIntegration & Edge Cases[2m > [22m[2mshould handle settings changes correctly[22m[39m
Join request added to pending list

 [32mΓ£ף[39m tests/routes/groups.test.js[2m > [22mGroups Routes - Unit Tests[2m > [22mIntegration & Edge Cases[2m > [22mshould handle settings changes correctly
[90mstdout[2m | tests/routes/groups.test.js[2m > [22m[2mGroups Routes - Unit Tests[2m > [22m[2mIntegration & Edge Cases[2m > [22m[2mshould properly enrich all group data[22m[39m
Get single group request: 68fe33b8985631f2a088a16e
Group found: Public Cooking Group

[90mstdout[2m | tests/routes/groups.test.js[2m > [22m[2mGroups Routes - Unit Tests[2m > [22m[2mIntegration & Edge Cases[2m > [22m[2mshould properly enrich all group data[22m[39m
Processing pending requests: [33m1[39m
Fetching user details for request: 68fe33b8985631f2a088a16c
Found user for request: Charlie Brown
Pending requests details processed: { totalRequests: [33m1[39m, usersFound: [33m1[39m, unknownUsers: [33m0[39m }
Group enriched successfully: {
  name: [32m'Public Cooking Group'[39m,
  membersCount: [33m2[39m,
  postsCount: [33m1[39m,
  pendingRequestsCount: [33m1[39m,
  pendingRequestsWithDetails: [33m1[39m
}

 [32mΓ£ף[39m tests/routes/groups.test.js[2m > [22mGroups Routes - Unit Tests[2m > [22mIntegration & Edge Cases[2m > [22mshould properly enrich all group data
[90mstdout[2m | tests/routes/groups.test.js[2m > [22m[2mGroups Routes - Unit Tests[2m > [22m[2mIntegration & Edge Cases[2m > [22m[2mshould handle member leaving and rejoining[22m[39m
Join group request: 68fe33b9985631f2a088a18b

[90mstdout[2m | tests/routes/groupChats.test.js[2m > [22m[2mGroup Chats Routes - Unit Tests[2m > [22m[2mIntegration & Edge Cases[2m > [22m[2mshould handle large group chat[22m[39m
=== Creating Group Chat ===
Creating group chat: Large Group with [33m20[39m participants

[90mstdout[2m | tests/routes/groups.test.js[2m > [22m[2mGroups Routes - Unit Tests[2m > [22m[2mIntegration & Edge Cases[2m > [22m[2mshould handle member leaving and rejoining[22m[39m
Group found: Public Cooking Group

[90mstdout[2m | tests/routes/groups.test.js[2m > [22m[2mGroups Routes - Unit Tests[2m > [22m[2mIntegration & Edge Cases[2m > [22m[2mshould handle member leaving and rejoining[22m[39m
User added directly to group (public group)

[90mstdout[2m | tests/routes/groups.test.js[2m > [22m[2mGroups Routes - Unit Tests[2m > [22m[2mIntegration & Edge Cases[2m > [22m[2mshould handle member leaving and rejoining[22m[39m
User leaving group

[90mstdout[2m | tests/routes/groups.test.js[2m > [22m[2mGroups Routes - Unit Tests[2m > [22m[2mIntegration & Edge Cases[2m > [22m[2mshould handle member leaving and rejoining[22m[39m
User left group successfully

[90mstdout[2m | tests/routes/groups.test.js[2m > [22m[2mGroups Routes - Unit Tests[2m > [22m[2mIntegration & Edge Cases[2m > [22m[2mshould handle member leaving and rejoining[22m[39m
Join group request: 68fe33b9985631f2a088a18b

[90mstdout[2m | tests/routes/groups.test.js[2m > [22m[2mGroups Routes - Unit Tests[2m > [22m[2mIntegration & Edge Cases[2m > [22m[2mshould handle member leaving and rejoining[22m[39m
Group found: Public Cooking Group

[90mstdout[2m | tests/routes/groups.test.js[2m > [22m[2mGroups Routes - Unit Tests[2m > [22m[2mIntegration & Edge Cases[2m > [22m[2mshould handle member leaving and rejoining[22m[39m
User added directly to group (public group)

[90mstdout[2m | tests/routes/groupChats.test.js[2m > [22m[2mGroup Chats Routes - Unit Tests[2m > [22m[2mIntegration & Edge Cases[2m > [22m[2mshould handle large group chat[22m[39m
Group chat created successfully: new ObjectId([32m'68fe33b9369661bdc7c8b10c'[39m)

 [32mΓ£ף[39m tests/routes/groups.test.js[2m > [22mGroups Routes - Unit Tests[2m > [22mIntegration & Edge Cases[2m > [22mshould handle member leaving and rejoining
 [32mΓ£ף[39m tests/routes/groupChats.test.js[2m > [22mGroup Chats Routes - Unit Tests[2m > [22mIntegration & Edge Cases[2m > [22mshould handle large group chat[33m 1660[2mms[22m[39m
[90mstdout[2m | tests/routes/groups.test.js[2m > [22m[2mGroups Routes - Unit Tests[2m > [22m[2mIntegration & Edge Cases[2m > [22m[2mshould handle group with no description[22m[39m
=== Create Group Debug ===
MongoDB connected: [33mtrue[39m
Group data received: {
  name: [32m'No Description Group'[39m,
  creatorId: [32m'68fe33b9985631f2a088a1a0'[39m,
  description: [32m''[39m
}

[90mstdout[2m | tests/routes/groups.test.js[2m > [22m[2mGroups Routes - Unit Tests[2m > [22m[2mIntegration & Edge Cases[2m > [22m[2mshould handle group with no description[22m[39m
Group created successfully: new ObjectId([32m'68fe33b9985631f2a088a1ac'[39m)

 [32mΓ£ף[39m tests/routes/groups.test.js[2m > [22mGroups Routes - Unit Tests[2m > [22mIntegration & Edge Cases[2m > [22mshould handle group with no description
[90mstdout[2m | tests/routes/groupChats.test.js[2m > [22m[2mGroup Chats Routes - Unit Tests[2m > [22m[2mIntegration & Edge Cases[2m > [22m[2mshould handle special characters in name[22m[39m
Updating group chat: 68fe33b9369661bdc7c8b149
Requested by: 68fe33b9369661bdc7c8b13e
Update fields: [ [32m'name'[39m ]

[90mstdout[2m | tests/routes/groupChats.test.js[2m > [22m[2mGroup Chats Routes - Unit Tests[2m > [22m[2mIntegration & Edge Cases[2m > [22m[2mshould handle special characters in name[22m[39m
User permissions: { isAdmin: [33mtrue[39m, participantRole: [32m'admin'[39m }
Name updated: ≡ƒמי Test Group ≡ƒע¼ <script>alert("xss")</script>

[90mstdout[2m | tests/routes/groupChats.test.js[2m > [22m[2mGroup Chats Routes - Unit Tests[2m > [22m[2mIntegration & Edge Cases[2m > [22m[2mshould handle special characters in name[22m[39m
Group chat saved successfully

[90mstdout[2m | tests/routes/groupChats.test.js[2m > [22m[2mGroup Chats Routes - Unit Tests[2m > [22m[2mIntegration & Edge Cases[2m > [22m[2mshould handle special characters in name[22m[39m
System message created
Group chat updated successfully: name changed from "Test Group Chat" to "≡ƒמי Test Group ≡ƒע¼ <script>alert("xss")</script>"

 [32mΓ£ף[39m tests/routes/groupChats.test.js[2m > [22mGroup Chats Routes - Unit Tests[2m > [22mIntegration & Edge Cases[2m > [22mshould handle special characters in name
[90mstdout[2m | tests/routes/groups.test.js[2m > [22m[2mGroups Routes - Unit Tests[2m > [22m[2mIntegration & Edge Cases[2m > [22m[2mshould handle multiple admins correctly[22m[39m
Updating group: 68fe33b9985631f2a088a1b9
Updated by: 68fe33b9985631f2a088a1b3
Request body: {
  description: [32m'Updated by admin 1'[39m,
  updatedBy: [32m'68fe33b9985631f2a088a1b3'[39m
}

[90mstdout[2m | tests/routes/groups.test.js[2m > [22m[2mGroups Routes - Unit Tests[2m > [22m[2mIntegration & Edge Cases[2m > [22m[2mshould handle multiple admins correctly[22m[39m
Group found: Public Cooking Group
Permission check: {
  isCreator: [33mtrue[39m,
  isAdmin: [33mtrue[39m,
  creatorId: [32m'68fe33b9985631f2a088a1b3'[39m,
  updatedBy: [32m'68fe33b9985631f2a088a1b3'[39m
}
Permission granted
Group updated successfully

[90mstdout[2m | tests/routes/groups.test.js[2m > [22m[2mGroups Routes - Unit Tests[2m > [22m[2mIntegration & Edge Cases[2m > [22m[2mshould handle multiple admins correctly[22m[39m
Updating group: 68fe33b9985631f2a088a1b9
Updated by: 68fe33b9985631f2a088a1b5
Request body: {
  description: [32m'Updated by admin 2'[39m,
  updatedBy: [32m'68fe33b9985631f2a088a1b5'[39m
}

[90mstdout[2m | tests/routes/groups.test.js[2m > [22m[2mGroups Routes - Unit Tests[2m > [22m[2mIntegration & Edge Cases[2m > [22m[2mshould handle multiple admins correctly[22m[39m
Group found: Public Cooking Group
Permission check: {
  isCreator: [33mfalse[39m,
  isAdmin: [33mtrue[39m,
  creatorId: [32m'68fe33b9985631f2a088a1b3'[39m,
  updatedBy: [32m'68fe33b9985631f2a088a1b5'[39m
}
Permission granted
Group updated successfully

[90mstdout[2m | tests/routes/groups.test.js[2m > [22m[2mGroups Routes - Unit Tests[2m > [22m[2mIntegration & Edge Cases[2m > [22m[2mshould handle multiple admins correctly[22m[39m
Updating group: 68fe33b9985631f2a088a1b9
Updated by: 68fe33b9985631f2a088a1b7
Request body: {
  description: [32m'Unauthorized update'[39m,
  updatedBy: [32m'68fe33b9985631f2a088a1b7'[39m
}
Group found: Public Cooking Group
Permission check: {
  isCreator: [33mfalse[39m,
  isAdmin: [33mfalse[39m,
  creatorId: [32m'68fe33b9985631f2a088a1b3'[39m,
  updatedBy: [32m'68fe33b9985631f2a088a1b7'[39m
}
Permission denied

 [32mΓ£ף[39m tests/routes/groups.test.js[2m > [22mGroups Routes - Unit Tests[2m > [22mIntegration & Edge Cases[2m > [22mshould handle multiple admins correctly
[90mstdout[2m | tests/routes/groupChats.test.js[2m > [22m[2mGroup Chats Routes - Unit Tests[2m > [22m[2mIntegration & Edge Cases[2m > [22m[2mshould handle very long messages[22m[39m
Sending message to group chat 68fe33b9369661bdc7c8b167 from Alice Johnson

[90mstdout[2m | tests/routes/groupChats.test.js[2m > [22m[2mGroup Chats Routes - Unit Tests[2m > [22m[2mIntegration & Edge Cases[2m > [22m[2mshould handle very long messages[22m[39m
Message sent successfully to group chat: new ObjectId([32m'68fe33b9369661bdc7c8b170'[39m)

 [32mΓ£ף[39m tests/routes/groupChats.test.js[2m > [22mGroup Chats Routes - Unit Tests[2m > [22mIntegration & Edge Cases[2m > [22mshould handle very long messages
[90mstdout[2m | tests/routes/groups.test.js[2m > [22m[2mGroups Routes - Unit Tests[2m > [22m[2mIntegration & Edge Cases[2m > [22m[2mshould handle empty pending requests list[22m[39m
Get single group request: 68fe33b9985631f2a088a1d9

[90mstdout[2m | tests/routes/groups.test.js[2m > [22m[2mGroups Routes - Unit Tests[2m > [22m[2mIntegration & Edge Cases[2m > [22m[2mshould handle empty pending requests list[22m[39m
Group found: Public Cooking Group

[90mstdout[2m | tests/routes/groups.test.js[2m > [22m[2mGroups Routes - Unit Tests[2m > [22m[2mIntegration & Edge Cases[2m > [22m[2mshould handle empty pending requests list[22m[39m
Processing pending requests: [33m0[39m
Pending requests details processed: { totalRequests: [33m0[39m, usersFound: [33m0[39m, unknownUsers: [33m0[39m }
Group enriched successfully: {
  name: [32m'Public Cooking Group'[39m,
  membersCount: [33m1[39m,
  postsCount: [33m0[39m,
  pendingRequestsCount: [33m0[39m,
  pendingRequestsWithDetails: [33m0[39m
}

 [32mΓ£ף[39m tests/routes/groups.test.js[2m > [22mGroups Routes - Unit Tests[2m > [22mIntegration & Edge Cases[2m > [22mshould handle empty pending requests list
[90mstdout[2m | tests/routes/groups.test.js[22m[39m
Test DB disconnected

[90mstdout[2m | tests/routes/groupChats.test.js[2m > [22m[2mGroup Chats Routes - Unit Tests[2m > [22m[2mIntegration & Edge Cases[2m > [22m[2mshould maintain unread counts per user[22m[39m
Sending message to group chat 68fe33ba369661bdc7c8b183 from Alice Johnson

[90mstdout[2m | tests/routes/groupChats.test.js[2m > [22m[2mGroup Chats Routes - Unit Tests[2m > [22m[2mIntegration & Edge Cases[2m > [22m[2mshould maintain unread counts per user[22m[39m
Message sent successfully to group chat: new ObjectId([32m'68fe33ba369661bdc7c8b18c'[39m)

[90mstdout[2m | tests/routes/groupChats.test.js[2m > [22m[2mGroup Chats Routes - Unit Tests[2m > [22m[2mIntegration & Edge Cases[2m > [22m[2mshould maintain unread counts per user[22m[39m
Sending message to group chat 68fe33ba369661bdc7c8b183 from Alice Johnson

[90mstdout[2m | tests/routes/groupChats.test.js[2m > [22m[2mGroup Chats Routes - Unit Tests[2m > [22m[2mIntegration & Edge Cases[2m > [22m[2mshould maintain unread counts per user[22m[39m
Message sent successfully to group chat: new ObjectId([32m'68fe33ba369661bdc7c8b194'[39m)

[90mstdout[2m | tests/routes/groupChats.test.js[2m > [22m[2mGroup Chats Routes - Unit Tests[2m > [22m[2mIntegration & Edge Cases[2m > [22m[2mshould maintain unread counts per user[22m[39m
Sending message to group chat 68fe33ba369661bdc7c8b183 from Alice Johnson

[90mstdout[2m | tests/routes/groupChats.test.js[2m > [22m[2mGroup Chats Routes - Unit Tests[2m > [22m[2mIntegration & Edge Cases[2m > [22m[2mshould maintain unread counts per user[22m[39m
Message sent successfully to group chat: new ObjectId([32m'68fe33ba369661bdc7c8b19c'[39m)

 [32mΓ£ף[39m tests/routes/groupChats.test.js[2m > [22mGroup Chats Routes - Unit Tests[2m > [22mIntegration & Edge Cases[2m > [22mshould maintain unread counts per user[33m 312[2mms[22m[39m
[90mstdout[2m | tests/routes/groupChats.test.js[2m > [22m[2mGroup Chats Routes - Unit Tests[2m > [22m[2mIntegration & Edge Cases[2m > [22m[2mshould handle update with multiple fields[22m[39m
Updating group chat: 68fe33ba369661bdc7c8b1b3
Requested by: 68fe33ba369661bdc7c8b1a8
Update fields: [ [32m'name'[39m, [32m'description'[39m, [32m'allowNameChange'[39m ]

[90mstdout[2m | tests/routes/groupChats.test.js[2m > [22m[2mGroup Chats Routes - Unit Tests[2m > [22m[2mIntegration & Edge Cases[2m > [22m[2mshould handle update with multiple fields[22m[39m
User permissions: { isAdmin: [33mtrue[39m, participantRole: [32m'admin'[39m }
Name updated: Multi Update
Description updated
allowNameChange updated: [33mfalse[39m

[90mstdout[2m | tests/routes/groupChats.test.js[2m > [22m[2mGroup Chats Routes - Unit Tests[2m > [22m[2mIntegration & Edge Cases[2m > [22m[2mshould handle update with multiple fields[22m[39m
Group chat saved successfully

[90mstdout[2m | tests/routes/groupChats.test.js[2m > [22m[2mGroup Chats Routes - Unit Tests[2m > [22m[2mIntegration & Edge Cases[2m > [22m[2mshould handle update with multiple fields[22m[39m
System message created
Group chat updated successfully: name changed from "Test Group Chat" to "Multi Update", description updated, member name editing disabled

 [32mΓ£ף[39m tests/routes/groupChats.test.js[2m > [22mGroup Chats Routes - Unit Tests[2m > [22mIntegration & Edge Cases[2m > [22mshould handle update with multiple fields
[90mstdout[2m | tests/routes/groupChats.test.js[2m > [22m[2mGroup Chats Routes - Unit Tests[2m > [22m[2mIntegration & Edge Cases[2m > [22m[2mshould handle pagination across multiple pages[22m[39m
Fetching messages for group chat 68fe33ba369661bdc7c8b1d1, page 1

[90mstdout[2m | tests/routes/groupChats.test.js[2m > [22m[2mGroup Chats Routes - Unit Tests[2m > [22m[2mIntegration & Edge Cases[2m > [22m[2mshould handle pagination across multiple pages[22m[39m
Found 10 messages

[90mstdout[2m | tests/routes/groupChats.test.js[2m > [22m[2mGroup Chats Routes - Unit Tests[2m > [22m[2mIntegration & Edge Cases[2m > [22m[2mshould handle pagination across multiple pages[22m[39m
Fetching messages for group chat 68fe33ba369661bdc7c8b1d1, page 2

[90mstdout[2m | tests/routes/groupChats.test.js[2m > [22m[2mGroup Chats Routes - Unit Tests[2m > [22m[2mIntegration & Edge Cases[2m > [22m[2mshould handle pagination across multiple pages[22m[39m
Found 10 messages

 [32mΓ£ף[39m tests/routes/groupChats.test.js[2m > [22mGroup Chats Routes - Unit Tests[2m > [22mIntegration & Edge Cases[2m > [22mshould handle pagination across multiple pages
[90mstdout[2m | tests/routes/groupChats.test.js[22m[39m
Test DB disconnected


[31mΓמ»Γמ»Γמ»Γמ»Γמ»Γמ»[1m[7m Unhandled Errors [27m[22mΓמ»Γמ»Γמ»Γמ»Γמ»Γמ»[39m
[31m[1m
Vitest caught 4 unhandled errors during the test run.
This might cause false positive tests. Resolve unhandled errors to make sure your tests are not affected.[22m[39m

[31mΓמ»Γמ»Γמ»Γמ»[1m[7m Unhandled Rejection 
[27m[22mΓמ»Γמ»Γמ»Γמ»Γמ»[39m
[31m[1mError[22m: DB Error[39m
[36m [2mΓ¥»[22m Function.<anonymous> 
tests/routes/chats.test.js:[2m267:24[22m[39m
    [90m265| [39m      [35mconst[39m consoleErrorSpy [33m=[39m 
vi[33m.[39m[34mspyOn[39m(console[33m,[39m 
[32m'error'[39m)[33m.[39m[34mmockImplement[39mΓאª
    [90m266| [39m      [35mconst[39m mockFind [33m=[39m 
vi[33m.[39m[34mspyOn[39m([33mPrivateChat[39m[33m,[39m 
[32m'find'[39m)[33m.[39m[34mmockImplementatio[39mΓאª
    [90m267| [39m        
[33mPromise[39m[33m.[39m[34mreject[39m([35mnew[39m 
[33mError[39m([32m'DB Error'[39m))
    [90m   | [39m                       [31m^[39m
    [90m268| [39m      )[33m;[39m
    [90m269| [39m
[90m [2mΓ¥»[22m Function.mockCall 
node_modules/@vitest/spy/dist/index.js:[2m50:17[22m[39m
[90m [2mΓ¥»[22m Function.find 
node_modules/tinyspy/dist/index.js:[2m42:80[22m[39m
[90m [2mΓ¥»[22m src/routes/chats.js:[2m85:37[22m[39m
[90m [2mΓ¥»[22m Layer.handleRequest 
node_modules/router/lib/layer.js:[2m152:17[22m[39m
[90m [2mΓ¥»[22m next 
node_modules/router/lib/route.js:[2m157:13[22m[39m
[90m [2mΓ¥»[22m Route.dispatch 
node_modules/router/lib/route.js:[2m117:3[22m[39m
[90m [2mΓ¥»[22m handle 
node_modules/router/index.js:[2m435:11[22m[39m
[90m [2mΓ¥»[22m Layer.handleRequest 
node_modules/router/lib/layer.js:[2m152:17[22m[39m
[90m [2mΓ¥»[22m node_modules/router/index.js:[2m295:15[22m[39m

[31mThis error originated in "[1mtests/routes/chats.test.js[22m" 
test file. It doesn't mean the error was thrown inside the file 
itself, but while it was running.[39m
[31mThe latest test that might've caused the error is "[1mshould 
return 500 on database error[22m". It might mean one of the 
following:
- The error was thrown, while Vitest was running this test.
- If the error occurred after the test had been completed, this was 
the last documented test before it was thrown.[39m

[31mΓמ»Γמ»Γמ»Γמ»[1m[7m Unhandled Rejection 
[27m[22mΓמ»Γמ»Γמ»Γמ»Γמ»[39m
[31m[1mError[22m: DB Error[39m
[36m [2mΓ¥»[22m Function.<anonymous> 
tests/routes/groupChats.test.js:[2m338:24[22m[39m
    [90m336| [39m      [35mconst[39m consoleErrorSpy [33m=[39m 
vi[33m.[39m[34mspyOn[39m(console[33m,[39m 
[32m'error'[39m)[33m.[39m[34mmockImplement[39mΓאª
    [90m337| [39m      [35mconst[39m mockFind [33m=[39m 
vi[33m.[39m[34mspyOn[39m([33mGroupChat[39m[33m,[39m 
[32m'find'[39m)[33m.[39m[34mmockImplementation[39m(Γאª
    [90m338| [39m        
[33mPromise[39m[33m.[39m[34mreject[39m([35mnew[39m 
[33mError[39m([32m'DB Error'[39m))
    [90m   | [39m                       [31m^[39m
    [90m339| [39m      )[33m;[39m
    [90m340| [39m
[90m [2mΓ¥»[22m Function.mockCall 
node_modules/@vitest/spy/dist/index.js:[2m50:17[22m[39m
[90m [2mΓ¥»[22m Function.find 
node_modules/tinyspy/dist/index.js:[2m42:80[22m[39m
[90m [2mΓ¥»[22m src/routes/groupChats.js:[2m111:40[22m[39m
[90m [2mΓ¥»[22m Layer.handleRequest 
node_modules/router/lib/layer.js:[2m152:17[22m[39m
[90m [2mΓ¥»[22m next 
node_modules/router/lib/route.js:[2m157:13[22m[39m
[90m [2mΓ¥»[22m Route.dispatch 
node_modules/router/lib/route.js:[2m117:3[22m[39m
[90m [2mΓ¥»[22m handle 
node_modules/router/index.js:[2m435:11[22m[39m
[90m [2mΓ¥»[22m Layer.handleRequest 
node_modules/router/lib/layer.js:[2m152:17[22m[39m
[90m [2mΓ¥»[22m node_modules/router/index.js:[2m295:15[22m[39m

[31mThis error originated in 
"[1mtests/routes/groupChats.test.js[22m" test file. It doesn't mean 
the error was thrown inside the file itself, but while it was 
running.[39m
[31mThe latest test that might've caused the error is "[1mshould 
return 500 on database error[22m". It might mean one of the 
following:
- The error was thrown, while Vitest was running this test.
- If the error occurred after the test had been completed, this was 
the last documented test before it was thrown.[39m

[31mΓמ»Γמ»Γמ»Γמ»[1m[7m Unhandled Rejection 
[27m[22mΓמ»Γמ»Γמ»Γמ»Γמ»[39m
[31m[1mError[22m: DB Error[39m
[36m [2mΓ¥»[22m Function.<anonymous> 
tests/routes/feed.test.js:[2m629:24[22m[39m
    [90m627| [39m      [35mconst[39m consoleErrorSpy [33m=[39m 
vi[33m.[39m[34mspyOn[39m(console[33m,[39m 
[32m'error'[39m)[33m.[39m[34mmockImplement[39mΓאª
    [90m628| [39m      [35mconst[39m mockFind [33m=[39m 
vi[33m.[39m[34mspyOn[39m([33mGroup[39m[33m,[39m 
[32m'find'[39m)[33m.[39m[34mmockImplementation[39m(() 
[33m=[39mΓאª
    [90m629| [39m        
[33mPromise[39m[33m.[39m[34mreject[39m([35mnew[39m 
[33mError[39m([32m'DB Error'[39m))
    [90m   | [39m                       [31m^[39m
    [90m630| [39m      )[33m;[39m
    [90m631| [39m
[90m [2mΓ¥»[22m Function.mockCall 
node_modules/@vitest/spy/dist/index.js:[2m50:17[22m[39m
[90m [2mΓ¥»[22m Function.find 
node_modules/tinyspy/dist/index.js:[2m42:80[22m[39m
[90m [2mΓ¥»[22m src/routes/feed.js:[2m213:32[22m[39m
[90m [2mΓ¥»[22m Layer.handleRequest 
node_modules/router/lib/layer.js:[2m152:17[22m[39m
[90m [2mΓ¥»[22m next 
node_modules/router/lib/route.js:[2m157:13[22m[39m
[90m [2mΓ¥»[22m Route.dispatch 
node_modules/router/lib/route.js:[2m117:3[22m[39m
[90m [2mΓ¥»[22m handle 
node_modules/router/index.js:[2m435:11[22m[39m
[90m [2mΓ¥»[22m Layer.handleRequest 
node_modules/router/lib/layer.js:[2m152:17[22m[39m
[90m [2mΓ¥»[22m node_modules/router/index.js:[2m295:15[22m[39m

[31mThis error originated in "[1mtests/routes/feed.test.js[22m" 
test file. It doesn't mean the error was thrown inside the file 
itself, but while it was running.[39m
[31mThe latest test that might've caused the error is "[1mshould 
return 500 on database error[22m". It might mean one of the 
following:
- The error was thrown, while Vitest was running this test.
- If the error occurred after the test had been completed, this was 
the last documented test before it was thrown.[39m

[31mΓמ»Γמ»Γמ»Γמ»[1m[7m Unhandled Rejection 
[27m[22mΓמ»Γמ»Γמ»Γמ»Γמ»[39m
[31m[1mError[22m: DB Error[39m
[36m [2mΓ¥»[22m Function.<anonymous> 
tests/routes/users.test.js:[2m867:24[22m[39m
    [90m865| [39m      [35mconst[39m consoleErrorSpy [33m=[39m 
vi[33m.[39m[34mspyOn[39m(console[33m,[39m 
[32m'error'[39m)[33m.[39m[34mmockImplement[39mΓאª
    [90m866| [39m      [35mconst[39m mockFind [33m=[39m 
vi[33m.[39m[34mspyOn[39m([33mUser[39m[33m,[39m 
[32m'find'[39m)[33m.[39m[34mmockImplementation[39m(() 
[33m=>[39m 
    [90m867| [39m        
[33mPromise[39m[33m.[39m[34mreject[39m([35mnew[39m 
[33mError[39m([32m'DB Error'[39m))
    [90m   | [39m                       [31m^[39m
    [90m868| [39m      )[33m;[39m
    [90m869| [39m
[90m [2mΓ¥»[22m Function.mockCall 
node_modules/@vitest/spy/dist/index.js:[2m50:17[22m[39m
[90m [2mΓ¥»[22m Function.find 
node_modules/tinyspy/dist/index.js:[2m42:80[22m[39m
[90m [2mΓ¥»[22m src/routes/users.js:[2m489:30[22m[39m
[90m [2mΓ¥»[22m Layer.handleRequest 
node_modules/router/lib/layer.js:[2m152:17[22m[39m
[90m [2mΓ¥»[22m next 
node_modules/router/lib/route.js:[2m157:13[22m[39m
[90m [2mΓ¥»[22m Route.dispatch 
node_modules/router/lib/route.js:[2m117:3[22m[39m
[90m [2mΓ¥»[22m handle 
node_modules/router/index.js:[2m435:11[22m[39m
[90m [2mΓ¥»[22m Layer.handleRequest 
node_modules/router/lib/layer.js:[2m152:17[22m[39m
[90m [2mΓ¥»[22m node_modules/router/index.js:[2m295:15[22m[39m

[31mThis error originated in "[1mtests/routes/users.test.js[22m" 
test file. It doesn't mean the error was thrown inside the file 
itself, but while it was running.[39m
[31mThe latest test that might've caused the error is "[1mshould 
return 500 on database error[22m". It might mean one of the 
following:
- The error was thrown, while Vitest was running this test.
- If the error occurred after the test had been completed, this was 
the last documented test before it was thrown.[39m

[31mΓמ»Γמ»Γמ»Γמ»Γמ»Γמ»Γמ»Γמ»Γמ»Γמ»Γמ»Γמ»Γמ»Γמ»Γמ»Γמ»Γמ»Γמ»Γמ»Γמ»Γמ»Γמ»Γמ»Γמ»Γמ»Γמ»Γמ»Γמ»Γמ»Γמ»[39m
[2m Test Files [22m [1m[32m10 passed[39m[22m[90m (10)[39m
[2m      Tests [22m [1m[32m610 passed[39m[22m[90m (610)[39m
[2m     Errors [22m [1m[31m4 errors[39m[22m
[2m   Start at [22m 16:43:31
[2m   Duration [22m 39.63s[2m (transform 614ms, setup 12.83s, collect 6.36s, tests 210.88s, environment 3ms, prepare 4.79s)[22m

